<?xml version="1.0" encoding="ISO-8859-1" ?>
<link_info>
   <banner>TI ARM Clang Linker PC v3.2.1.LTS</banner>
   <copyright>Copyright (c) 1996-2018 Texas Instruments Incorporated</copyright>
   <link_time>0x66af974a</link_time>
   <link_errors>0x0</link_errors>
   <output_file>C:\Users\ajnel\CodeComposer_workspace_V12.6\gpiointerrupt_CC3220S_LAUNCHXL_nortos_ticlang\MCU+Image\gpiointerrupt_CC3220S_LAUNCHXL_nortos_ticlang.out</output_file>
   <entry_point>
      <name>resetISR</name>
      <address>0x2000fc69</address>
   </entry_point>
   <input_file_list>
      <input_file id="fl-1">
         <path>C:\Users\ajnel\CodeComposer_workspace_V12.6\gpiointerrupt_CC3220S_LAUNCHXL_nortos_ticlang\MCU+Image\.\</path>
         <kind>object</kind>
         <file>gpiointerrupt.o</file>
         <name>gpiointerrupt.o</name>
      </input_file>
      <input_file id="fl-2">
         <path>C:\Users\ajnel\CodeComposer_workspace_V12.6\gpiointerrupt_CC3220S_LAUNCHXL_nortos_ticlang\MCU+Image\.\syscfg\</path>
         <kind>object</kind>
         <file>ti_drivers_config.o</file>
         <name>ti_drivers_config.o</name>
      </input_file>
      <input_file id="fl-3">
         <path>C:\Users\ajnel\CodeComposer_workspace_V12.6\gpiointerrupt_CC3220S_LAUNCHXL_nortos_ticlang\MCU+Image\.\</path>
         <kind>object</kind>
         <file>main_nortos.o</file>
         <name>main_nortos.o</name>
      </input_file>
      <input_file id="fl-13">
         <path>C:\Users\ajnel\CodeComposer_workspace_V12.6\gpiointerrupt_CC3220S_LAUNCHXL_nortos_ticlang\MCU+Image\</path>
         <kind>object</kind>
         <file>&lt;internal&gt;</file>
         <name>&lt;internal&gt;</name>
      </input_file>
      <input_file id="fl-14">
         <path>C:\ti\simplelink_cc32xx_sdk_7_10_00_13\source\ti\drivers\lib\ticlang\m4\</path>
         <kind>archive</kind>
         <file>drivers_cc32xx.a</file>
         <name>GPIO.c.obj</name>
      </input_file>
      <input_file id="fl-15">
         <path>C:\ti\simplelink_cc32xx_sdk_7_10_00_13\source\ti\drivers\lib\ticlang\m4\</path>
         <kind>archive</kind>
         <file>drivers_cc32xx.a</file>
         <name>GPIOCC32XX.c.obj</name>
      </input_file>
      <input_file id="fl-16">
         <path>C:\ti\simplelink_cc32xx_sdk_7_10_00_13\source\ti\drivers\lib\ticlang\m4\</path>
         <kind>archive</kind>
         <file>drivers_cc32xx.a</file>
         <name>PowerCC32XX.c.obj</name>
      </input_file>
      <input_file id="fl-17">
         <path>C:\ti\simplelink_cc32xx_sdk_7_10_00_13\source\ti\drivers\lib\ticlang\m4\</path>
         <kind>archive</kind>
         <file>drivers_cc32xx.a</file>
         <name>PowerCC32XX_ticlang.asm.obj</name>
      </input_file>
      <input_file id="fl-18">
         <path>C:\ti\simplelink_cc32xx_sdk_7_10_00_13\source\ti\drivers\lib\ticlang\m4\</path>
         <kind>archive</kind>
         <file>drivers_cc32xx.a</file>
         <name>Timer.c.obj</name>
      </input_file>
      <input_file id="fl-19">
         <path>C:\ti\simplelink_cc32xx_sdk_7_10_00_13\source\ti\drivers\lib\ticlang\m4\</path>
         <kind>archive</kind>
         <file>drivers_cc32xx.a</file>
         <name>TimerCC32XX.c.obj</name>
      </input_file>
      <input_file id="fl-1a">
         <path>C:\ti\simplelink_cc32xx_sdk_7_10_00_13\source\ti\drivers\lib\ticlang\m4\</path>
         <kind>archive</kind>
         <file>drivers_cc32xx.a</file>
         <name>List.c.obj</name>
      </input_file>
      <input_file id="fl-1b">
         <path>C:\ti\simplelink_cc32xx_sdk_7_10_00_13\kernel\nortos\lib\ticlang\m4\</path>
         <kind>archive</kind>
         <file>nortos_cc32xx.a</file>
         <name>NoRTOS.c.obj</name>
      </input_file>
      <input_file id="fl-1c">
         <path>C:\ti\simplelink_cc32xx_sdk_7_10_00_13\kernel\nortos\lib\ticlang\m4\</path>
         <kind>archive</kind>
         <file>nortos_cc32xx.a</file>
         <name>SemaphoreP_nortos.c.obj</name>
      </input_file>
      <input_file id="fl-1d">
         <path>C:\ti\simplelink_cc32xx_sdk_7_10_00_13\kernel\nortos\lib\ticlang\m4\</path>
         <kind>archive</kind>
         <file>nortos_cc32xx.a</file>
         <name>ClockPSysTick_nortos.c.obj</name>
      </input_file>
      <input_file id="fl-1e">
         <path>C:\ti\simplelink_cc32xx_sdk_7_10_00_13\kernel\nortos\lib\ticlang\m4\</path>
         <kind>archive</kind>
         <file>nortos_cc32xx.a</file>
         <name>HwiPCC32XX_nortos.c.obj</name>
      </input_file>
      <input_file id="fl-1f">
         <path>C:\ti\simplelink_cc32xx_sdk_7_10_00_13\kernel\nortos\lib\ticlang\m4\</path>
         <kind>archive</kind>
         <file>nortos_cc32xx.a</file>
         <name>PowerCC32XX_nortos.c.obj</name>
      </input_file>
      <input_file id="fl-20">
         <path>C:\ti\simplelink_cc32xx_sdk_7_10_00_13\kernel\nortos\lib\ticlang\m4\</path>
         <kind>archive</kind>
         <file>nortos_cc32xx.a</file>
         <name>startup_cc32xx_ticlang.c.obj</name>
      </input_file>
      <input_file id="fl-21">
         <path>C:\ti\simplelink_cc32xx_sdk_7_10_00_13\kernel\nortos\lib\ticlang\m4\</path>
         <kind>archive</kind>
         <file>nortos_cc32xx.a</file>
         <name>SwiP_nortos.c.obj</name>
      </input_file>
      <input_file id="fl-22">
         <path>C:\ti\simplelink_cc32xx_sdk_7_10_00_13\source\ti\devices\cc32xx\driverlib\ticlang\Release\</path>
         <kind>archive</kind>
         <file>driverlib.a</file>
         <name>cpu.obj</name>
      </input_file>
      <input_file id="fl-23">
         <path>C:\ti\simplelink_cc32xx_sdk_7_10_00_13\source\ti\devices\cc32xx\driverlib\ticlang\Release\</path>
         <kind>archive</kind>
         <file>driverlib.a</file>
         <name>gpio.obj</name>
      </input_file>
      <input_file id="fl-24">
         <path>C:\ti\simplelink_cc32xx_sdk_7_10_00_13\source\ti\devices\cc32xx\driverlib\ticlang\Release\</path>
         <kind>archive</kind>
         <file>driverlib.a</file>
         <name>hwspinlock.obj</name>
      </input_file>
      <input_file id="fl-25">
         <path>C:\ti\simplelink_cc32xx_sdk_7_10_00_13\source\ti\devices\cc32xx\driverlib\ticlang\Release\</path>
         <kind>archive</kind>
         <file>driverlib.a</file>
         <name>interrupt.obj</name>
      </input_file>
      <input_file id="fl-26">
         <path>C:\ti\simplelink_cc32xx_sdk_7_10_00_13\source\ti\devices\cc32xx\driverlib\ticlang\Release\</path>
         <kind>archive</kind>
         <file>driverlib.a</file>
         <name>pin.obj</name>
      </input_file>
      <input_file id="fl-27">
         <path>C:\ti\simplelink_cc32xx_sdk_7_10_00_13\source\ti\devices\cc32xx\driverlib\ticlang\Release\</path>
         <kind>archive</kind>
         <file>driverlib.a</file>
         <name>prcm.obj</name>
      </input_file>
      <input_file id="fl-28">
         <path>C:\ti\simplelink_cc32xx_sdk_7_10_00_13\source\ti\devices\cc32xx\driverlib\ticlang\Release\</path>
         <kind>archive</kind>
         <file>driverlib.a</file>
         <name>spi.obj</name>
      </input_file>
      <input_file id="fl-29">
         <path>C:\ti\simplelink_cc32xx_sdk_7_10_00_13\source\ti\devices\cc32xx\driverlib\ticlang\Release\</path>
         <kind>archive</kind>
         <file>driverlib.a</file>
         <name>systick.obj</name>
      </input_file>
      <input_file id="fl-2a">
         <path>C:\ti\simplelink_cc32xx_sdk_7_10_00_13\source\ti\devices\cc32xx\driverlib\ticlang\Release\</path>
         <kind>archive</kind>
         <file>driverlib.a</file>
         <name>timer.obj</name>
      </input_file>
      <input_file id="fl-2b">
         <path>C:\ti\simplelink_cc32xx_sdk_7_10_00_13\source\ti\devices\cc32xx\driverlib\ticlang\Release\</path>
         <kind>archive</kind>
         <file>driverlib.a</file>
         <name>utils.obj</name>
      </input_file>
      <input_file id="fl-2c">
         <path>C:\ti\simplelink_cc32xx_sdk_7_10_00_13\source\ti\devices\cc32xx\driverlib\ticlang\Release\</path>
         <kind>archive</kind>
         <file>driverlib.a</file>
         <name>flash.obj</name>
      </input_file>
      <input_file id="fl-3b">
         <path>C:\ti\ccs1260\ccs\tools\compiler\ti-cgt-armllvm_3.2.1.LTS\lib\armv7em-ti-none-eabi\c\</path>
         <kind>archive</kind>
         <file>libc.a</file>
         <name>printf.c.obj</name>
      </input_file>
      <input_file id="fl-3c">
         <path>C:\ti\ccs1260\ccs\tools\compiler\ti-cgt-armllvm_3.2.1.LTS\lib\armv7em-ti-none-eabi\c\</path>
         <kind>archive</kind>
         <file>libc.a</file>
         <name>_printfi.c.obj</name>
      </input_file>
      <input_file id="fl-3d">
         <path>C:\ti\ccs1260\ccs\tools\compiler\ti-cgt-armllvm_3.2.1.LTS\lib\armv7em-ti-none-eabi\c\</path>
         <kind>archive</kind>
         <file>libc.a</file>
         <name>fputc.c.obj</name>
      </input_file>
      <input_file id="fl-3e">
         <path>C:\ti\ccs1260\ccs\tools\compiler\ti-cgt-armllvm_3.2.1.LTS\lib\armv7em-ti-none-eabi\c\</path>
         <kind>archive</kind>
         <file>libc.a</file>
         <name>fputs.c.obj</name>
      </input_file>
      <input_file id="fl-3f">
         <path>C:\ti\ccs1260\ccs\tools\compiler\ti-cgt-armllvm_3.2.1.LTS\lib\armv7em-ti-none-eabi\c\</path>
         <kind>archive</kind>
         <file>libc.a</file>
         <name>_io_perm.c.obj</name>
      </input_file>
      <input_file id="fl-40">
         <path>C:\ti\ccs1260\ccs\tools\compiler\ti-cgt-armllvm_3.2.1.LTS\lib\armv7em-ti-none-eabi\c\</path>
         <kind>archive</kind>
         <file>libc.a</file>
         <name>setvbuf.c.obj</name>
      </input_file>
      <input_file id="fl-41">
         <path>C:\ti\ccs1260\ccs\tools\compiler\ti-cgt-armllvm_3.2.1.LTS\lib\armv7em-ti-none-eabi\c\</path>
         <kind>archive</kind>
         <file>libc.a</file>
         <name>s_frexp.c.obj</name>
      </input_file>
      <input_file id="fl-42">
         <path>C:\ti\ccs1260\ccs\tools\compiler\ti-cgt-armllvm_3.2.1.LTS\lib\armv7em-ti-none-eabi\c\</path>
         <kind>archive</kind>
         <file>libc.a</file>
         <name>s_scalbn.c.obj</name>
      </input_file>
      <input_file id="fl-43">
         <path>C:\ti\ccs1260\ccs\tools\compiler\ti-cgt-armllvm_3.2.1.LTS\lib\armv7em-ti-none-eabi\c\</path>
         <kind>archive</kind>
         <file>libc.a</file>
         <name>aeabi_portable.c.obj</name>
      </input_file>
      <input_file id="fl-44">
         <path>C:\ti\ccs1260\ccs\tools\compiler\ti-cgt-armllvm_3.2.1.LTS\lib\armv7em-ti-none-eabi\c\</path>
         <kind>archive</kind>
         <file>libc.a</file>
         <name>exit.c.obj</name>
      </input_file>
      <input_file id="fl-45">
         <path>C:\ti\ccs1260\ccs\tools\compiler\ti-cgt-armllvm_3.2.1.LTS\lib\armv7em-ti-none-eabi\c\</path>
         <kind>archive</kind>
         <file>libc.a</file>
         <name>_lock.c.obj</name>
      </input_file>
      <input_file id="fl-46">
         <path>C:\ti\ccs1260\ccs\tools\compiler\ti-cgt-armllvm_3.2.1.LTS\lib\armv7em-ti-none-eabi\c\</path>
         <kind>archive</kind>
         <file>libc.a</file>
         <name>_ltoa.c.obj</name>
      </input_file>
      <input_file id="fl-47">
         <path>C:\ti\ccs1260\ccs\tools\compiler\ti-cgt-armllvm_3.2.1.LTS\lib\armv7em-ti-none-eabi\c\</path>
         <kind>archive</kind>
         <file>libc.a</file>
         <name>assert.c.obj</name>
      </input_file>
      <input_file id="fl-48">
         <path>C:\ti\ccs1260\ccs\tools\compiler\ti-cgt-armllvm_3.2.1.LTS\lib\armv7em-ti-none-eabi\c\</path>
         <kind>archive</kind>
         <file>libc.a</file>
         <name>atoi.c.obj</name>
      </input_file>
      <input_file id="fl-49">
         <path>C:\ti\ccs1260\ccs\tools\compiler\ti-cgt-armllvm_3.2.1.LTS\lib\armv7em-ti-none-eabi\c\</path>
         <kind>archive</kind>
         <file>libc.a</file>
         <name>defs.c.obj</name>
      </input_file>
      <input_file id="fl-4a">
         <path>C:\ti\ccs1260\ccs\tools\compiler\ti-cgt-armllvm_3.2.1.LTS\lib\armv7em-ti-none-eabi\c\</path>
         <kind>archive</kind>
         <file>libc.a</file>
         <name>memccpy.c.obj</name>
      </input_file>
      <input_file id="fl-4b">
         <path>C:\ti\ccs1260\ccs\tools\compiler\ti-cgt-armllvm_3.2.1.LTS\lib\armv7em-ti-none-eabi\c\</path>
         <kind>archive</kind>
         <file>libc.a</file>
         <name>memory.c.obj</name>
      </input_file>
      <input_file id="fl-4c">
         <path>C:\ti\ccs1260\ccs\tools\compiler\ti-cgt-armllvm_3.2.1.LTS\lib\armv7em-ti-none-eabi\c\</path>
         <kind>archive</kind>
         <file>libc.a</file>
         <name>copy_zero_init.c.obj</name>
      </input_file>
      <input_file id="fl-4d">
         <path>C:\ti\ccs1260\ccs\tools\compiler\ti-cgt-armllvm_3.2.1.LTS\lib\armv7em-ti-none-eabi\c\</path>
         <kind>archive</kind>
         <file>libc.a</file>
         <name>copy_decompress_none.c.obj</name>
      </input_file>
      <input_file id="fl-4e">
         <path>C:\ti\ccs1260\ccs\tools\compiler\ti-cgt-armllvm_3.2.1.LTS\lib\armv7em-ti-none-eabi\c\</path>
         <kind>archive</kind>
         <file>libc.a</file>
         <name>copy_decompress_lzss.c.obj</name>
      </input_file>
      <input_file id="fl-4f">
         <path>C:\ti\ccs1260\ccs\tools\compiler\ti-cgt-armllvm_3.2.1.LTS\lib\armv7em-ti-none-eabi\c\</path>
         <kind>archive</kind>
         <file>libc.a</file>
         <name>boot_cortex_m.c.obj</name>
      </input_file>
      <input_file id="fl-50">
         <path>C:\ti\ccs1260\ccs\tools\compiler\ti-cgt-armllvm_3.2.1.LTS\lib\armv7em-ti-none-eabi\c\</path>
         <kind>archive</kind>
         <file>libc.a</file>
         <name>mathacl_init.c.obj</name>
      </input_file>
      <input_file id="fl-51">
         <path>C:\ti\ccs1260\ccs\tools\compiler\ti-cgt-armllvm_3.2.1.LTS\lib\armv7em-ti-none-eabi\c\</path>
         <kind>archive</kind>
         <file>libc.a</file>
         <name>wcslen.c.obj</name>
      </input_file>
      <input_file id="fl-52">
         <path>C:\ti\ccs1260\ccs\tools\compiler\ti-cgt-armllvm_3.2.1.LTS\lib\armv7em-ti-none-eabi\c\</path>
         <kind>archive</kind>
         <file>libc.a</file>
         <name>sprintf.c.obj</name>
      </input_file>
      <input_file id="fl-53">
         <path>C:\ti\ccs1260\ccs\tools\compiler\ti-cgt-armllvm_3.2.1.LTS\lib\armv7em-ti-none-eabi\c\</path>
         <kind>archive</kind>
         <file>libc.a</file>
         <name>fflush.c.obj</name>
      </input_file>
      <input_file id="fl-54">
         <path>C:\ti\ccs1260\ccs\tools\compiler\ti-cgt-armllvm_3.2.1.LTS\lib\armv7em-ti-none-eabi\c\</path>
         <kind>archive</kind>
         <file>libc.a</file>
         <name>fopen.c.obj</name>
      </input_file>
      <input_file id="fl-55">
         <path>C:\ti\ccs1260\ccs\tools\compiler\ti-cgt-armllvm_3.2.1.LTS\lib\armv7em-ti-none-eabi\c\</path>
         <kind>archive</kind>
         <file>libc.a</file>
         <name>fseek.c.obj</name>
      </input_file>
      <input_file id="fl-56">
         <path>C:\ti\ccs1260\ccs\tools\compiler\ti-cgt-armllvm_3.2.1.LTS\lib\armv7em-ti-none-eabi\c\</path>
         <kind>archive</kind>
         <file>libc.a</file>
         <name>aeabi_ctype.S.obj</name>
      </input_file>
      <input_file id="fl-57">
         <path>C:\ti\ccs1260\ccs\tools\compiler\ti-cgt-armllvm_3.2.1.LTS\lib\armv7em-ti-none-eabi\c\</path>
         <kind>archive</kind>
         <file>libc.a</file>
         <name>args_main.c.obj</name>
      </input_file>
      <input_file id="fl-58">
         <path>C:\ti\ccs1260\ccs\tools\compiler\ti-cgt-armllvm_3.2.1.LTS\lib\armv7em-ti-none-eabi\c\</path>
         <kind>archive</kind>
         <file>libc.a</file>
         <name>autoinit.c.obj</name>
      </input_file>
      <input_file id="fl-59">
         <path>C:\ti\ccs1260\ccs\tools\compiler\ti-cgt-armllvm_3.2.1.LTS\lib\armv7em-ti-none-eabi\c\</path>
         <kind>archive</kind>
         <file>libc.a</file>
         <name>pre_init.c.obj</name>
      </input_file>
      <input_file id="fl-5a">
         <path>C:\ti\ccs1260\ccs\tools\compiler\ti-cgt-armllvm_3.2.1.LTS\lib\armv7em-ti-none-eabi\c\</path>
         <kind>archive</kind>
         <file>libc.a</file>
         <name>cpy_tbl.c.obj</name>
      </input_file>
      <input_file id="fl-5b">
         <path>C:\ti\ccs1260\ccs\tools\compiler\ti-cgt-armllvm_3.2.1.LTS\lib\armv7em-ti-none-eabi\c\</path>
         <kind>archive</kind>
         <file>libc.a</file>
         <name>fclose.c.obj</name>
      </input_file>
      <input_file id="fl-c1">
         <path>C:\ti\ccs1260\ccs\tools\compiler\ti-cgt-armllvm_3.2.1.LTS\lib\armv7em-ti-none-eabi\c\</path>
         <kind>archive</kind>
         <file>libsysbm.a</file>
         <name>write.c.obj</name>
      </input_file>
      <input_file id="fl-c2">
         <path>C:\ti\ccs1260\ccs\tools\compiler\ti-cgt-armllvm_3.2.1.LTS\lib\armv7em-ti-none-eabi\c\</path>
         <kind>archive</kind>
         <file>libsysbm.a</file>
         <name>host_device.c.obj</name>
      </input_file>
      <input_file id="fl-c3">
         <path>C:\ti\ccs1260\ccs\tools\compiler\ti-cgt-armllvm_3.2.1.LTS\lib\armv7em-ti-none-eabi\c\</path>
         <kind>archive</kind>
         <file>libsysbm.a</file>
         <name>remove.c.obj</name>
      </input_file>
      <input_file id="fl-c4">
         <path>C:\ti\ccs1260\ccs\tools\compiler\ti-cgt-armllvm_3.2.1.LTS\lib\armv7em-ti-none-eabi\c\</path>
         <kind>archive</kind>
         <file>libsysbm.a</file>
         <name>open.c.obj</name>
      </input_file>
      <input_file id="fl-c5">
         <path>C:\ti\ccs1260\ccs\tools\compiler\ti-cgt-armllvm_3.2.1.LTS\lib\armv7em-ti-none-eabi\c\</path>
         <kind>archive</kind>
         <file>libsysbm.a</file>
         <name>lseek.c.obj</name>
      </input_file>
      <input_file id="fl-c6">
         <path>C:\ti\ccs1260\ccs\tools\compiler\ti-cgt-armllvm_3.2.1.LTS\lib\armv7em-ti-none-eabi\c\</path>
         <kind>archive</kind>
         <file>libsysbm.a</file>
         <name>close.c.obj</name>
      </input_file>
      <input_file id="fl-c7">
         <path>C:\ti\ccs1260\ccs\tools\compiler\ti-cgt-armllvm_3.2.1.LTS\lib\armv7em-ti-none-eabi\c\</path>
         <kind>archive</kind>
         <file>libsysbm.a</file>
         <name>unlink.c.obj</name>
      </input_file>
      <input_file id="fl-c8">
         <path>C:\ti\ccs1260\ccs\tools\compiler\ti-cgt-armllvm_3.2.1.LTS\lib\armv7em-ti-none-eabi\c\</path>
         <kind>archive</kind>
         <file>libsysbm.a</file>
         <name>hostclose.c.obj</name>
      </input_file>
      <input_file id="fl-c9">
         <path>C:\ti\ccs1260\ccs\tools\compiler\ti-cgt-armllvm_3.2.1.LTS\lib\armv7em-ti-none-eabi\c\</path>
         <kind>archive</kind>
         <file>libsysbm.a</file>
         <name>hostlseek.c.obj</name>
      </input_file>
      <input_file id="fl-ca">
         <path>C:\ti\ccs1260\ccs\tools\compiler\ti-cgt-armllvm_3.2.1.LTS\lib\armv7em-ti-none-eabi\c\</path>
         <kind>archive</kind>
         <file>libsysbm.a</file>
         <name>hostopen.c.obj</name>
      </input_file>
      <input_file id="fl-cb">
         <path>C:\ti\ccs1260\ccs\tools\compiler\ti-cgt-armllvm_3.2.1.LTS\lib\armv7em-ti-none-eabi\c\</path>
         <kind>archive</kind>
         <file>libsysbm.a</file>
         <name>hostread.c.obj</name>
      </input_file>
      <input_file id="fl-cc">
         <path>C:\ti\ccs1260\ccs\tools\compiler\ti-cgt-armllvm_3.2.1.LTS\lib\armv7em-ti-none-eabi\c\</path>
         <kind>archive</kind>
         <file>libsysbm.a</file>
         <name>hostrename.c.obj</name>
      </input_file>
      <input_file id="fl-cd">
         <path>C:\ti\ccs1260\ccs\tools\compiler\ti-cgt-armllvm_3.2.1.LTS\lib\armv7em-ti-none-eabi\c\</path>
         <kind>archive</kind>
         <file>libsysbm.a</file>
         <name>hostunlink.c.obj</name>
      </input_file>
      <input_file id="fl-ce">
         <path>C:\ti\ccs1260\ccs\tools\compiler\ti-cgt-armllvm_3.2.1.LTS\lib\armv7em-ti-none-eabi\c\</path>
         <kind>archive</kind>
         <file>libsysbm.a</file>
         <name>hostwrite.c.obj</name>
      </input_file>
      <input_file id="fl-cf">
         <path>C:\ti\ccs1260\ccs\tools\compiler\ti-cgt-armllvm_3.2.1.LTS\lib\armv7em-ti-none-eabi\c\</path>
         <kind>archive</kind>
         <file>libsysbm.a</file>
         <name>trgmsg.c.obj</name>
      </input_file>
      <input_file id="fl-d0">
         <path>C:\ti\ccs1260\ccs\tools\compiler\ti-cgt-armllvm_3.2.1.LTS\lib\clang\15.0.7\lib\armv7em-ti-none-eabi\</path>
         <kind>archive</kind>
         <file>libclang_rt.builtins.a</file>
         <name>adddf3.S.obj</name>
      </input_file>
      <input_file id="fl-d1">
         <path>C:\ti\ccs1260\ccs\tools\compiler\ti-cgt-armllvm_3.2.1.LTS\lib\clang\15.0.7\lib\armv7em-ti-none-eabi\</path>
         <kind>archive</kind>
         <file>libclang_rt.builtins.a</file>
         <name>muldf3.S.obj</name>
      </input_file>
      <input_file id="fl-d2">
         <path>C:\ti\ccs1260\ccs\tools\compiler\ti-cgt-armllvm_3.2.1.LTS\lib\clang\15.0.7\lib\armv7em-ti-none-eabi\</path>
         <kind>archive</kind>
         <file>libclang_rt.builtins.a</file>
         <name>divdf3.S.obj</name>
      </input_file>
      <input_file id="fl-d3">
         <path>C:\ti\ccs1260\ccs\tools\compiler\ti-cgt-armllvm_3.2.1.LTS\lib\clang\15.0.7\lib\armv7em-ti-none-eabi\</path>
         <kind>archive</kind>
         <file>libclang_rt.builtins.a</file>
         <name>fixdfsi.S.obj</name>
      </input_file>
      <input_file id="fl-d4">
         <path>C:\ti\ccs1260\ccs\tools\compiler\ti-cgt-armllvm_3.2.1.LTS\lib\clang\15.0.7\lib\armv7em-ti-none-eabi\</path>
         <kind>archive</kind>
         <file>libclang_rt.builtins.a</file>
         <name>floatsidf.S.obj</name>
      </input_file>
      <input_file id="fl-d5">
         <path>C:\ti\ccs1260\ccs\tools\compiler\ti-cgt-armllvm_3.2.1.LTS\lib\clang\15.0.7\lib\armv7em-ti-none-eabi\</path>
         <kind>archive</kind>
         <file>libclang_rt.builtins.a</file>
         <name>aeabi_dcmp.S.obj</name>
      </input_file>
      <input_file id="fl-d6">
         <path>C:\ti\ccs1260\ccs\tools\compiler\ti-cgt-armllvm_3.2.1.LTS\lib\clang\15.0.7\lib\armv7em-ti-none-eabi\</path>
         <kind>archive</kind>
         <file>libclang_rt.builtins.a</file>
         <name>aeabi_memcpy.S.obj</name>
      </input_file>
      <input_file id="fl-d7">
         <path>C:\ti\ccs1260\ccs\tools\compiler\ti-cgt-armllvm_3.2.1.LTS\lib\clang\15.0.7\lib\armv7em-ti-none-eabi\</path>
         <kind>archive</kind>
         <file>libclang_rt.builtins.a</file>
         <name>aeabi_memset.S.obj</name>
      </input_file>
      <input_file id="fl-d8">
         <path>C:\ti\ccs1260\ccs\tools\compiler\ti-cgt-armllvm_3.2.1.LTS\lib\clang\15.0.7\lib\armv7em-ti-none-eabi\</path>
         <kind>archive</kind>
         <file>libclang_rt.builtins.a</file>
         <name>aeabi_uldivmod.S.obj</name>
      </input_file>
      <input_file id="fl-d9">
         <path>C:\ti\ccs1260\ccs\tools\compiler\ti-cgt-armllvm_3.2.1.LTS\lib\clang\15.0.7\lib\armv7em-ti-none-eabi\</path>
         <kind>archive</kind>
         <file>libclang_rt.builtins.a</file>
         <name>udivmoddi4.S.obj</name>
      </input_file>
      <input_file id="fl-da">
         <path>C:\ti\ccs1260\ccs\tools\compiler\ti-cgt-armllvm_3.2.1.LTS\lib\clang\15.0.7\lib\armv7em-ti-none-eabi\</path>
         <kind>archive</kind>
         <file>libclang_rt.builtins.a</file>
         <name>comparedf2.c.obj</name>
      </input_file>
      <input_file id="fl-db">
         <path>C:\ti\ccs1260\ccs\tools\compiler\ti-cgt-armllvm_3.2.1.LTS\lib\clang\15.0.7\lib\armv7em-ti-none-eabi\</path>
         <kind>archive</kind>
         <file>libclang_rt.builtins.a</file>
         <name>aeabi_div0.c.obj</name>
      </input_file>
      <input_file id="fl-dc">
         <path>C:\ti\ccs1260\ccs\tools\compiler\ti-cgt-armllvm_3.2.1.LTS\lib\armv7em-ti-none-eabi\c\</path>
         <kind>archive</kind>
         <file>libc.a</file>
         <name>getdevice.c.obj</name>
      </input_file>
      <input_file id="fl-dd">
         <path>C:\ti\ccs1260\ccs\tools\compiler\ti-cgt-armllvm_3.2.1.LTS\lib\armv7em-ti-none-eabi\c\</path>
         <kind>archive</kind>
         <file>libc.a</file>
         <name>strcmp_t2.S.obj</name>
      </input_file>
      <input_file id="fl-de">
         <path>C:\ti\ccs1260\ccs\tools\compiler\ti-cgt-armllvm_3.2.1.LTS\lib\armv7em-ti-none-eabi\c\</path>
         <kind>archive</kind>
         <file>libc.a</file>
         <name>memcpy_t2.S.obj</name>
      </input_file>
      <input_file id="fl-df">
         <path>C:\ti\ccs1260\ccs\tools\compiler\ti-cgt-armllvm_3.2.1.LTS\lib\armv7em-ti-none-eabi\c\</path>
         <kind>archive</kind>
         <file>libc.a</file>
         <name>memset_t2.S.obj</name>
      </input_file>
   </input_file_list>
   <object_component_list>
      <object_component id="oc-d2">
         <name>.text.PRCMCC3200MCUInit</name>
         <load_address>0x2000c040</load_address>
         <readonly>true</readonly>
         <executable>true</executable>
         <run_address>0x2000c040</run_address>
         <size>0x4b8</size>
         <alignment>0x2</alignment>
         <input_file_ref idref="fl-27"/>
      </object_component>
      <object_component id="oc-1de">
         <name>.text.Power_sleep</name>
         <load_address>0x2000c4f8</load_address>
         <readonly>true</readonly>
         <executable>true</executable>
         <run_address>0x2000c4f8</run_address>
         <size>0x3e4</size>
         <alignment>0x4</alignment>
         <input_file_ref idref="fl-16"/>
      </object_component>
      <object_component id="oc-1e5">
         <name>.text.ClockP_doTick</name>
         <load_address>0x2000c8dc</load_address>
         <readonly>true</readonly>
         <executable>true</executable>
         <run_address>0x2000c8dc</run_address>
         <size>0x4</size>
         <alignment>0x2</alignment>
         <input_file_ref idref="fl-1d"/>
      </object_component>
      <object_component id="oc-37f">
         <name>.text:strcmp</name>
         <load_address>0x2000c8e0</load_address>
         <readonly>true</readonly>
         <executable>true</executable>
         <run_address>0x2000c8e0</run_address>
         <size>0x2dc</size>
         <alignment>0x20</alignment>
         <input_file_ref idref="fl-dd"/>
      </object_component>
      <object_component id="oc-260">
         <name>.text:__TI_printfi_minimal</name>
         <load_address>0x2000cbbc</load_address>
         <readonly>true</readonly>
         <executable>true</executable>
         <run_address>0x2000cbbc</run_address>
         <size>0x268</size>
         <alignment>0x4</alignment>
         <input_file_ref idref="fl-3c"/>
      </object_component>
      <object_component id="oc-17c">
         <name>.text.PowerCC32XX_sleepPolicy</name>
         <load_address>0x2000ce24</load_address>
         <readonly>true</readonly>
         <executable>true</executable>
         <run_address>0x2000ce24</run_address>
         <size>0x150</size>
         <alignment>0x4</alignment>
         <input_file_ref idref="fl-1f"/>
      </object_component>
      <object_component id="oc-13b">
         <name>.text.Timer_open</name>
         <load_address>0x2000cf74</load_address>
         <readonly>true</readonly>
         <executable>true</executable>
         <run_address>0x2000cf74</run_address>
         <size>0x148</size>
         <alignment>0x4</alignment>
         <input_file_ref idref="fl-19"/>
      </object_component>
      <object_component id="oc-f5">
         <name>.text.GPIO_setConfig</name>
         <load_address>0x2000d0bc</load_address>
         <readonly>true</readonly>
         <executable>true</executable>
         <run_address>0x2000d0bc</run_address>
         <size>0x140</size>
         <alignment>0x4</alignment>
         <input_file_ref idref="fl-15"/>
      </object_component>
      <object_component id="oc-21f">
         <name>.text.aligned_alloc</name>
         <load_address>0x2000d1fc</load_address>
         <readonly>true</readonly>
         <executable>true</executable>
         <run_address>0x2000d1fc</run_address>
         <size>0x120</size>
         <alignment>0x4</alignment>
         <input_file_ref idref="fl-4b"/>
      </object_component>
      <object_component id="oc-1a9">
         <name>.text.fputs</name>
         <load_address>0x2000d31c</load_address>
         <readonly>true</readonly>
         <executable>true</executable>
         <run_address>0x2000d31c</run_address>
         <size>0xf0</size>
         <alignment>0x4</alignment>
         <input_file_ref idref="fl-3e"/>
      </object_component>
      <object_component id="oc-183">
         <name>.text.free</name>
         <load_address>0x2000d40c</load_address>
         <readonly>true</readonly>
         <executable>true</executable>
         <run_address>0x2000d40c</run_address>
         <size>0xf0</size>
         <alignment>0x4</alignment>
         <input_file_ref idref="fl-4b"/>
      </object_component>
      <object_component id="oc-253">
         <name>.text.setvbuf</name>
         <load_address>0x2000d4fc</load_address>
         <readonly>true</readonly>
         <executable>true</executable>
         <run_address>0x2000d4fc</run_address>
         <size>0xd8</size>
         <alignment>0x4</alignment>
         <input_file_ref idref="fl-40"/>
      </object_component>
      <object_component id="oc-288">
         <name>.text.IntDisable</name>
         <load_address>0x2000d5d4</load_address>
         <readonly>true</readonly>
         <executable>true</executable>
         <run_address>0x2000d5d4</run_address>
         <size>0xc8</size>
         <alignment>0x2</alignment>
         <input_file_ref idref="fl-25"/>
      </object_component>
      <object_component id="oc-222">
         <name>.text.IntEnable</name>
         <load_address>0x2000d69c</load_address>
         <readonly>true</readonly>
         <executable>true</executable>
         <run_address>0x2000d69c</run_address>
         <size>0xc8</size>
         <alignment>0x2</alignment>
         <input_file_ref idref="fl-25"/>
      </object_component>
      <object_component id="oc-148">
         <name>.text.timerCallback</name>
         <load_address>0x2000d764</load_address>
         <readonly>true</readonly>
         <executable>true</executable>
         <run_address>0x2000d764</run_address>
         <size>0xb0</size>
         <alignment>0x4</alignment>
         <input_file_ref idref="fl-1"/>
      </object_component>
      <object_component id="oc-22c">
         <name>.text</name>
         <load_address>0x2000d814</load_address>
         <readonly>true</readonly>
         <executable>true</executable>
         <run_address>0x2000d814</run_address>
         <size>0xb0</size>
         <alignment>0x4</alignment>
         <input_file_ref idref="fl-d9"/>
      </object_component>
      <object_component id="oc-1c3">
         <name>.text.GPIOIntTypeSet</name>
         <load_address>0x2000d8c4</load_address>
         <readonly>true</readonly>
         <executable>true</executable>
         <run_address>0x2000d8c4</run_address>
         <size>0xac</size>
         <alignment>0x2</alignment>
         <input_file_ref idref="fl-23"/>
      </object_component>
      <object_component id="oc-284">
         <name>.text.IntPendSet</name>
         <load_address>0x2000d970</load_address>
         <readonly>true</readonly>
         <executable>true</executable>
         <run_address>0x2000d970</run_address>
         <size>0xa4</size>
         <alignment>0x2</alignment>
         <input_file_ref idref="fl-25"/>
      </object_component>
      <object_component id="oc-156">
         <name>.text.PinConfigSet</name>
         <load_address>0x2000da14</load_address>
         <readonly>true</readonly>
         <executable>true</executable>
         <run_address>0x2000da14</run_address>
         <size>0xa2</size>
         <alignment>0x2</alignment>
         <input_file_ref idref="fl-26"/>
      </object_component>
      <object_component id="oc-e2">
         <name>.text.Board_initHook</name>
         <load_address>0x2000dab6</load_address>
         <readonly>true</readonly>
         <executable>true</executable>
         <run_address>0x2000dab6</run_address>
         <size>0x2</size>
         <alignment>0x2</alignment>
         <input_file_ref idref="fl-2"/>
      </object_component>
      <object_component id="oc-126">
         <name>.text.SemaphoreP_pend</name>
         <load_address>0x2000dab8</load_address>
         <readonly>true</readonly>
         <executable>true</executable>
         <run_address>0x2000dab8</run_address>
         <size>0x98</size>
         <alignment>0x4</alignment>
         <input_file_ref idref="fl-1c"/>
      </object_component>
      <object_component id="oc-239">
         <name>.text</name>
         <load_address>0x2000db50</load_address>
         <readonly>true</readonly>
         <executable>true</executable>
         <run_address>0x2000db50</run_address>
         <size>0x96</size>
         <alignment>0x10</alignment>
         <input_file_ref idref="fl-17"/>
      </object_component>
      <object_component id="oc-177">
         <name>.text.PowerCC32XX_initPolicy</name>
         <load_address>0x2000dbe6</load_address>
         <readonly>true</readonly>
         <executable>true</executable>
         <run_address>0x2000dbe6</run_address>
         <size>0x2</size>
         <alignment>0x2</alignment>
         <input_file_ref idref="fl-1f"/>
      </object_component>
      <object_component id="oc-dc">
         <name>.text.GPIO_init</name>
         <load_address>0x2000dbe8</load_address>
         <readonly>true</readonly>
         <executable>true</executable>
         <run_address>0x2000dbe8</run_address>
         <size>0x90</size>
         <alignment>0x4</alignment>
         <input_file_ref idref="fl-15"/>
      </object_component>
      <object_component id="oc-105">
         <name>.text.PRCMSysResetCauseGet</name>
         <load_address>0x2000dc78</load_address>
         <readonly>true</readonly>
         <executable>true</executable>
         <run_address>0x2000dc78</run_address>
         <size>0x8e</size>
         <alignment>0x2</alignment>
         <input_file_ref idref="fl-27"/>
      </object_component>
      <object_component id="oc-1f4">
         <name>.text.SemaphoreP_destruct</name>
         <load_address>0x2000dd06</load_address>
         <readonly>true</readonly>
         <executable>true</executable>
         <run_address>0x2000dd06</run_address>
         <size>0x2</size>
         <alignment>0x2</alignment>
         <input_file_ref idref="fl-1c"/>
      </object_component>
      <object_component id="oc-117">
         <name>.text.PowerCC32XX_configureWakeup</name>
         <load_address>0x2000dd08</load_address>
         <readonly>true</readonly>
         <executable>true</executable>
         <run_address>0x2000dd08</run_address>
         <size>0x88</size>
         <alignment>0x4</alignment>
         <input_file_ref idref="fl-16"/>
      </object_component>
      <object_component id="oc-268">
         <name>.text.fputc</name>
         <load_address>0x2000dd90</load_address>
         <readonly>true</readonly>
         <executable>true</executable>
         <run_address>0x2000dd90</run_address>
         <size>0x88</size>
         <alignment>0x4</alignment>
         <input_file_ref idref="fl-3d"/>
      </object_component>
      <object_component id="oc-d7">
         <name>.text.Power_init</name>
         <load_address>0x2000de18</load_address>
         <readonly>true</readonly>
         <executable>true</executable>
         <run_address>0x2000de18</run_address>
         <size>0x78</size>
         <alignment>0x4</alignment>
         <input_file_ref idref="fl-16"/>
      </object_component>
      <object_component id="oc-1c2">
         <name>.text.HwiP_construct</name>
         <load_address>0x2000de90</load_address>
         <readonly>true</readonly>
         <executable>true</executable>
         <run_address>0x2000de90</run_address>
         <size>0x74</size>
         <alignment>0x4</alignment>
         <input_file_ref idref="fl-1e"/>
      </object_component>
      <object_component id="oc-174">
         <name>.text.PRCMHibernateWakeUpGPIOSelect</name>
         <load_address>0x2000df04</load_address>
         <readonly>true</readonly>
         <executable>true</executable>
         <run_address>0x2000df04</run_address>
         <size>0x74</size>
         <alignment>0x2</alignment>
         <input_file_ref idref="fl-27"/>
      </object_component>
      <object_component id="oc-2c7">
         <name>.text.__TI_closefile</name>
         <load_address>0x2000df78</load_address>
         <readonly>true</readonly>
         <executable>true</executable>
         <run_address>0x2000df78</run_address>
         <size>0x74</size>
         <alignment>0x4</alignment>
         <input_file_ref idref="fl-5b"/>
      </object_component>
      <object_component id="oc-18">
         <name>.text:decompress:lzss</name>
         <load_address>0x2000dfec</load_address>
         <readonly>true</readonly>
         <executable>true</executable>
         <run_address>0x2000dfec</run_address>
         <size>0x70</size>
         <alignment>0x2</alignment>
         <input_file_ref idref="fl-4e"/>
      </object_component>
      <object_component id="oc-236">
         <name>.text.PinLockLevelSet</name>
         <load_address>0x2000e05c</load_address>
         <readonly>true</readonly>
         <executable>true</executable>
         <run_address>0x2000e05c</run_address>
         <size>0x6c</size>
         <alignment>0x2</alignment>
         <input_file_ref idref="fl-26"/>
      </object_component>
      <object_component id="oc-157">
         <name>.text.Power_setDependency</name>
         <load_address>0x2000e0c8</load_address>
         <readonly>true</readonly>
         <executable>true</executable>
         <run_address>0x2000e0c8</run_address>
         <size>0x6c</size>
         <alignment>0x4</alignment>
         <input_file_ref idref="fl-16"/>
      </object_component>
      <object_component id="oc-12d">
         <name>.text.powerNotifyFxn</name>
         <load_address>0x2000e134</load_address>
         <readonly>true</readonly>
         <executable>true</executable>
         <run_address>0x2000e134</run_address>
         <size>0x6c</size>
         <alignment>0x4</alignment>
         <input_file_ref idref="fl-15"/>
      </object_component>
      <object_component id="oc-26e">
         <name>.text.split</name>
         <load_address>0x2000e1a0</load_address>
         <readonly>true</readonly>
         <executable>true</executable>
         <run_address>0x2000e1a0</run_address>
         <size>0x6c</size>
         <alignment>0x4</alignment>
         <input_file_ref idref="fl-4b"/>
      </object_component>
      <object_component id="oc-10d">
         <name>.text.PRCMPeripheralReset</name>
         <load_address>0x2000e20c</load_address>
         <readonly>true</readonly>
         <executable>true</executable>
         <run_address>0x2000e20c</run_address>
         <size>0x6a</size>
         <alignment>0x2</alignment>
         <input_file_ref idref="fl-27"/>
      </object_component>
      <object_component id="oc-249">
         <name>.text.IntPendClear</name>
         <load_address>0x2000e276</load_address>
         <readonly>true</readonly>
         <executable>true</executable>
         <run_address>0x2000e276</run_address>
         <size>0x68</size>
         <alignment>0x2</alignment>
         <input_file_ref idref="fl-25"/>
      </object_component>
      <object_component id="oc-134">
         <name>.text.Timer_init</name>
         <load_address>0x2000e2de</load_address>
         <readonly>true</readonly>
         <executable>true</executable>
         <run_address>0x2000e2de</run_address>
         <size>0x2</size>
         <alignment>0x2</alignment>
         <input_file_ref idref="fl-18"/>
      </object_component>
      <object_component id="oc-28a">
         <name>.text.fseeko</name>
         <load_address>0x2000e2e0</load_address>
         <readonly>true</readonly>
         <executable>true</executable>
         <run_address>0x2000e2e0</run_address>
         <size>0x68</size>
         <alignment>0x4</alignment>
         <input_file_ref idref="fl-55"/>
      </object_component>
      <object_component id="oc-373">
         <name>.text.getdevice</name>
         <load_address>0x2000e348</load_address>
         <readonly>true</readonly>
         <executable>true</executable>
         <run_address>0x2000e348</run_address>
         <size>0x68</size>
         <alignment>0x4</alignment>
         <input_file_ref idref="fl-dc"/>
      </object_component>
      <object_component id="oc-b0">
         <name>.text.mainThread</name>
         <load_address>0x2000e3b0</load_address>
         <readonly>true</readonly>
         <executable>true</executable>
         <run_address>0x2000e3b0</run_address>
         <size>0x68</size>
         <alignment>0x4</alignment>
         <input_file_ref idref="fl-1"/>
      </object_component>
      <object_component id="oc-2e8">
         <name>.text.HOSTrename</name>
         <load_address>0x2000e418</load_address>
         <readonly>true</readonly>
         <executable>true</executable>
         <run_address>0x2000e418</run_address>
         <size>0x64</size>
         <alignment>0x4</alignment>
         <input_file_ref idref="fl-cc"/>
      </object_component>
      <object_component id="oc-ee">
         <name>.text.GPIO_write</name>
         <load_address>0x2000e47c</load_address>
         <readonly>true</readonly>
         <executable>true</executable>
         <run_address>0x2000e47c</run_address>
         <size>0x60</size>
         <alignment>0x4</alignment>
         <input_file_ref idref="fl-15"/>
      </object_component>
      <object_component id="oc-204">
         <name>.text.__TI_wrt_ok</name>
         <load_address>0x2000e4dc</load_address>
         <readonly>true</readonly>
         <executable>true</executable>
         <run_address>0x2000e4dc</run_address>
         <size>0x60</size>
         <alignment>0x2</alignment>
         <input_file_ref idref="fl-3f"/>
      </object_component>
      <object_component id="oc-32e">
         <name>.text.close</name>
         <load_address>0x2000e53c</load_address>
         <readonly>true</readonly>
         <executable>true</executable>
         <run_address>0x2000e53c</run_address>
         <size>0x60</size>
         <alignment>0x4</alignment>
         <input_file_ref idref="fl-c6"/>
      </object_component>
      <object_component id="oc-1af">
         <name>.text.printf</name>
         <load_address>0x2000e59c</load_address>
         <readonly>true</readonly>
         <executable>true</executable>
         <run_address>0x2000e59c</run_address>
         <size>0x60</size>
         <alignment>0x4</alignment>
         <input_file_ref idref="fl-3b"/>
      </object_component>
      <object_component id="oc-27f">
         <name>.text.FlashDisable</name>
         <load_address>0x2000e5fc</load_address>
         <readonly>true</readonly>
         <executable>true</executable>
         <run_address>0x2000e5fc</run_address>
         <size>0x5c</size>
         <alignment>0x2</alignment>
         <input_file_ref idref="fl-2c"/>
      </object_component>
      <object_component id="oc-176">
         <name>.text.PRCMHibernateWakeupSourceDisable</name>
         <load_address>0x2000e658</load_address>
         <readonly>true</readonly>
         <executable>true</executable>
         <run_address>0x2000e658</run_address>
         <size>0x5c</size>
         <alignment>0x2</alignment>
         <input_file_ref idref="fl-27"/>
      </object_component>
      <object_component id="oc-19b">
         <name>.text.TimerCC32XX_allocateTimerResource</name>
         <load_address>0x2000e6b4</load_address>
         <readonly>true</readonly>
         <executable>true</executable>
         <run_address>0x2000e6b4</run_address>
         <size>0x5c</size>
         <alignment>0x4</alignment>
         <input_file_ref idref="fl-19"/>
      </object_component>
      <object_component id="oc-ed">
         <name>.text.initTimer</name>
         <load_address>0x2000e710</load_address>
         <readonly>true</readonly>
         <executable>true</executable>
         <run_address>0x2000e710</run_address>
         <size>0x5c</size>
         <alignment>0x4</alignment>
         <input_file_ref idref="fl-1"/>
      </object_component>
      <object_component id="oc-10c">
         <name>.text.PRCMPeripheralClkEnable</name>
         <load_address>0x2000e76c</load_address>
         <readonly>true</readonly>
         <executable>true</executable>
         <run_address>0x2000e76c</run_address>
         <size>0x5a</size>
         <alignment>0x2</alignment>
         <input_file_ref idref="fl-27"/>
      </object_component>
      <object_component id="oc-273">
         <name>.text.__aeabi_ldiv0</name>
         <load_address>0x2000e7c6</load_address>
         <readonly>true</readonly>
         <executable>true</executable>
         <run_address>0x2000e7c6</run_address>
         <size>0x2</size>
         <alignment>0x2</alignment>
         <input_file_ref idref="fl-db"/>
      </object_component>
      <object_component id="oc-22a">
         <name>.text.ClockP_startup</name>
         <load_address>0x2000e7c8</load_address>
         <readonly>true</readonly>
         <executable>true</executable>
         <run_address>0x2000e7c8</run_address>
         <size>0x58</size>
         <alignment>0x4</alignment>
         <input_file_ref idref="fl-1d"/>
      </object_component>
      <object_component id="oc-2e0">
         <name>.text.HOSTlseek</name>
         <load_address>0x2000e820</load_address>
         <readonly>true</readonly>
         <executable>true</executable>
         <run_address>0x2000e820</run_address>
         <size>0x58</size>
         <alignment>0x4</alignment>
         <input_file_ref idref="fl-c9"/>
      </object_component>
      <object_component id="oc-2d0">
         <name>.text.HOSTopen</name>
         <load_address>0x2000e878</load_address>
         <readonly>true</readonly>
         <executable>true</executable>
         <run_address>0x2000e878</run_address>
         <size>0x58</size>
         <alignment>0x4</alignment>
         <input_file_ref idref="fl-ca"/>
      </object_component>
      <object_component id="oc-221">
         <name>.text.IntPrioritySet</name>
         <load_address>0x2000e8d0</load_address>
         <readonly>true</readonly>
         <executable>true</executable>
         <run_address>0x2000e8d0</run_address>
         <size>0x58</size>
         <alignment>0x2</alignment>
         <input_file_ref idref="fl-25"/>
      </object_component>
      <object_component id="oc-243">
         <name>.text.PRCMLPDSEnter</name>
         <load_address>0x2000e928</load_address>
         <readonly>true</readonly>
         <executable>true</executable>
         <run_address>0x2000e928</run_address>
         <size>0x56</size>
         <alignment>0x2</alignment>
         <input_file_ref idref="fl-27"/>
      </object_component>
      <object_component id="oc-162">
         <name>.text._nop</name>
         <load_address>0x2000e97e</load_address>
         <readonly>true</readonly>
         <executable>true</executable>
         <run_address>0x2000e97e</run_address>
         <size>0x2</size>
         <alignment>0x2</alignment>
         <input_file_ref idref="fl-45"/>
      </object_component>
      <object_component id="oc-2d8">
         <name>.text.HOSTread</name>
         <load_address>0x2000e980</load_address>
         <readonly>true</readonly>
         <executable>true</executable>
         <run_address>0x2000e980</run_address>
         <size>0x54</size>
         <alignment>0x4</alignment>
         <input_file_ref idref="fl-cb"/>
      </object_component>
      <object_component id="oc-2dc">
         <name>.text.HOSTwrite</name>
         <load_address>0x2000e9d4</load_address>
         <readonly>true</readonly>
         <executable>true</executable>
         <run_address>0x2000e9d4</run_address>
         <size>0x54</size>
         <alignment>0x4</alignment>
         <input_file_ref idref="fl-ce"/>
      </object_component>
      <object_component id="oc-196">
         <name>.text.PowerCC32XX_setParkState</name>
         <load_address>0x2000ea28</load_address>
         <readonly>true</readonly>
         <executable>true</executable>
         <run_address>0x2000ea28</run_address>
         <size>0x54</size>
         <alignment>0x4</alignment>
         <input_file_ref idref="fl-16"/>
      </object_component>
      <object_component id="oc-24b">
         <name>.text.Power_releaseDependency</name>
         <load_address>0x2000ea7c</load_address>
         <readonly>true</readonly>
         <executable>true</executable>
         <run_address>0x2000ea7c</run_address>
         <size>0x54</size>
         <alignment>0x4</alignment>
         <input_file_ref idref="fl-16"/>
      </object_component>
      <object_component id="oc-15e">
         <name>.text.GPIO_hwiIntFxn</name>
         <load_address>0x2000ead0</load_address>
         <readonly>true</readonly>
         <executable>true</executable>
         <run_address>0x2000ead0</run_address>
         <size>0x50</size>
         <alignment>0x4</alignment>
         <input_file_ref idref="fl-15"/>
      </object_component>
      <object_component id="oc-175">
         <name>.text.PRCMHibernateWakeupSourceEnable</name>
         <load_address>0x2000eb20</load_address>
         <readonly>true</readonly>
         <executable>true</executable>
         <run_address>0x2000eb20</run_address>
         <size>0x50</size>
         <alignment>0x2</alignment>
         <input_file_ref idref="fl-27"/>
      </object_component>
      <object_component id="oc-1e7">
         <name>.text.SemaphoreP_construct</name>
         <load_address>0x2000eb70</load_address>
         <readonly>true</readonly>
         <executable>true</executable>
         <run_address>0x2000eb70</run_address>
         <size>0x50</size>
         <alignment>0x4</alignment>
         <input_file_ref idref="fl-1c"/>
      </object_component>
      <object_component id="oc-20e">
         <name>.text.__TI_doflush</name>
         <load_address>0x2000ebc0</load_address>
         <readonly>true</readonly>
         <executable>true</executable>
         <run_address>0x2000ebc0</run_address>
         <size>0x50</size>
         <alignment>0x2</alignment>
         <input_file_ref idref="fl-53"/>
      </object_component>
      <object_component id="oc-15b">
         <name>.text.GPIO_setInterruptConfig</name>
         <load_address>0x2000ec10</load_address>
         <readonly>true</readonly>
         <executable>true</executable>
         <run_address>0x2000ec10</run_address>
         <size>0x4c</size>
         <alignment>0x4</alignment>
         <input_file_ref idref="fl-15"/>
      </object_component>
      <object_component id="oc-27d">
         <name>.text.PRCMLPDSRestoreInfoSet</name>
         <load_address>0x2000ec5c</load_address>
         <readonly>true</readonly>
         <executable>true</executable>
         <run_address>0x2000ec5c</run_address>
         <size>0x4c</size>
         <alignment>0x2</alignment>
         <input_file_ref idref="fl-27"/>
      </object_component>
      <object_component id="oc-1a0">
         <name>.text.initHw</name>
         <load_address>0x2000eca8</load_address>
         <readonly>true</readonly>
         <executable>true</executable>
         <run_address>0x2000eca8</run_address>
         <size>0x4c</size>
         <alignment>0x2</alignment>
         <input_file_ref idref="fl-19"/>
      </object_component>
      <object_component id="oc-19f">
         <name>.text.getPrescaler</name>
         <load_address>0x2000ecf4</load_address>
         <readonly>true</readonly>
         <executable>true</executable>
         <run_address>0x2000ecf4</run_address>
         <size>0x4a</size>
         <alignment>0x2</alignment>
         <input_file_ref idref="fl-19"/>
      </object_component>
      <object_component id="oc-57">
         <name>.text.busFaultHandler</name>
         <load_address>0x2000ed3e</load_address>
         <readonly>true</readonly>
         <executable>true</executable>
         <run_address>0x2000ed3e</run_address>
         <size>0x2</size>
         <alignment>0x2</alignment>
         <input_file_ref idref="fl-20"/>
      </object_component>
      <object_component id="oc-58">
         <name>.text.ClockP_sysTickHandler</name>
         <load_address>0x2000ed40</load_address>
         <readonly>true</readonly>
         <executable>true</executable>
         <run_address>0x2000ed40</run_address>
         <size>0x48</size>
         <alignment>0x4</alignment>
         <input_file_ref idref="fl-1d"/>
      </object_component>
      <object_component id="oc-23d">
         <name>.text.PRCMIntEnable</name>
         <load_address>0x2000ed88</load_address>
         <readonly>true</readonly>
         <executable>true</executable>
         <run_address>0x2000ed88</run_address>
         <size>0x48</size>
         <alignment>0x2</alignment>
         <input_file_ref idref="fl-27"/>
      </object_component>
      <object_component id="oc-1c0">
         <name>.text.PRCMPeripheralStatusGet</name>
         <load_address>0x2000edd0</load_address>
         <readonly>true</readonly>
         <executable>true</executable>
         <run_address>0x2000edd0</run_address>
         <size>0x48</size>
         <alignment>0x2</alignment>
         <input_file_ref idref="fl-27"/>
      </object_component>
      <object_component id="oc-27a">
         <name>.text.PinConfigGet</name>
         <load_address>0x2000ee18</load_address>
         <readonly>true</readonly>
         <executable>true</executable>
         <run_address>0x2000ee18</run_address>
         <size>0x48</size>
         <alignment>0x2</alignment>
         <input_file_ref idref="fl-26"/>
      </object_component>
      <object_component id="oc-1b5">
         <name>.text.setLEDs</name>
         <load_address>0x2000ee60</load_address>
         <readonly>true</readonly>
         <executable>true</executable>
         <run_address>0x2000ee60</run_address>
         <size>0x48</size>
         <alignment>0x4</alignment>
         <input_file_ref idref="fl-1"/>
      </object_component>
      <object_component id="oc-242">
         <name>.text.PRCMLPDSEnterKeepDebugIf</name>
         <load_address>0x2000eea8</load_address>
         <readonly>true</readonly>
         <executable>true</executable>
         <run_address>0x2000eea8</run_address>
         <size>0x46</size>
         <alignment>0x2</alignment>
         <input_file_ref idref="fl-27"/>
      </object_component>
      <object_component id="oc-15a">
         <name>.text.GPIODirModeSet</name>
         <load_address>0x2000eeee</load_address>
         <readonly>true</readonly>
         <executable>true</executable>
         <run_address>0x2000eeee</run_address>
         <size>0x44</size>
         <alignment>0x2</alignment>
         <input_file_ref idref="fl-23"/>
      </object_component>
      <object_component id="oc-18a">
         <name>.text.clkFxn</name>
         <load_address>0x2000ef32</load_address>
         <readonly>true</readonly>
         <executable>true</executable>
         <run_address>0x2000ef32</run_address>
         <size>0x2</size>
         <alignment>0x2</alignment>
         <input_file_ref idref="fl-1c"/>
      </object_component>
      <object_component id="oc-1c4">
         <name>.text.GPIO_disableInt</name>
         <load_address>0x2000ef34</load_address>
         <readonly>true</readonly>
         <executable>true</executable>
         <run_address>0x2000ef34</run_address>
         <size>0x44</size>
         <alignment>0x4</alignment>
         <input_file_ref idref="fl-15"/>
      </object_component>
      <object_component id="oc-f4">
         <name>.text.GPIO_enableInt</name>
         <load_address>0x2000ef78</load_address>
         <readonly>true</readonly>
         <executable>true</executable>
         <run_address>0x2000ef78</run_address>
         <size>0x44</size>
         <alignment>0x4</alignment>
         <input_file_ref idref="fl-15"/>
      </object_component>
      <object_component id="oc-2e4">
         <name>.text.HOSTunlink</name>
         <load_address>0x2000efbc</load_address>
         <readonly>true</readonly>
         <executable>true</executable>
         <run_address>0x2000efbc</run_address>
         <size>0x44</size>
         <alignment>0x4</alignment>
         <input_file_ref idref="fl-cd"/>
      </object_component>
      <object_component id="oc-286">
         <name>.text.Power_releaseConstraint</name>
         <load_address>0x2000f000</load_address>
         <readonly>true</readonly>
         <executable>true</executable>
         <run_address>0x2000f000</run_address>
         <size>0x44</size>
         <alignment>0x4</alignment>
         <input_file_ref idref="fl-16"/>
      </object_component>
      <object_component id="oc-141">
         <name>.text.Timer_start</name>
         <load_address>0x2000f044</load_address>
         <readonly>true</readonly>
         <executable>true</executable>
         <run_address>0x2000f044</run_address>
         <size>0x44</size>
         <alignment>0x2</alignment>
         <input_file_ref idref="fl-18"/>
      </object_component>
      <object_component id="oc-7d">
         <name>.text.addToList</name>
         <load_address>0x2000f088</load_address>
         <readonly>true</readonly>
         <executable>true</executable>
         <run_address>0x2000f088</run_address>
         <size>0x44</size>
         <alignment>0x4</alignment>
         <input_file_ref idref="fl-1d"/>
      </object_component>
      <object_component id="oc-114">
         <name>.text.PinModeSet</name>
         <load_address>0x2000f0cc</load_address>
         <readonly>true</readonly>
         <executable>true</executable>
         <run_address>0x2000f0cc</run_address>
         <size>0x42</size>
         <alignment>0x2</alignment>
         <input_file_ref idref="fl-26"/>
      </object_component>
      <object_component id="oc-1fd">
         <name>.text.TimerControlStall</name>
         <load_address>0x2000f10e</load_address>
         <readonly>true</readonly>
         <executable>true</executable>
         <run_address>0x2000f10e</run_address>
         <size>0x42</size>
         <alignment>0x2</alignment>
         <input_file_ref idref="fl-2a"/>
      </object_component>
      <object_component id="oc-19e">
         <name>.text.Timer_close</name>
         <load_address>0x2000f150</load_address>
         <readonly>true</readonly>
         <executable>true</executable>
         <run_address>0x2000f150</run_address>
         <size>0x42</size>
         <alignment>0x2</alignment>
         <input_file_ref idref="fl-19"/>
      </object_component>
      <object_component id="oc-1d3">
         <name>.text.getCountsRTC</name>
         <load_address>0x2000f192</load_address>
         <readonly>true</readonly>
         <executable>true</executable>
         <run_address>0x2000f192</run_address>
         <size>0x42</size>
         <alignment>0x2</alignment>
         <input_file_ref idref="fl-1f"/>
      </object_component>
      <object_component id="oc-128">
         <name>.text.SemaphoreP_post</name>
         <load_address>0x2000f1d4</load_address>
         <readonly>true</readonly>
         <executable>true</executable>
         <run_address>0x2000f1d4</run_address>
         <size>0x40</size>
         <alignment>0x4</alignment>
         <input_file_ref idref="fl-1c"/>
      </object_component>
      <object_component id="oc-1f0">
         <name>.text.Timer_stop</name>
         <load_address>0x2000f214</load_address>
         <readonly>true</readonly>
         <executable>true</executable>
         <run_address>0x2000f214</run_address>
         <size>0x40</size>
         <alignment>0x2</alignment>
         <input_file_ref idref="fl-18"/>
      </object_component>
      <object_component id="oc-27c">
         <name>.text.PinDirModeSet</name>
         <load_address>0x2000f254</load_address>
         <readonly>true</readonly>
         <executable>true</executable>
         <run_address>0x2000f254</run_address>
         <size>0x3e</size>
         <alignment>0x2</alignment>
         <input_file_ref idref="fl-26"/>
      </object_component>
      <object_component id="oc-56">
         <name>.text.defaultHandler</name>
         <load_address>0x2000f292</load_address>
         <readonly>true</readonly>
         <executable>true</executable>
         <run_address>0x2000f292</run_address>
         <size>0x2</size>
         <alignment>0x2</alignment>
         <input_file_ref idref="fl-20"/>
      </object_component>
      <object_component id="oc-1eb">
         <name>.text.ClockP_stop</name>
         <load_address>0x2000f294</load_address>
         <readonly>true</readonly>
         <executable>true</executable>
         <run_address>0x2000f294</run_address>
         <size>0x3c</size>
         <alignment>0x4</alignment>
         <input_file_ref idref="fl-1d"/>
      </object_component>
      <object_component id="oc-2d4">
         <name>.text.HOSTclose</name>
         <load_address>0x2000f2d0</load_address>
         <readonly>true</readonly>
         <executable>true</executable>
         <run_address>0x2000f2d0</run_address>
         <size>0x3c</size>
         <alignment>0x4</alignment>
         <input_file_ref idref="fl-c8"/>
      </object_component>
      <object_component id="oc-1a8">
         <name>.text.TimerSupport_timerEnable</name>
         <load_address>0x2000f30c</load_address>
         <readonly>true</readonly>
         <executable>true</executable>
         <run_address>0x2000f30c</run_address>
         <size>0x3a</size>
         <alignment>0x2</alignment>
         <input_file_ref idref="fl-19"/>
      </object_component>
      <object_component id="oc-55">
         <name>.text.faultISR</name>
         <load_address>0x2000f346</load_address>
         <readonly>true</readonly>
         <executable>true</executable>
         <run_address>0x2000f346</run_address>
         <size>0x2</size>
         <alignment>0x2</alignment>
         <input_file_ref idref="fl-20"/>
      </object_component>
      <object_component id="oc-189">
         <name>.text.ClockP_destruct</name>
         <load_address>0x2000f348</load_address>
         <readonly>true</readonly>
         <executable>true</executable>
         <run_address>0x2000f348</run_address>
         <size>0x38</size>
         <alignment>0x4</alignment>
         <input_file_ref idref="fl-1d"/>
      </object_component>
      <object_component id="oc-202">
         <name>.text.Power_setConstraint</name>
         <load_address>0x2000f380</load_address>
         <readonly>true</readonly>
         <executable>true</executable>
         <run_address>0x2000f380</run_address>
         <size>0x38</size>
         <alignment>0x4</alignment>
         <input_file_ref idref="fl-16"/>
      </object_component>
      <object_component id="oc-1e4">
         <name>.text.SwiP_restore</name>
         <load_address>0x2000f3b8</load_address>
         <readonly>true</readonly>
         <executable>true</executable>
         <run_address>0x2000f3b8</run_address>
         <size>0x38</size>
         <alignment>0x4</alignment>
         <input_file_ref idref="fl-21"/>
      </object_component>
      <object_component id="oc-bf">
         <name>.text:__TI_auto_init_nobinit_nopinit</name>
         <load_address>0x2000f3f0</load_address>
         <readonly>true</readonly>
         <executable>true</executable>
         <run_address>0x2000f3f0</run_address>
         <size>0x38</size>
         <alignment>0x4</alignment>
         <input_file_ref idref="fl-58"/>
      </object_component>
      <object_component id="oc-238">
         <name>.text.PinLock</name>
         <load_address>0x2000f428</load_address>
         <readonly>true</readonly>
         <executable>true</executable>
         <run_address>0x2000f428</run_address>
         <size>0x36</size>
         <alignment>0x2</alignment>
         <input_file_ref idref="fl-26"/>
      </object_component>
      <object_component id="oc-1a5">
         <name>.text.TimerCC32XX_hwiIntFunction</name>
         <load_address>0x2000f45e</load_address>
         <readonly>true</readonly>
         <executable>true</executable>
         <run_address>0x2000f45e</run_address>
         <size>0x36</size>
         <alignment>0x2</alignment>
         <input_file_ref idref="fl-19"/>
      </object_component>
      <object_component id="oc-186">
         <name>.text.ClockP_start</name>
         <load_address>0x2000f494</load_address>
         <readonly>true</readonly>
         <executable>true</executable>
         <run_address>0x2000f494</run_address>
         <size>0x34</size>
         <alignment>0x4</alignment>
         <input_file_ref idref="fl-1d"/>
      </object_component>
      <object_component id="oc-27b">
         <name>.text.PinDirModeGet</name>
         <load_address>0x2000f4c8</load_address>
         <readonly>true</readonly>
         <executable>true</executable>
         <run_address>0x2000f4c8</run_address>
         <size>0x34</size>
         <alignment>0x2</alignment>
         <input_file_ref idref="fl-26"/>
      </object_component>
      <object_component id="oc-10f">
         <name>.text.PinModeGet</name>
         <load_address>0x2000f4fc</load_address>
         <readonly>true</readonly>
         <executable>true</executable>
         <run_address>0x2000f4fc</run_address>
         <size>0x34</size>
         <alignment>0x2</alignment>
         <input_file_ref idref="fl-26"/>
      </object_component>
      <object_component id="oc-235">
         <name>.text.PowerCC32XX_parkPin</name>
         <load_address>0x2000f530</load_address>
         <readonly>true</readonly>
         <executable>true</executable>
         <run_address>0x2000f530</run_address>
         <size>0x34</size>
         <alignment>0x2</alignment>
         <input_file_ref idref="fl-16"/>
      </object_component>
      <object_component id="oc-1f5">
         <name>.text.TimerCC32XX_freeTimerResource</name>
         <load_address>0x2000f564</load_address>
         <readonly>true</readonly>
         <executable>true</executable>
         <run_address>0x2000f564</run_address>
         <size>0x34</size>
         <alignment>0x4</alignment>
         <input_file_ref idref="fl-19"/>
      </object_component>
      <object_component id="oc-28e">
         <name>.text.__TI_cleanup</name>
         <load_address>0x2000f598</load_address>
         <readonly>true</readonly>
         <executable>true</executable>
         <run_address>0x2000f598</run_address>
         <size>0x34</size>
         <alignment>0x4</alignment>
         <input_file_ref idref="fl-54"/>
      </object_component>
      <object_component id="oc-339">
         <name>.text.__TI_writemsg</name>
         <load_address>0x2000f5cc</load_address>
         <readonly>true</readonly>
         <executable>true</executable>
         <run_address>0x2000f5cc</run_address>
         <size>0x34</size>
         <alignment>0x4</alignment>
         <input_file_ref idref="fl-cf"/>
      </object_component>
      <object_component id="oc-4f">
         <name>.text.initVectors</name>
         <load_address>0x2000f600</load_address>
         <readonly>true</readonly>
         <executable>true</executable>
         <run_address>0x2000f600</run_address>
         <size>0x34</size>
         <alignment>0x4</alignment>
         <input_file_ref idref="fl-20"/>
      </object_component>
      <object_component id="oc-1d0">
         <name>.text.ClockP_getTicksUntilInterrupt</name>
         <load_address>0x2000f634</load_address>
         <readonly>true</readonly>
         <executable>true</executable>
         <run_address>0x2000f634</run_address>
         <size>0x30</size>
         <alignment>0x4</alignment>
         <input_file_ref idref="fl-1d"/>
      </object_component>
      <object_component id="oc-1dd">
         <name>.text.PRCMLPDSIntervalSet</name>
         <load_address>0x2000f664</load_address>
         <readonly>true</readonly>
         <executable>true</executable>
         <run_address>0x2000f664</run_address>
         <size>0x30</size>
         <alignment>0x2</alignment>
         <input_file_ref idref="fl-27"/>
      </object_component>
      <object_component id="oc-22b">
         <name>.text.PRCMSlowClkCtrFastGet</name>
         <load_address>0x2000f694</load_address>
         <readonly>true</readonly>
         <executable>true</executable>
         <run_address>0x2000f694</run_address>
         <size>0x30</size>
         <alignment>0x2</alignment>
         <input_file_ref idref="fl-27"/>
      </object_component>
      <object_component id="oc-1fc">
         <name>.text.TimerLoadSet</name>
         <load_address>0x2000f6c4</load_address>
         <readonly>true</readonly>
         <executable>true</executable>
         <run_address>0x2000f6c4</run_address>
         <size>0x30</size>
         <alignment>0x2</alignment>
         <input_file_ref idref="fl-2a"/>
      </object_component>
      <object_component id="oc-1fb">
         <name>.text.TimerPrescaleSet</name>
         <load_address>0x2000f6f4</load_address>
         <readonly>true</readonly>
         <executable>true</executable>
         <run_address>0x2000f6f4</run_address>
         <size>0x30</size>
         <alignment>0x2</alignment>
         <input_file_ref idref="fl-2a"/>
      </object_component>
      <object_component id="oc-33f">
         <name>.text.__TI_readmsg</name>
         <load_address>0x2000f724</load_address>
         <readonly>true</readonly>
         <executable>true</executable>
         <run_address>0x2000f724</run_address>
         <size>0x30</size>
         <alignment>0x4</alignment>
         <input_file_ref idref="fl-cf"/>
      </object_component>
      <object_component id="oc-bd">
         <name>.text.exit</name>
         <load_address>0x2000f754</load_address>
         <readonly>true</readonly>
         <executable>true</executable>
         <run_address>0x2000f754</run_address>
         <size>0x30</size>
         <alignment>0x4</alignment>
         <input_file_ref idref="fl-44"/>
      </object_component>
      <object_component id="oc-233">
         <name>.text.notify</name>
         <load_address>0x2000f784</load_address>
         <readonly>true</readonly>
         <executable>true</executable>
         <run_address>0x2000f784</run_address>
         <size>0x30</size>
         <alignment>0x4</alignment>
         <input_file_ref idref="fl-16"/>
      </object_component>
      <object_component id="oc-1c6">
         <name>.text.GPIOIntStatus</name>
         <load_address>0x2000f7b4</load_address>
         <readonly>true</readonly>
         <executable>true</executable>
         <run_address>0x2000f7b4</run_address>
         <size>0x2e</size>
         <alignment>0x2</alignment>
         <input_file_ref idref="fl-23"/>
      </object_component>
      <object_component id="oc-54">
         <name>.text.nmiISR</name>
         <load_address>0x2000f7e2</load_address>
         <readonly>true</readonly>
         <executable>true</executable>
         <run_address>0x2000f7e2</run_address>
         <size>0x2</size>
         <alignment>0x2</alignment>
         <input_file_ref idref="fl-20"/>
      </object_component>
      <object_component id="oc-37c">
         <name>.text.finddevice</name>
         <load_address>0x2000f7e4</load_address>
         <readonly>true</readonly>
         <executable>true</executable>
         <run_address>0x2000f7e4</run_address>
         <size>0x2c</size>
         <alignment>0x4</alignment>
         <input_file_ref idref="fl-dc"/>
      </object_component>
      <object_component id="oc-2c3">
         <name>.text.lseek</name>
         <load_address>0x2000f810</load_address>
         <readonly>true</readonly>
         <executable>true</executable>
         <run_address>0x2000f810</run_address>
         <size>0x2c</size>
         <alignment>0x4</alignment>
         <input_file_ref idref="fl-c5"/>
      </object_component>
      <object_component id="oc-36a">
         <name>.text.unlink</name>
         <load_address>0x2000f83c</load_address>
         <readonly>true</readonly>
         <executable>true</executable>
         <run_address>0x2000f83c</run_address>
         <size>0x2c</size>
         <alignment>0x4</alignment>
         <input_file_ref idref="fl-c7"/>
      </object_component>
      <object_component id="oc-20a">
         <name>.text.write</name>
         <load_address>0x2000f868</load_address>
         <readonly>true</readonly>
         <executable>true</executable>
         <run_address>0x2000f868</run_address>
         <size>0x2c</size>
         <alignment>0x4</alignment>
         <input_file_ref idref="fl-c1"/>
      </object_component>
      <object_component id="oc-159">
         <name>.text.HwiP_create</name>
         <load_address>0x2000f894</load_address>
         <readonly>true</readonly>
         <executable>true</executable>
         <run_address>0x2000f894</run_address>
         <size>0x2a</size>
         <alignment>0x2</alignment>
         <input_file_ref idref="fl-1e"/>
      </object_component>
      <object_component id="oc-173">
         <name>.text.PRCMLPDSWakeUpGPIOSelect</name>
         <load_address>0x2000f8be</load_address>
         <readonly>true</readonly>
         <executable>true</executable>
         <run_address>0x2000f8be</run_address>
         <size>0x2a</size>
         <alignment>0x2</alignment>
         <input_file_ref idref="fl-27"/>
      </object_component>
      <object_component id="oc-10e">
         <name>.text.PRCMPeripheralClkDisable</name>
         <load_address>0x2000f8e8</load_address>
         <readonly>true</readonly>
         <executable>true</executable>
         <run_address>0x2000f8e8</run_address>
         <size>0x2a</size>
         <alignment>0x2</alignment>
         <input_file_ref idref="fl-27"/>
      </object_component>
      <object_component id="oc-248">
         <name>.text.List_remove</name>
         <load_address>0x2000f912</load_address>
         <readonly>true</readonly>
         <executable>true</executable>
         <run_address>0x2000f912</run_address>
         <size>0x28</size>
         <alignment>0x2</alignment>
         <input_file_ref idref="fl-1a"/>
      </object_component>
      <object_component id="oc-234">
         <name>.text.PRCMSRAMRetentionEnable</name>
         <load_address>0x2000f93a</load_address>
         <readonly>true</readonly>
         <executable>true</executable>
         <run_address>0x2000f93a</run_address>
         <size>0x28</size>
         <alignment>0x2</alignment>
         <input_file_ref idref="fl-27"/>
      </object_component>
      <object_component id="oc-247">
         <name>.text.TimerSupport_timerDisable</name>
         <load_address>0x2000f962</load_address>
         <readonly>true</readonly>
         <executable>true</executable>
         <run_address>0x2000f962</run_address>
         <size>0x28</size>
         <alignment>0x2</alignment>
         <input_file_ref idref="fl-19"/>
      </object_component>
      <object_component id="oc-1ea">
         <name>.text.free_list_insert</name>
         <load_address>0x2000f98c</load_address>
         <readonly>true</readonly>
         <executable>true</executable>
         <run_address>0x2000f98c</run_address>
         <size>0x28</size>
         <alignment>0x4</alignment>
         <input_file_ref idref="fl-4b"/>
      </object_component>
      <object_component id="oc-f6">
         <name>.text.gpioButtonCallback</name>
         <load_address>0x2000f9b4</load_address>
         <readonly>true</readonly>
         <executable>true</executable>
         <run_address>0x2000f9b4</run_address>
         <size>0x28</size>
         <alignment>0x4</alignment>
         <input_file_ref idref="fl-1"/>
      </object_component>
      <object_component id="oc-289">
         <name>.text.IntUnregister</name>
         <load_address>0x2000f9dc</load_address>
         <readonly>true</readonly>
         <executable>true</executable>
         <run_address>0x2000f9dc</run_address>
         <size>0x24</size>
         <alignment>0x2</alignment>
         <input_file_ref idref="fl-25"/>
      </object_component>
      <object_component id="oc-18b">
         <name>.text.List_put</name>
         <load_address>0x2000fa00</load_address>
         <readonly>true</readonly>
         <executable>true</executable>
         <run_address>0x2000fa00</run_address>
         <size>0x24</size>
         <alignment>0x2</alignment>
         <input_file_ref idref="fl-1a"/>
      </object_component>
      <object_component id="oc-171">
         <name>.text.PRCMLPDSWakeupSourceEnable</name>
         <load_address>0x2000fa24</load_address>
         <readonly>true</readonly>
         <executable>true</executable>
         <run_address>0x2000fa24</run_address>
         <size>0x24</size>
         <alignment>0x2</alignment>
         <input_file_ref idref="fl-27"/>
      </object_component>
      <object_component id="oc-23f">
         <name>.text.PowerCC32XX_restoreParkedPin</name>
         <load_address>0x2000fa48</load_address>
         <readonly>true</readonly>
         <executable>true</executable>
         <run_address>0x2000fa48</run_address>
         <size>0x24</size>
         <alignment>0x2</alignment>
         <input_file_ref idref="fl-16"/>
      </object_component>
      <object_component id="oc-127">
         <name>.text.Power_registerNotify</name>
         <load_address>0x2000fa6c</load_address>
         <readonly>true</readonly>
         <executable>true</executable>
         <run_address>0x2000fa6c</run_address>
         <size>0x24</size>
         <alignment>0x4</alignment>
         <input_file_ref idref="fl-16"/>
[...]
      </symbol>
      <symbol id="sm-357">
         <name>PinLock</name>
         <value>0x2000f429</value>
         <object_component_ref idref="oc-238"/>
      </symbol>
      <symbol id="sm-358">
         <name>PinLockLevelSet</name>
         <value>0x2000e05d</value>
         <object_component_ref idref="oc-236"/>
      </symbol>
      <symbol id="sm-359">
         <name>PinModeGet</name>
         <value>0x2000f4fd</value>
         <object_component_ref idref="oc-10f"/>
      </symbol>
      <symbol id="sm-35a">
         <name>PinModeSet</name>
         <value>0x2000f0cd</value>
         <object_component_ref idref="oc-114"/>
      </symbol>
      <symbol id="sm-35b">
         <name>PinToPadGet</name>
         <value>0x2000fced</value>
         <object_component_ref idref="oc-237"/>
      </symbol>
      <symbol id="sm-35c">
         <name>PinUnlock</name>
         <value>0x2000fafb</value>
         <object_component_ref idref="oc-23e"/>
      </symbol>
      <symbol id="sm-40e">
         <name>PRCMCC3200MCUInit</name>
         <value>0x2000c041</value>
         <object_component_ref idref="oc-d2"/>
      </symbol>
      <symbol id="sm-40f">
         <name>PRCMHIBRegRead</name>
         <value>0x2000fc9f</value>
         <object_component_ref idref="oc-10b"/>
      </symbol>
      <symbol id="sm-410">
         <name>PRCMHIBRegWrite</name>
         <value>0x2000fcb9</value>
         <object_component_ref idref="oc-10a"/>
      </symbol>
      <symbol id="sm-411">
         <name>PRCMHibernateWakeUpGPIOSelect</name>
         <value>0x2000df05</value>
         <object_component_ref idref="oc-174"/>
      </symbol>
      <symbol id="sm-412">
         <name>PRCMHibernateWakeupSourceDisable</name>
         <value>0x2000e659</value>
         <object_component_ref idref="oc-176"/>
      </symbol>
      <symbol id="sm-413">
         <name>PRCMHibernateWakeupSourceEnable</name>
         <value>0x2000eb21</value>
         <object_component_ref idref="oc-175"/>
      </symbol>
      <symbol id="sm-414">
         <name>PRCMIntEnable</name>
         <value>0x2000ed89</value>
         <object_component_ref idref="oc-23d"/>
      </symbol>
      <symbol id="sm-415">
         <name>PRCMLPDSEnter</name>
         <value>0x2000e929</value>
         <object_component_ref idref="oc-243"/>
      </symbol>
      <symbol id="sm-416">
         <name>PRCMLPDSEnterKeepDebugIf</name>
         <value>0x2000eea9</value>
         <object_component_ref idref="oc-242"/>
      </symbol>
      <symbol id="sm-417">
         <name>PRCMLPDSIntervalSet</name>
         <value>0x2000f665</value>
         <object_component_ref idref="oc-1dd"/>
      </symbol>
      <symbol id="sm-418">
         <name>PRCMLPDSRestoreInfoSet</name>
         <value>0x2000ec5d</value>
         <object_component_ref idref="oc-27d"/>
      </symbol>
      <symbol id="sm-419">
         <name>PRCMLPDSWakeUpGPIOSelect</name>
         <value>0x2000f8bf</value>
         <object_component_ref idref="oc-173"/>
      </symbol>
      <symbol id="sm-41a">
         <name>PRCMLPDSWakeupCauseGet</name>
         <value>0x2000ffbb</value>
         <object_component_ref idref="oc-240"/>
      </symbol>
      <symbol id="sm-41b">
         <name>PRCMLPDSWakeupSourceDisable</name>
         <value>0x2000fcd3</value>
         <object_component_ref idref="oc-172"/>
      </symbol>
      <symbol id="sm-41c">
         <name>PRCMLPDSWakeupSourceEnable</name>
         <value>0x2000fa25</value>
         <object_component_ref idref="oc-171"/>
      </symbol>
      <symbol id="sm-41d">
         <name>PRCMPeripheralClkDisable</name>
         <value>0x2000f8e9</value>
         <object_component_ref idref="oc-10e"/>
      </symbol>
      <symbol id="sm-41e">
         <name>PRCMPeripheralClkEnable</name>
         <value>0x2000e76d</value>
         <object_component_ref idref="oc-10c"/>
      </symbol>
      <symbol id="sm-41f">
         <name>PRCMPeripheralReset</name>
         <value>0x2000e20d</value>
         <object_component_ref idref="oc-10d"/>
      </symbol>
      <symbol id="sm-420">
         <name>PRCMPeripheralStatusGet</name>
         <value>0x2000edd1</value>
         <object_component_ref idref="oc-1c0"/>
      </symbol>
      <symbol id="sm-421">
         <name>PRCMSRAMRetentionEnable</name>
         <value>0x2000f93b</value>
         <object_component_ref idref="oc-234"/>
      </symbol>
      <symbol id="sm-422">
         <name>PRCMSleepEnter</name>
         <value>0x2001001b</value>
         <object_component_ref idref="oc-1e3"/>
      </symbol>
      <symbol id="sm-423">
         <name>PRCMSlowClkCtrFastGet</name>
         <value>0x2000f695</value>
         <object_component_ref idref="oc-22b"/>
      </symbol>
      <symbol id="sm-424">
         <name>PRCMSysResetCauseGet</name>
         <value>0x2000dc79</value>
         <object_component_ref idref="oc-105"/>
      </symbol>
      <symbol id="sm-442">
         <name>SysTickEnable</name>
         <value>0x2000fe91</value>
         <object_component_ref idref="oc-1e1"/>
      </symbol>
      <symbol id="sm-443">
         <name>SysTickIntDisable</name>
         <value>0x2000fea3</value>
         <object_component_ref idref="oc-1d8"/>
      </symbol>
      <symbol id="sm-444">
         <name>SysTickIntEnable</name>
         <value>0x2000feb5</value>
         <object_component_ref idref="oc-1e2"/>
      </symbol>
      <symbol id="sm-445">
         <name>SysTickPeriodSet</name>
         <value>0x2000fd67</value>
         <object_component_ref idref="oc-1e0"/>
      </symbol>
      <symbol id="sm-484">
         <name>TimerControlStall</name>
         <value>0x2000f10f</value>
         <object_component_ref idref="oc-1fd"/>
      </symbol>
      <symbol id="sm-485">
         <name>TimerDisable</name>
         <value>0x2000fb9d</value>
         <object_component_ref idref="oc-1f6"/>
      </symbol>
      <symbol id="sm-486">
         <name>TimerEnable</name>
         <value>0x2000fd07</value>
         <object_component_ref idref="oc-203"/>
      </symbol>
      <symbol id="sm-487">
         <name>TimerIntClear</name>
         <value>0x2000ff29</value>
         <object_component_ref idref="oc-200"/>
      </symbol>
      <symbol id="sm-488">
         <name>TimerIntDisable</name>
         <value>0x2000fd7d</value>
         <object_component_ref idref="oc-285"/>
      </symbol>
      <symbol id="sm-489">
         <name>TimerIntEnable</name>
         <value>0x2000fe21</value>
         <object_component_ref idref="oc-201"/>
      </symbol>
      <symbol id="sm-48a">
         <name>TimerLoadSet</name>
         <value>0x2000f6c5</value>
         <object_component_ref idref="oc-1fc"/>
      </symbol>
      <symbol id="sm-48b">
         <name>TimerPrescaleSet</name>
         <value>0x2000f6f5</value>
         <object_component_ref idref="oc-1fb"/>
      </symbol>
      <symbol id="sm-496">
         <name>UtilsDelay</name>
         <value>0x20010023</value>
         <object_component_ref idref="oc-106"/>
      </symbol>
      <symbol id="sm-4c3">
         <name>FlashDisable</name>
         <value>0x2000e5fd</value>
         <object_component_ref idref="oc-27f"/>
      </symbol>
      <symbol id="sm-4d4">
         <name>printf</name>
         <value>0x2000e59d</value>
         <object_component_ref idref="oc-1af"/>
      </symbol>
      <symbol id="sm-4ea">
         <name>__TI_printfi_minimal</name>
         <value>0x2000cbbd</value>
         <object_component_ref idref="oc-260"/>
      </symbol>
      <symbol id="sm-4f5">
         <name>fputc</name>
         <value>0x2000dd91</value>
         <object_component_ref idref="oc-268"/>
      </symbol>
      <symbol id="sm-504">
         <name>puts</name>
         <value>0x2000fa91</value>
         <object_component_ref idref="oc-142"/>
      </symbol>
      <symbol id="sm-505">
         <name>fputs</name>
         <value>0x2000d31d</value>
         <object_component_ref idref="oc-1a9"/>
      </symbol>
      <symbol id="sm-50f">
         <name>__TI_wrt_ok</name>
         <value>0x2000e4dd</value>
         <object_component_ref idref="oc-204"/>
      </symbol>
      <symbol id="sm-519">
         <name>setvbuf</name>
         <value>0x2000d4fd</value>
         <object_component_ref idref="oc-253"/>
      </symbol>
      <symbol id="sm-52a">
         <name>abort</name>
         <value>0x2001006d</value>
         <object_component_ref idref="oc-b8"/>
      </symbol>
      <symbol id="sm-52b">
         <name>C$$EXIT</name>
         <value>0x2001006c</value>
         <object_component_ref idref="oc-b8"/>
      </symbol>
      <symbol id="sm-52c">
         <name>__TI_cleanup_ptr</name>
         <value>0x200108d8</value>
         <object_component_ref idref="oc-fd"/>
      </symbol>
      <symbol id="sm-52d">
         <name>__TI_dtors_ptr</name>
         <value>0x200108dc</value>
         <object_component_ref idref="oc-fd"/>
      </symbol>
      <symbol id="sm-52e">
         <name>exit</name>
         <value>0x2000f755</value>
         <object_component_ref idref="oc-bd"/>
      </symbol>
      <symbol id="sm-537">
         <name>_nop</name>
         <value>0x2000e97f</value>
         <object_component_ref idref="oc-162"/>
      </symbol>
      <symbol id="sm-538">
         <name>_lock</name>
         <value>0x200108ec</value>
         <object_component_ref idref="oc-fb"/>
      </symbol>
      <symbol id="sm-539">
         <name>_unlock</name>
         <value>0x200108f0</value>
         <object_component_ref idref="oc-fe"/>
      </symbol>
      <symbol id="sm-541">
         <name>_ftable</name>
         <value>0x200105e0</value>
         <object_component_ref idref="oc-1aa"/>
      </symbol>
      <symbol id="sm-542">
         <name>__TI_ft_end</name>
         <value>0x200108e8</value>
         <object_component_ref idref="oc-2cd"/>
      </symbol>
      <symbol id="sm-543">
         <name>__TI_tmpnams</name>
         <value>0x200110dc</value>
         <object_component_ref idref="oc-336"/>
      </symbol>
      <symbol id="sm-54c">
         <name>memccpy</name>
         <value>0x2000fbbd</value>
         <object_component_ref idref="oc-29d"/>
      </symbol>
      <symbol id="sm-56c">
         <name>malloc</name>
         <value>0x20010035</value>
         <object_component_ref idref="oc-1c1"/>
      </symbol>
      <symbol id="sm-56d">
         <name>aligned_alloc</name>
         <value>0x2000d1fd</value>
         <object_component_ref idref="oc-21f"/>
      </symbol>
      <symbol id="sm-56e">
         <name>free</name>
         <value>0x2000d40d</value>
         <object_component_ref idref="oc-183"/>
      </symbol>
      <symbol id="sm-56f">
         <name>_sys_memory</name>
         <value>0x20004040</value>
         <object_component_ref idref="oc-31"/>
      </symbol>
      <symbol id="sm-570">
         <name>memalign</name>
         <value>0x2000d1fd</value>
         <object_component_ref idref="oc-21f"/>
      </symbol>
      <symbol id="sm-57a">
         <name>__TI_zero_init</name>
         <value>0x2000ff59</value>
         <object_component_ref idref="oc-49"/>
      </symbol>
      <symbol id="sm-583">
         <name>__TI_decompress_none</name>
         <value>0x2000ffa1</value>
         <object_component_ref idref="oc-1c"/>
      </symbol>
      <symbol id="sm-58d">
         <name>__TI_decompress_lzss</name>
         <value>0x2000dfed</value>
         <object_component_ref idref="oc-18"/>
      </symbol>
      <symbol id="sm-598">
         <name>_c_int00_noargs</name>
         <value>0x2000fab5</value>
         <object_component_ref idref="oc-76"/>
      </symbol>
      <symbol id="sm-599">
         <name>__stack</name>
         <value>0x20003000</value>
         <object_component_ref idref="oc-16"/>
      </symbol>
      <symbol id="sm-5a6">
         <name>__TI_doflush</name>
         <value>0x2000ebc1</value>
         <object_component_ref idref="oc-20e"/>
      </symbol>
      <symbol id="sm-5b1">
         <name>__TI_cleanup</name>
         <value>0x2000f599</value>
         <object_component_ref idref="oc-28e"/>
      </symbol>
      <symbol id="sm-5be">
         <name>fseek</name>
         <value>0x20010065</value>
         <object_component_ref idref="oc-24e"/>
      </symbol>
      <symbol id="sm-5bf">
         <name>fseeko</name>
         <value>0x2000e2e1</value>
         <object_component_ref idref="oc-28a"/>
      </symbol>
      <symbol id="sm-5cb">
         <name>__TI_auto_init_nobinit_nopinit</name>
         <value>0x2000f3f1</value>
         <object_component_ref idref="oc-bf"/>
      </symbol>
      <symbol id="sm-5d3">
         <name>_system_pre_init</name>
         <value>0x20010061</value>
         <object_component_ref idref="oc-8b"/>
      </symbol>
      <symbol id="sm-5df">
         <name>__TI_closefile</name>
         <value>0x2000df79</value>
         <object_component_ref idref="oc-2c7"/>
      </symbol>
      <symbol id="sm-5e9">
         <name>write</name>
         <value>0x2000f869</value>
         <object_component_ref idref="oc-20a"/>
      </symbol>
      <symbol id="sm-5ee">
         <name>_device</name>
         <value>0x20010754</value>
         <object_component_ref idref="oc-297"/>
      </symbol>
      <symbol id="sm-5ef">
         <name>_stream</name>
         <value>0x200107cc</value>
         <object_component_ref idref="oc-259"/>
      </symbol>
      <symbol id="sm-5f7">
         <name>remove</name>
         <value>0x20010069</value>
         <object_component_ref idref="oc-332"/>
      </symbol>
      <symbol id="sm-602">
         <name>lseek</name>
         <value>0x2000f811</value>
         <object_component_ref idref="oc-2c3"/>
      </symbol>
      <symbol id="sm-60c">
         <name>close</name>
         <value>0x2000e53d</value>
         <object_component_ref idref="oc-32e"/>
      </symbol>
      <symbol id="sm-616">
         <name>unlink</name>
         <value>0x2000f83d</value>
         <object_component_ref idref="oc-36a"/>
      </symbol>
      <symbol id="sm-620">
         <name>HOSTclose</name>
         <value>0x2000f2d1</value>
         <object_component_ref idref="oc-2d4"/>
      </symbol>
      <symbol id="sm-62a">
         <name>HOSTlseek</name>
         <value>0x2000e821</value>
         <object_component_ref idref="oc-2e0"/>
      </symbol>
      <symbol id="sm-634">
         <name>HOSTopen</name>
         <value>0x2000e879</value>
         <object_component_ref idref="oc-2d0"/>
      </symbol>
      <symbol id="sm-635">
         <name>parmbuf</name>
         <value>0x20011318</value>
         <object_component_ref idref="oc-340"/>
      </symbol>
      <symbol id="sm-63f">
         <name>HOSTread</name>
         <value>0x2000e981</value>
         <object_component_ref idref="oc-2d8"/>
      </symbol>
      <symbol id="sm-650">
         <name>HOSTrename</name>
         <value>0x2000e419</value>
         <object_component_ref idref="oc-2e8"/>
      </symbol>
      <symbol id="sm-65a">
         <name>HOSTunlink</name>
         <value>0x2000efbd</value>
         <object_component_ref idref="oc-2e4"/>
      </symbol>
      <symbol id="sm-664">
         <name>HOSTwrite</name>
         <value>0x2000e9d5</value>
         <object_component_ref idref="oc-2dc"/>
      </symbol>
      <symbol id="sm-672">
         <name>C$$IO$$</name>
         <value>0x2000f5f7</value>
         <object_component_ref idref="oc-339"/>
      </symbol>
      <symbol id="sm-673">
         <name>__TI_writemsg</name>
         <value>0x2000f5cd</value>
         <object_component_ref idref="oc-339"/>
      </symbol>
      <symbol id="sm-674">
         <name>__CIOBUF_</name>
         <value>0x20010fbc</value>
         <object_component_ref idref="oc-370"/>
      </symbol>
      <symbol id="sm-675">
         <name>__TI_readmsg</name>
         <value>0x2000f725</value>
         <object_component_ref idref="oc-33f"/>
      </symbol>
      <symbol id="sm-676">
         <name>_CIOBUF_</name>
         <value>0x20010fbc</value>
         <object_component_ref idref="oc-370"/>
      </symbol>
      <symbol id="sm-67c">
         <name>__aeabi_memcpy</name>
         <value>0x20010055</value>
         <object_component_ref idref="oc-3c"/>
      </symbol>
      <symbol id="sm-67d">
         <name>__aeabi_memcpy4</name>
         <value>0x20010055</value>
         <object_component_ref idref="oc-3c"/>
      </symbol>
      <symbol id="sm-67e">
         <name>__aeabi_memcpy8</name>
         <value>0x20010055</value>
         <object_component_ref idref="oc-3c"/>
      </symbol>
      <symbol id="sm-687">
         <name>__aeabi_memset</name>
         <value>0x20010001</value>
         <object_component_ref idref="oc-29c"/>
      </symbol>
      <symbol id="sm-688">
         <name>__aeabi_memset4</name>
         <value>0x20010001</value>
         <object_component_ref idref="oc-29c"/>
      </symbol>
      <symbol id="sm-689">
         <name>__aeabi_memset8</name>
         <value>0x20010001</value>
         <object_component_ref idref="oc-29c"/>
      </symbol>
      <symbol id="sm-68a">
         <name>__aeabi_memclr</name>
         <value>0x2001002d</value>
         <object_component_ref idref="oc-67"/>
      </symbol>
      <symbol id="sm-68b">
         <name>__aeabi_memclr4</name>
         <value>0x2001002d</value>
         <object_component_ref idref="oc-67"/>
      </symbol>
      <symbol id="sm-68c">
         <name>__aeabi_memclr8</name>
         <value>0x2001002d</value>
         <object_component_ref idref="oc-67"/>
      </symbol>
      <symbol id="sm-692">
         <name>__aeabi_uldivmod</name>
         <value>0x2000fe35</value>
         <object_component_ref idref="oc-1d4"/>
      </symbol>
      <symbol id="sm-698">
         <name>__udivmoddi4</name>
         <value>0x2000d815</value>
         <object_component_ref idref="oc-22c"/>
      </symbol>
      <symbol id="sm-6a3">
         <name>__aeabi_ldiv0</name>
         <value>0x2000e7c7</value>
         <object_component_ref idref="oc-273"/>
      </symbol>
      <symbol id="sm-6b1">
         <name>finddevice</name>
         <value>0x2000f7e5</value>
         <object_component_ref idref="oc-37c"/>
      </symbol>
      <symbol id="sm-6b2">
         <name>getdevice</name>
         <value>0x2000e349</value>
         <object_component_ref idref="oc-373"/>
      </symbol>
      <symbol id="sm-6b9">
         <name>strcmp</name>
         <value>0x2000c8e9</value>
         <object_component_ref idref="oc-37f"/>
      </symbol>
      <symbol id="sm-6c1">
         <name>TI_memcpy_small</name>
         <value>0x2000fec7</value>
         <object_component_ref idref="oc-81"/>
      </symbol>
      <symbol id="sm-6c9">
         <name>TI_memset_small</name>
         <value>0x2000ff93</value>
         <object_component_ref idref="oc-9e"/>
      </symbol>
      <symbol id="sm-6ca">
         <name>__TI_static_base__</name>
         <value>0x20011330</value>
      </symbol>
      <symbol id="sm-6cd">
         <name>ITM_flush</name>
         <value>0x0</value>
      </symbol>
      <symbol id="sm-6ce">
         <name>ITM_restore</name>
         <value>0x0</value>
      </symbol>
      <symbol id="sm-6cf">
         <name>__mpu_init</name>
         <value>0x0</value>
      </symbol>
      <symbol id="sm-6d0">
         <name>_system_post_cinit</name>
         <value>0x0</value>
      </symbol>
   </symbol_table>
   <title>Link successful</title>
</link_info>
