******************************************************************************
            TI ARM Clang Linker PC v3.2.1                      
******************************************************************************
>> Linked Sun Aug  4 09:59:22 2024

OUTPUT FILE NAME:   <gpiointerrupt_CC3220S_LAUNCHXL_nortos_ticlang.out>
ENTRY POINT SYMBOL: "resetISR"  address: 2000fc69


MEMORY CONFIGURATION

         name            origin    length      used     unused   attr    fill
----------------------  --------  ---------  --------  --------  ----  --------
  SRAM2                 20000000   00004000  0000130c  00002cf4  RW X
  SRAM                  20004000   0003c000  0000d484  0002eb7c  RW X
  LOG_DATA              90000000   00040000  00000000  00040000  R   
  LOG_PTR               94000008   00040000  00000000  00040000  R   


SEGMENT ALLOCATION MAP

run origin  load origin   length   init length attrs members
----------  ----------- ---------- ----------- ----- -------
20003000    20003000    00001000   00000000    rw-
  20003000    20003000    00001000   00000000    rw- .stack
20004000    20004000    00000040   00000040    r--
  20004000    20004000    00000040   00000040    r-- .resetVecs
20004040    20004040    00008000   00000000    rw-
  20004040    20004040    00008000   00000000    rw- .sysmem
2000c040    2000c040    00004030   00004030    r-x
  2000c040    2000c040    00004030   00004030    r-x .text
20010070    20010070    00000885   00000000    rw-
  20010070    20010070    00000885   00000000    rw- .data
200108f8    200108f8    00000594   00000594    r--
  200108f8    200108f8    00000594   00000594    r-- .rodata
20010e90    20010e90    0000049f   00000000    rw-
  20010e90    20010e90    0000049f   00000000    rw- .bss
20011330    20011330    0000015c   0000015c    r--
  20011330    20011330    0000015c   0000015c    r-- .cinit


SECTION ALLOCATION MAP

 output                                  attributes/
section   page    origin      length       input sections
--------  ----  ----------  ----------   ----------------
.text      0    2000c040    00004030     
                  2000c040    000004b8     driverlib.a : prcm.obj (.text.PRCMCC3200MCUInit)
                  2000c4f8    000003e4     drivers_cc32xx.a : PowerCC32XX.c.obj (.text.Power_sleep)
                  2000c8dc    00000004     nortos_cc32xx.a : ClockPSysTick_nortos.c.obj (.text.ClockP_doTick)
                  2000c8e0    000002dc     libc.a : strcmp_t2.S.obj (.text:strcmp)
                  2000cbbc    00000268            : _printfi.c.obj (.text:__TI_printfi_minimal)
                  2000ce24    00000150     nortos_cc32xx.a : PowerCC32XX_nortos.c.obj (.text.PowerCC32XX_sleepPolicy)
                  2000cf74    00000148     drivers_cc32xx.a : TimerCC32XX.c.obj (.text.Timer_open)
                  2000d0bc    00000140                      : GPIOCC32XX.c.obj (.text.GPIO_setConfig)
                  2000d1fc    00000120     libc.a : memory.c.obj (.text.aligned_alloc)
                  2000d31c    000000f0            : fputs.c.obj (.text.fputs)
                  2000d40c    000000f0            : memory.c.obj (.text.free)
                  2000d4fc    000000d8            : setvbuf.c.obj (.text.setvbuf)
                  2000d5d4    000000c8     driverlib.a : interrupt.obj (.text.IntDisable)
                  2000d69c    000000c8                 : interrupt.obj (.text.IntEnable)
                  2000d764    000000b0     gpiointerrupt.o (.text.timerCallback)
                  2000d814    000000b0     libclang_rt.builtins.a : udivmoddi4.S.obj (.text)
                  2000d8c4    000000ac     driverlib.a : gpio.obj (.text.GPIOIntTypeSet)
                  2000d970    000000a4                 : interrupt.obj (.text.IntPendSet)
                  2000da14    000000a2                 : pin.obj (.text.PinConfigSet)
                  2000dab6    00000002     ti_drivers_config.o (.text.Board_initHook)
                  2000dab8    00000098     nortos_cc32xx.a : SemaphoreP_nortos.c.obj (.text.SemaphoreP_pend)
                  2000db50    00000096     drivers_cc32xx.a : PowerCC32XX_ticlang.asm.obj (.text)
                  2000dbe6    00000002     nortos_cc32xx.a : PowerCC32XX_nortos.c.obj (.text.PowerCC32XX_initPolicy)
                  2000dbe8    00000090     drivers_cc32xx.a : GPIOCC32XX.c.obj (.text.GPIO_init)
                  2000dc78    0000008e     driverlib.a : prcm.obj (.text.PRCMSysResetCauseGet)
                  2000dd06    00000002     nortos_cc32xx.a : SemaphoreP_nortos.c.obj (.text.SemaphoreP_destruct)
                  2000dd08    00000088     drivers_cc32xx.a : PowerCC32XX.c.obj (.text.PowerCC32XX_configureWakeup)
                  2000dd90    00000088     libc.a : fputc.c.obj (.text.fputc)
                  2000de18    00000078     drivers_cc32xx.a : PowerCC32XX.c.obj (.text.Power_init)
                  2000de90    00000074     nortos_cc32xx.a : HwiPCC32XX_nortos.c.obj (.text.HwiP_construct)
                  2000df04    00000074     driverlib.a : prcm.obj (.text.PRCMHibernateWakeUpGPIOSelect)
                  2000df78    00000074     libc.a : fclose.c.obj (.text.__TI_closefile)
                  2000dfec    00000070            : copy_decompress_lzss.c.obj (.text:decompress:lzss)
                  2000e05c    0000006c     driverlib.a : pin.obj (.text.PinLockLevelSet)
                  2000e0c8    0000006c     drivers_cc32xx.a : PowerCC32XX.c.obj (.text.Power_setDependency)
                  2000e134    0000006c                      : GPIOCC32XX.c.obj (.text.powerNotifyFxn)
                  2000e1a0    0000006c     libc.a : memory.c.obj (.text.split)
                  2000e20c    0000006a     driverlib.a : prcm.obj (.text.PRCMPeripheralReset)
                  2000e276    00000068                 : interrupt.obj (.text.IntPendClear)
                  2000e2de    00000002     drivers_cc32xx.a : Timer.c.obj (.text.Timer_init)
                  2000e2e0    00000068     libc.a : fseek.c.obj (.text.fseeko)
                  2000e348    00000068            : getdevice.c.obj (.text.getdevice)
                  2000e3b0    00000068     gpiointerrupt.o (.text.mainThread)
                  2000e418    00000064     libsysbm.a : hostrename.c.obj (.text.HOSTrename)
                  2000e47c    00000060     drivers_cc32xx.a : GPIOCC32XX.c.obj (.text.GPIO_write)
                  2000e4dc    00000060     libc.a : _io_perm.c.obj (.text.__TI_wrt_ok)
                  2000e53c    00000060     libsysbm.a : close.c.obj (.text.close)
                  2000e59c    00000060     libc.a : printf.c.obj (.text.printf)
                  2000e5fc    0000005c     driverlib.a : flash.obj (.text.FlashDisable)
                  2000e658    0000005c                 : prcm.obj (.text.PRCMHibernateWakeupSourceDisable)
                  2000e6b4    0000005c     drivers_cc32xx.a : TimerCC32XX.c.obj (.text.TimerCC32XX_allocateTimerResource)
                  2000e710    0000005c     gpiointerrupt.o (.text.initTimer)
                  2000e76c    0000005a     driverlib.a : prcm.obj (.text.PRCMPeripheralClkEnable)
                  2000e7c6    00000002     libclang_rt.builtins.a : aeabi_div0.c.obj (.text.__aeabi_ldiv0)
                  2000e7c8    00000058     nortos_cc32xx.a : ClockPSysTick_nortos.c.obj (.text.ClockP_startup)
                  2000e820    00000058     libsysbm.a : hostlseek.c.obj (.text.HOSTlseek)
                  2000e878    00000058                : hostopen.c.obj (.text.HOSTopen)
                  2000e8d0    00000058     driverlib.a : interrupt.obj (.text.IntPrioritySet)
                  2000e928    00000056                 : prcm.obj (.text.PRCMLPDSEnter)
                  2000e97e    00000002     libc.a : _lock.c.obj (.text._nop)
                  2000e980    00000054     libsysbm.a : hostread.c.obj (.text.HOSTread)
                  2000e9d4    00000054                : hostwrite.c.obj (.text.HOSTwrite)
                  2000ea28    00000054     drivers_cc32xx.a : PowerCC32XX.c.obj (.text.PowerCC32XX_setParkState)
                  2000ea7c    00000054                      : PowerCC32XX.c.obj (.text.Power_releaseDependency)
                  2000ead0    00000050                      : GPIOCC32XX.c.obj (.text.GPIO_hwiIntFxn)
                  2000eb20    00000050     driverlib.a : prcm.obj (.text.PRCMHibernateWakeupSourceEnable)
                  2000eb70    00000050     nortos_cc32xx.a : SemaphoreP_nortos.c.obj (.text.SemaphoreP_construct)
                  2000ebc0    00000050     libc.a : fflush.c.obj (.text.__TI_doflush)
                  2000ec10    0000004c     drivers_cc32xx.a : GPIOCC32XX.c.obj (.text.GPIO_setInterruptConfig)
                  2000ec5c    0000004c     driverlib.a : prcm.obj (.text.PRCMLPDSRestoreInfoSet)
                  2000eca8    0000004c     drivers_cc32xx.a : TimerCC32XX.c.obj (.text.initHw)
                  2000ecf4    0000004a                      : TimerCC32XX.c.obj (.text.getPrescaler)
                  2000ed3e    00000002     nortos_cc32xx.a : startup_cc32xx_ticlang.c.obj (.text.busFaultHandler)
                  2000ed40    00000048                     : ClockPSysTick_nortos.c.obj (.text.ClockP_sysTickHandler)
                  2000ed88    00000048     driverlib.a : prcm.obj (.text.PRCMIntEnable)
                  2000edd0    00000048                 : prcm.obj (.text.PRCMPeripheralStatusGet)
                  2000ee18    00000048                 : pin.obj (.text.PinConfigGet)
                  2000ee60    00000048     gpiointerrupt.o (.text.setLEDs)
                  2000eea8    00000046     driverlib.a : prcm.obj (.text.PRCMLPDSEnterKeepDebugIf)
                  2000eeee    00000044                 : gpio.obj (.text.GPIODirModeSet)
                  2000ef32    00000002     nortos_cc32xx.a : SemaphoreP_nortos.c.obj (.text.clkFxn)
                  2000ef34    00000044     drivers_cc32xx.a : GPIOCC32XX.c.obj (.text.GPIO_disableInt)
                  2000ef78    00000044                      : GPIOCC32XX.c.obj (.text.GPIO_enableInt)
                  2000efbc    00000044     libsysbm.a : hostunlink.c.obj (.text.HOSTunlink)
                  2000f000    00000044     drivers_cc32xx.a : PowerCC32XX.c.obj (.text.Power_releaseConstraint)
                  2000f044    00000044                      : Timer.c.obj (.text.Timer_start)
                  2000f088    00000044     nortos_cc32xx.a : ClockPSysTick_nortos.c.obj (.text.addToList)
                  2000f0cc    00000042     driverlib.a : pin.obj (.text.PinModeSet)
                  2000f10e    00000042                 : timer.obj (.text.TimerControlStall)
                  2000f150    00000042     drivers_cc32xx.a : TimerCC32XX.c.obj (.text.Timer_close)
                  2000f192    00000042     nortos_cc32xx.a : PowerCC32XX_nortos.c.obj (.text.getCountsRTC)
                  2000f1d4    00000040                     : SemaphoreP_nortos.c.obj (.text.SemaphoreP_post)
                  2000f214    00000040     drivers_cc32xx.a : Timer.c.obj (.text.Timer_stop)
                  2000f254    0000003e     driverlib.a : pin.obj (.text.PinDirModeSet)
                  2000f292    00000002     nortos_cc32xx.a : startup_cc32xx_ticlang.c.obj (.text.defaultHandler)
                  2000f294    0000003c                     : ClockPSysTick_nortos.c.obj (.text.ClockP_stop)
                  2000f2d0    0000003c     libsysbm.a : hostclose.c.obj (.text.HOSTclose)
                  2000f30c    0000003a     drivers_cc32xx.a : TimerCC32XX.c.obj (.text.TimerSupport_timerEnable)
                  2000f346    00000002     nortos_cc32xx.a : startup_cc32xx_ticlang.c.obj (.text.faultISR)
                  2000f348    00000038                     : ClockPSysTick_nortos.c.obj (.text.ClockP_destruct)
                  2000f380    00000038     drivers_cc32xx.a : PowerCC32XX.c.obj (.text.Power_setConstraint)
                  2000f3b8    00000038     nortos_cc32xx.a : SwiP_nortos.c.obj (.text.SwiP_restore)
                  2000f3f0    00000038     libc.a : autoinit.c.obj (.text:__TI_auto_init_nobinit_nopinit)
                  2000f428    00000036     driverlib.a : pin.obj (.text.PinLock)
                  2000f45e    00000036     drivers_cc32xx.a : TimerCC32XX.c.obj (.text.TimerCC32XX_hwiIntFunction)
                  2000f494    00000034     nortos_cc32xx.a : ClockPSysTick_nortos.c.obj (.text.ClockP_start)
                  2000f4c8    00000034     driverlib.a : pin.obj (.text.PinDirModeGet)
                  2000f4fc    00000034                 : pin.obj (.text.PinModeGet)
                  2000f530    00000034     drivers_cc32xx.a : PowerCC32XX.c.obj (.text.PowerCC32XX_parkPin)
                  2000f564    00000034                      : TimerCC32XX.c.obj (.text.TimerCC32XX_freeTimerResource)
                  2000f598    00000034     libc.a : fopen.c.obj (.text.__TI_cleanup)
                  2000f5cc    00000034     libsysbm.a : trgmsg.c.obj (.text.__TI_writemsg)
                  2000f600    00000034     nortos_cc32xx.a : startup_cc32xx_ticlang.c.obj (.text.initVectors)
                  2000f634    00000030                     : ClockPSysTick_nortos.c.obj (.text.ClockP_getTicksUntilInterrupt)
                  2000f664    00000030     driverlib.a : prcm.obj (.text.PRCMLPDSIntervalSet)
                  2000f694    00000030                 : prcm.obj (.text.PRCMSlowClkCtrFastGet)
                  2000f6c4    00000030                 : timer.obj (.text.TimerLoadSet)
                  2000f6f4    00000030                 : timer.obj (.text.TimerPrescaleSet)
                  2000f724    00000030     libsysbm.a : trgmsg.c.obj (.text.__TI_readmsg)
                  2000f754    00000030     libc.a : exit.c.obj (.text.exit)
                  2000f784    00000030     drivers_cc32xx.a : PowerCC32XX.c.obj (.text.notify)
                  2000f7b4    0000002e     driverlib.a : gpio.obj (.text.GPIOIntStatus)
                  2000f7e2    00000002     nortos_cc32xx.a : startup_cc32xx_ticlang.c.obj (.text.nmiISR)
                  2000f7e4    0000002c     libc.a : getdevice.c.obj (.text.finddevice)
                  2000f810    0000002c     libsysbm.a : lseek.c.obj (.text.lseek)
                  2000f83c    0000002c                : unlink.c.obj (.text.unlink)
                  2000f868    0000002c                : write.c.obj (.text.write)
                  2000f894    0000002a     nortos_cc32xx.a : HwiPCC32XX_nortos.c.obj (.text.HwiP_create)
                  2000f8be    0000002a     driverlib.a : prcm.obj (.text.PRCMLPDSWakeUpGPIOSelect)
                  2000f8e8    0000002a                 : prcm.obj (.text.PRCMPeripheralClkDisable)
                  2000f912    00000028     drivers_cc32xx.a : List.c.obj (.text.List_remove)
                  2000f93a    00000028     driverlib.a : prcm.obj (.text.PRCMSRAMRetentionEnable)
                  2000f962    00000028     drivers_cc32xx.a : TimerCC32XX.c.obj (.text.TimerSupport_timerDisable)
                  2000f98a    00000002     --HOLE-- [fill = 0]
                  2000f98c    00000028     libc.a : memory.c.obj (.text.free_list_insert)
                  2000f9b4    00000028     gpiointerrupt.o (.text.gpioButtonCallback)
                  2000f9dc    00000024     driverlib.a : interrupt.obj (.text.IntUnregister)
                  2000fa00    00000024     drivers_cc32xx.a : List.c.obj (.text.List_put)
                  2000fa24    00000024     driverlib.a : prcm.obj (.text.PRCMLPDSWakeupSourceEnable)
                  2000fa48    00000024     drivers_cc32xx.a : PowerCC32XX.c.obj (.text.PowerCC32XX_restoreParkedPin)
                  2000fa6c    00000024                      : PowerCC32XX.c.obj (.text.Power_registerNotify)
                  2000fa90    00000024     libc.a : fputs.c.obj (.text.puts)
                  2000fab4    00000024            : boot_cortex_m.c.obj (.text:_c_int00_noargs)
                  2000fad8    00000022     driverlib.a : gpio.obj (.text.GPIOPinWrite)
                  2000fafa    00000022                 : pin.obj (.text.PinUnlock)
                  2000fb1c    00000020                 : interrupt.obj (.text.IntRegister)
                  2000fb3c    00000020     drivers_cc32xx.a : PowerCC32XX.c.obj (.text.Power_unregisterNotify)
                  2000fb5c    00000020     nortos_cc32xx.a : SemaphoreP_nortos.c.obj (.text.SemaphoreP_constructBinary)
                  2000fb7c    00000020                     : SemaphoreP_nortos.c.obj (.text.SemaphoreP_createBinary)
                  2000fb9c    00000020     driverlib.a : timer.obj (.text.TimerDisable)
                  2000fbbc    0000001e     libc.a : memccpy.c.obj (.text.memccpy)
                  2000fbda    00000002     --HOLE-- [fill = 0]
                  2000fbdc    0000001c     drivers_cc32xx.a : GPIO.c.obj (.text.GPIO_setCallback)
                  2000fbf8    0000001c     nortos_cc32xx.a : HwiPCC32XX_nortos.c.obj (.text.HwiP_dispatch)
                  2000fc14    0000001c                     : SwiP_nortos.c.obj (.text.SwiP_disable)
                  2000fc30    0000001c     libc.a : memory.c.obj (.text.free_list_remove)
                  2000fc4c    0000001c     drivers_cc32xx.a : TimerCC32XX.c.obj (.text.getPowerMgrId)
                  2000fc68    0000001c     nortos_cc32xx.a : startup_cc32xx_ticlang.c.obj (.text.resetISR)
                  2000fc84    0000001a     driverlib.a : gpio.obj (.text.GPIOIntDisable)
                  2000fc9e    0000001a                 : prcm.obj (.text.PRCMHIBRegRead)
                  2000fcb8    0000001a                 : prcm.obj (.text.PRCMHIBRegWrite)
                  2000fcd2    0000001a                 : prcm.obj (.text.PRCMLPDSWakeupSourceDisable)
                  2000fcec    0000001a                 : pin.obj (.text.PinToPadGet)
                  2000fd06    0000001a                 : timer.obj (.text.TimerEnable)
                  2000fd20    00000018                 : gpio.obj (.text.GPIOIntEnable)
                  2000fd38    00000018     nortos_cc32xx.a : SemaphoreP_nortos.c.obj (.text.SemaphoreP_create)
                  2000fd50    00000016     ti_drivers_config.o (.text.Board_init)
                  2000fd66    00000016     driverlib.a : systick.obj (.text.SysTickPeriodSet)
                  2000fd7c    00000016                 : timer.obj (.text.TimerIntDisable)
                  2000fd92    00000014                 : cpu.obj (.text.CPUcpsid)
                  2000fda6    00000014                 : cpu.obj (.text.CPUcpsie)
                  2000fdba    00000014     nortos_cc32xx.a : HwiPCC32XX_nortos.c.obj (.text.HwiP_destruct)
                  2000fdce    00000014     driverlib.a : interrupt.obj (.text.IntVTableBaseSet)
                  2000fde2    00000002     --HOLE-- [fill = 0]
                  2000fde4    00000014     drivers_cc32xx.a : PowerCC32XX.c.obj (.text.Power_disablePolicy)
                  2000fdf8    00000014                      : PowerCC32XX.c.obj (.text.Power_getTransitionLatency)
                  2000fe0c    00000014                      : PowerCC32XX.c.obj (.text.Power_idleFunc)
                  2000fe20    00000014     driverlib.a : timer.obj (.text.TimerIntEnable)
                  2000fe34    00000014     libclang_rt.builtins.a : aeabi_uldivmod.S.obj (.text.__aeabi_uldivmod)
                  2000fe48    00000012     nortos_cc32xx.a : ClockPSysTick_nortos.c.obj (.text.ClockP_add)
                  2000fe5a    00000012     driverlib.a : gpio.obj (.text.GPIOIntClear)
                  2000fe6c    00000012     nortos_cc32xx.a : HwiPCC32XX_nortos.c.obj (.text.HwiP_Params_init)
                  2000fe7e    00000012                     : HwiPCC32XX_nortos.c.obj (.text.HwiP_delete)
                  2000fe90    00000012     driverlib.a : systick.obj (.text.SysTickEnable)
                  2000fea2    00000012                 : systick.obj (.text.SysTickIntDisable)
                  2000feb4    00000012                 : systick.obj (.text.SysTickIntEnable)
                  2000fec6    00000012     libc.a : memcpy_t2.S.obj (.text:TI_memcpy_small)
                  2000fed8    00000010     nortos_cc32xx.a : ClockPSysTick_nortos.c.obj (.text.ClockP_getCpuFreq)
                  2000fee8    00000010                     : ClockPSysTick_nortos.c.obj (.text.ClockP_getSystemTicks)
                  2000fef8    00000010                     : ClockPSysTick_nortos.c.obj (.text.ClockP_setTicks)
                  2000ff08    00000010                     : HwiPCC32XX_nortos.c.obj (.text.HwiP_inISR)
                  2000ff18    00000010     drivers_cc32xx.a : PowerCC32XX.c.obj (.text.Power_enablePolicy)
                  2000ff28    00000010     driverlib.a : timer.obj (.text.TimerIntClear)
                  2000ff38    00000010     drivers_cc32xx.a : Timer.c.obj (.text.Timer_Params_init)
                  2000ff48    00000010     main_nortos.o (.text.main)
                  2000ff58    00000010     libc.a : copy_zero_init.c.obj (.text:decompress:ZI)
                  2000ff68    0000000e     libsysbm.a : hostrename.c.obj (.text.strcpy)
                  2000ff76    0000000e     libc.a : _printfi.c.obj (.text.strlen)
                  2000ff84    0000000e     libsysbm.a : hostrename.c.obj (.text.strlen)
                  2000ff92    0000000e     libc.a : memset_t2.S.obj (.text:TI_memset_small)
                  2000ffa0    0000000e            : copy_decompress_none.c.obj (.text:decompress:none)
                  2000ffae    0000000c     driverlib.a : cpu.obj (.text.CPUwfi)
                  2000ffba    0000000c                 : prcm.obj (.text.PRCMLPDSWakeupCauseGet)
                  2000ffc6    00000002     --HOLE-- [fill = 0]
                  2000ffc8    0000000c     drivers_cc32xx.a : PowerCC32XX.c.obj (.text.Power_getConstraintMask)
                  2000ffd4    0000000c                      : TimerCC32XX.c.obj (.text.postNotifyFxn)
                  2000ffe0    0000000a     nortos_cc32xx.a : ClockPSysTick_nortos.c.obj (.text.ClockP_isActive)
                  2000ffea    0000000a     driverlib.a : interrupt.obj (.text.IntMasterDisable)
                  2000fff4    0000000a                 : interrupt.obj (.text.IntMasterEnable)
                  2000fffe    00000002     --HOLE-- [fill = 0]
                  20010000    0000000a     libclang_rt.builtins.a : aeabi_memset.S.obj (.text.__aeabi_memset)
                  2001000a    00000008     nortos_cc32xx.a : HwiPCC32XX_nortos.c.obj (.text.HwiP_disable)
                  20010012    00000008                     : HwiPCC32XX_nortos.c.obj (.text.HwiP_restore)
                  2001001a    00000008     driverlib.a : prcm.obj (.text.PRCMSleepEnter)
                  20010022    00000008                 : utils.obj (.text.UtilsDelay)
                  2001002a    00000002     --HOLE-- [fill = 0]
                  2001002c    00000008     libclang_rt.builtins.a : aeabi_memset.S.obj (.text.__aeabi_memclr)
                  20010034    00000008     libc.a : memory.c.obj (.text.malloc)
                  2001003c    00000004     nortos_cc32xx.a : HwiPCC32XX_nortos.c.obj (.text.HwiP_clearInterrupt)
                  20010040    00000004                     : HwiPCC32XX_nortos.c.obj (.text.HwiP_enable)
                  20010044    00000004                     : HwiPCC32XX_nortos.c.obj (.text.HwiP_post)
                  20010048    00000004     driverlib.a : interrupt.obj (.text.IntDefaultHandler)
                  2001004c    00000004     nortos_cc32xx.a : NoRTOS.c.obj (.text.NoRTOS_start)
                  20010050    00000004                     : SemaphoreP_nortos.c.obj (.text.SemaphoreP_delete)
                  20010054    00000004     libclang_rt.builtins.a : aeabi_memcpy.S.obj (.text.__aeabi_memcpy)
                  20010058    00000004     libc.a : printf.c.obj (.text._outc)
                  2001005c    00000004            : printf.c.obj (.text._outs)
                  20010060    00000004            : pre_init.c.obj (.text._system_pre_init)
                  20010064    00000004            : fseek.c.obj (.text.fseek)
                  20010068    00000004     libsysbm.a : remove.c.obj (.text.remove)
                  2001006c    00000004     libc.a : exit.c.obj (.text:abort)

.ramVecs   0    20000000    0000030c     NOLOAD SECTION
                  20000000    0000030c     nortos_cc32xx.a : startup_cc32xx_ticlang.c.obj (.ramVecs)

.stack     0    20003000    00001000     UNINITIALIZED
                  20003000    00000004     libc.a : boot_cortex_m.c.obj (.stack)
                  20003004    00000ffc     --HOLE--

.resetVecs 
*          0    20004000    00000040     
                  20004000    00000040     nortos_cc32xx.a : startup_cc32xx_ticlang.c.obj (.resetVecs)

.sysmem    0    20004040    00008000     UNINITIALIZED
                  20004040    00000010     libc.a : memory.c.obj (.sysmem)
                  20004050    00007ff0     --HOLE--

.rodata    0    200108f8    00000594     
                  200108f8    00000100     driverlib.a : pin.obj (.rodata.g_ulPinToPadMap)
                  200109f8    000000d4                 : interrupt.obj (.rodata.g_pulRegs)
                  20010acc    000000a8                 : prcm.obj (.rodata.PRCM_PeriphRegsList)
                  20010b74    00000044     ti_drivers_config.o (.rodata.PowerCC32XX_config)
                  20010bb8    00000032     gpiointerrupt.o (.rodata.str1.141903793882500296341)
                  20010bea    00000031     gpiointerrupt.o (.rodata.str1.172639838942318644741)
                  20010c1b    0000002a     gpiointerrupt.o (.rodata.str1.8099049698717124711)
                  20010c45    00000029     gpiointerrupt.o (.rodata.str1.132411689497273966311)
                  20010c6e    00000002     libc.a : fputs.c.obj (.rodata.str1.127069605411828601681)
                  20010c70    00000028     drivers_cc32xx.a : GPIOCC32XX.c.obj (.rodata.portConfigs)
                  20010c98    00000028     gpiointerrupt.o (.rodata.str1.46356008295454626571)
                  20010cc0    00000027     gpiointerrupt.o (.rodata.str1.13049370440881607181)
                  20010ce7    00000026     gpiointerrupt.o (.rodata.str1.179641452611744963601)
                  20010d0d    00000023     gpiointerrupt.o (.rodata.str1.102632209048845999991)
                  20010d30    00000021     drivers_cc32xx.a : GPIOCC32XX.c.obj (.rodata.pinTable)
                  20010d51    0000001e     gpiointerrupt.o (.rodata.str1.11185842174238506241)
                  20010d6f    0000001a     gpiointerrupt.o (.rodata.str1.181675244382094836811)
                  20010d89    0000001a     gpiointerrupt.o (.rodata.str1.54086292066193031871)
                  20010da3    00000019     gpiointerrupt.o (.rodata.str1.136152478492430715881)
                  20010dbc    00000019     gpiointerrupt.o (.rodata.str1.53463108540272977731)
                  20010dd5    00000001     ti_drivers_config.o (.rodata.GPIO_pinUpperBound)
                  20010dd6    00000001     ti_drivers_config.o (.rodata.Timer_count)
                  20010dd7    00000001     --HOLE-- [fill = 0]
                  20010dd8    00000018     driverlib.a : interrupt.obj (.rodata.g_pulDisRegs)
                  20010df0    00000018                 : interrupt.obj (.rodata.g_pulEnRegs)
                  20010e08    00000018                 : interrupt.obj (.rodata.g_pulPendRegs)
                  20010e20    00000018                 : interrupt.obj (.rodata.g_pulUnpendRegs)
                  20010e38    00000011     libc.a : _printfi.c.obj (.rodata.str1.44690500295887128011)
                  20010e49    00000003     --HOLE-- [fill = 0]
                  20010e4c    00000010     ti_drivers_config.o (.rodata.GPIO_config)
                  20010e5c    00000010     ti_drivers_config.o (.rodata.timerCC32XXHWAttrs)
                  20010e6c    0000000c     drivers_cc32xx.a : Timer.c.obj (.rodata.defaultParams)
                  20010e78    0000000c                      : TimerCC32XX.c.obj (.rodata.defaultParams)
                  20010e84    00000008     ti_drivers_config.o (.rodata.Timer_config)

.cinit     0    20011330    0000015c     
                  20011330    00000137     (.cinit..data.load) [load image, compression = lzss]
                  20011467    00000001     --HOLE-- [fill = 0]
                  20011468    0000000c     (__TI_handler_table)
                  20011474    00000008     (.cinit..bss.load) [load image, compression = zero_init]
                  2001147c    00000010     (__TI_cinit_table)

.init_array 
*          0    20004000    00000000     UNINITIALIZED

.data      0    20010070    00000885     UNINITIALIZED
                  20010070    0000030c     nortos_cc32xx.a : HwiPCC32XX_nortos.c.obj (.data.HwiP_dispatchTable)
                  2001037c    0000016c     drivers_cc32xx.a : PowerCC32XX.c.obj (.data.PowerCC32XX_module)
                  200104e8    000000f8     ti_drivers_config.o (.data.parkInfo)
                  200105e0    000000f0     libc.a : defs.c.obj (.data._ftable)
                  200106d0    00000084     ti_drivers_config.o (.data.gpioPinConfigs)
                  20010754    00000078     libsysbm.a : host_device.c.obj (.data._device)
                  200107cc    00000050                : host_device.c.obj (.data._stream)
                  2001081c    0000004c     nortos_cc32xx.a : SwiP_nortos.c.obj (.data..L_MergedGlobals)
                  20010868    00000041     gpiointerrupt.o (.data..L_MergedGlobals)
                  200108a9    00000001     drivers_cc32xx.a : GPIOCC32XX.c.obj (.data.initCalled)
                  200108aa    00000001                      : GPIOCC32XX.c.obj (.data.portHwiCreatedBitMask)
                  200108ab    00000001     --HOLE--
                  200108ac    00000018                      : GPIOCC32XX.c.obj (.data..L_MergedGlobals)
                  200108c4    00000004     nortos_cc32xx.a : HwiPCC32XX_nortos.c.obj (.data.HwiP_swiPIntNum)
                  200108c8    00000010                     : SemaphoreP_nortos.c.obj (.data..L_MergedGlobals)
                  200108d8    00000008     libc.a : exit.c.obj (.data..L_MergedGlobals)
                  200108e0    00000008     nortos_cc32xx.a : ClockPSysTick_nortos.c.obj (.data..L_MergedGlobals)
                  200108e8    00000004     libc.a : defs.c.obj (.data.__TI_ft_end)
                  200108ec    00000004            : _lock.c.obj (.data._lock)
                  200108f0    00000004            : _lock.c.obj (.data._unlock)
                  200108f4    00000001            : memory.c.obj (.data.memory_is_initialized)

.bss       0    20010e90    0000049f     UNINITIALIZED
                  20010e90    0000012c     (.common:PowerCC32XX_contextSave)
                  20010fbc    00000120     libsysbm.a : trgmsg.c.obj (.bss:_CIOBUF_)
                  200110dc    000000a0     libc.a : defs.c.obj (.bss.__TI_tmpnams)
                  2001117c    00000084     (.common:gpioCallbackFunctions)
                  20011200    00000084     (.common:gpioUserArgs)
                  20011284    00000084     (.common:timerCC32XXObjects)
                  20011308    00000010     (.common:ClockP_ctrl)
                  20011318    00000008     libsysbm.a : hostopen.c.obj (.bss.parmbuf)
                  20011320    00000004     nortos_cc32xx.a : ClockPSysTick_nortos.c.obj (.bss.sysTickPeriod)
                  20011324    00000004     libc.a : memory.c.obj (.bss.sys_free)
                  20011328    00000004     drivers_cc32xx.a : TimerCC32XX.c.obj (.bss.timerState.0)
                  2001132c    00000001     (.common:BUTTON_STATE)
                  2001132d    00000001     (.common:CURRENT_MESSAGE)
                  2001132e    00000001     (.common:LED_STATE)

.log_data 
*          0    90000000    00000000     COPY SECTION

.log_ptr   0    94000008    00000000     COPY SECTION

__llvm_prf_cnts 
*          0    20004000    00000000     UNINITIALIZED

__llvm_prf_bits 
*          0    20004000    00000000     UNINITIALIZED

MODULE SUMMARY

       Module                         code    ro data   rw data
       ------                         ----    -------   -------
    .\
       gpiointerrupt.o                484     466       68     
       main_nortos.o                  16      0         0      
    +--+------------------------------+-------+---------+---------+
       Total:                         500     466       68     
                                                               
    .\syscfg\
       ti_drivers_config.o            24      110       776    
    +--+------------------------------+-------+---------+---------+
       Total:                         24      110       776    
                                                               
    C:/ti/simplelink_cc32xx_sdk_7_10_00_13/kernel/nortos/lib/ticlang/m4/nortos_cc32xx.a
       HwiPCC32XX_nortos.c.obj        286     0         784    
       startup_cc32xx_ticlang.c.obj   88      64        780    
       ClockPSysTick_nortos.c.obj     524     0         28     
       SemaphoreP_nortos.c.obj        392     0         16     
       PowerCC32XX_nortos.c.obj       404     0         0      
       SwiP_nortos.c.obj              84      0         76     
       NoRTOS.c.obj                   4       0         0      
    +--+------------------------------+-------+---------+---------+
       Total:                         1782    64        1684   
                                                               
    C:/ti/simplelink_cc32xx_sdk_7_10_00_13/source/ti/devices/cc32xx/driverlib/ticlang/Release/driverlib.a
       prcm.obj                       2564    168       0      
       interrupt.obj                  868     308       0      
       pin.obj                        688     256       0      
       gpio.obj                       388     0         0      
       timer.obj                      278     0         0      
       flash.obj                      92      0         0      
       systick.obj                    76      0         0      
       cpu.obj                        52      0         0      
       utils.obj                      8       0         0      
    +--+------------------------------+-------+---------+---------+
       Total:                         5014    732       0      
                                                               
    C:/ti/simplelink_cc32xx_sdk_7_10_00_13/source/ti/drivers/lib/ticlang/m4/drivers_cc32xx.a
       PowerCC32XX.c.obj              1944    0         664    
       GPIOCC32XX.c.obj               960     73        26     
       TimerCC32XX.c.obj              880     12        4      
       Timer.c.obj                    150     12        0      
       PowerCC32XX_ticlang.asm.obj    150     0         0      
       List.c.obj                     76      0         0      
       GPIO.c.obj                     28      0         0      
    +--+------------------------------+-------+---------+---------+
       Total:                         4188    97        694    
                                                               
    C:\ti\ccs1260\ccs\tools\compiler\ti-cgt-armllvm_3.2.1.LTS\lib\armv7em-ti-none-eabi/c/libc.a
       strcmp_t2.S.obj                732     0         0      
       memory.c.obj                   712     0         5      
       _printfi.c.obj                 630     17        0      
       defs.c.obj                     0       0         404    
       fputs.c.obj                    276     2         0      
       setvbuf.c.obj                  216     0         0      
       getdevice.c.obj                148     0         0      
       fputc.c.obj                    136     0         0      
       fclose.c.obj                   116     0         0      
       copy_decompress_lzss.c.obj     112     0         0      
       fseek.c.obj                    108     0         0      
       printf.c.obj                   104     0         0      
       _io_perm.c.obj                 96      0         0      
       fflush.c.obj                   80      0         0      
       exit.c.obj                     52      0         8      
       autoinit.c.obj                 56      0         0      
       fopen.c.obj                    52      0         0      
       boot_cortex_m.c.obj            36      0         0      
       memccpy.c.obj                  30      0         0      
       memcpy_t2.S.obj                18      0         0      
       copy_zero_init.c.obj           16      0         0      
       copy_decompress_none.c.obj     14      0         0      
       memset_t2.S.obj                14      0         0      
       _lock.c.obj                    2       0         8      
       pre_init.c.obj                 4       0         0      
    +--+------------------------------+-------+---------+---------+
       Total:                         3760    19        425    
                                                               
    C:\ti\ccs1260\ccs\tools\compiler\ti-cgt-armllvm_3.2.1.LTS\lib\armv7em-ti-none-eabi/c/libsysbm.a
       trgmsg.c.obj                   100     0         288    
       host_device.c.obj              0       0         200    
       hostrename.c.obj               128     0         0      
       close.c.obj                    96      0         0      
       hostopen.c.obj                 88      0         8      
       hostlseek.c.obj                88      0         0      
       hostread.c.obj                 84      0         0      
       hostwrite.c.obj                84      0         0      
       hostunlink.c.obj               68      0         0      
       hostclose.c.obj                60      0         0      
       lseek.c.obj                    44      0         0      
       unlink.c.obj                   44      0         0      
       write.c.obj                    44      0         0      
       remove.c.obj                   4       0         0      
    +--+------------------------------+-------+---------+---------+
       Total:                         932     0         496    
                                                               
    C:\ti\ccs1260\ccs\tools\compiler\ti-cgt-armllvm_3.2.1.LTS\lib\clang/15.0.7/lib/armv7em-ti-none-eabi/libclang_rt.builtins.a
       udivmoddi4.S.obj               176     0         0      
       aeabi_uldivmod.S.obj           20      0         0      
       aeabi_memset.S.obj             18      0         0      
       aeabi_memcpy.S.obj             4       0         0      
       aeabi_div0.c.obj               2       0         0      
    +--+------------------------------+-------+---------+---------+
       Total:                         220     0         0      
                                                               
       Heap:                          0       0         32768  
       Stack:                         0       0         4096   
       Linker Generated:              0       347       0      
    +--+------------------------------+-------+---------+---------+
       Grand Total:                   16420   1835      41007  


LINKER GENERATED COPY TABLES

__TI_cinit_table @ 2001147c records: 2, size/record: 8, table size: 16
	.data: load addr=20011330, load size=00000137 bytes, run addr=20010070, run size=00000885 bytes, compression=lzss
	.bss: load addr=20011474, load size=00000008 bytes, run addr=20010e90, run size=0000049f bytes, compression=zero_init


LINKER GENERATED HANDLER TABLE

__TI_handler_table @ 20011468 records: 3, size/record: 4, table size: 12
	index: 0, handler: __TI_decompress_lzss
	index: 1, handler: __TI_decompress_none
	index: 2, handler: __TI_zero_init


GLOBAL SYMBOLS: SORTED ALPHABETICALLY BY Name 

address   name                             
-------   ----                             
2001132c  BUTTON_STATE                     
2000fd51  Board_init                       
2000dab7  Board_initHook                   
2001006c  C$$EXIT                          
2000f5f7  C$$IO$$                          
2000fd93  CPUcpsid                         
2000fda7  CPUcpsie                         
2000ffaf  CPUwfi                           
2001132d  CURRENT_MESSAGE                  
2000fe49  ClockP_add                       
20011308  ClockP_ctrl                      
2000f349  ClockP_destruct                  
2000c8dd  ClockP_doTick                    
2000fed9  ClockP_getCpuFreq                
2000fee9  ClockP_getSystemTicks            
2000f635  ClockP_getTicksUntilInterrupt    
2000ffe1  ClockP_isActive                  
2000fef9  ClockP_setTicks                  
2000f495  ClockP_start                     
2000e7c9  ClockP_startup                   
2000f295  ClockP_stop                      
2000ed41  ClockP_sysTickHandler            
200108e4  ClockP_tickPeriod                
2000e5fd  FlashDisable                     
2000eeef  GPIODirModeSet                   
2000fe5b  GPIOIntClear                     
2000fc85  GPIOIntDisable                   
2000fd21  GPIOIntEnable                    
2000f7b5  GPIOIntStatus                    
2000d8c5  GPIOIntTypeSet                   
2000fad9  GPIOPinWrite                     
20010e4c  GPIO_config                      
2000ef35  GPIO_disableInt                  
2000ef79  GPIO_enableInt                   
2000ead1  GPIO_hwiIntFxn                   
2000dbe9  GPIO_init                        
20010dd5  GPIO_pinUpperBound               
2000fbdd  GPIO_setCallback                 
2000d0bd  GPIO_setConfig                   
2000ec11  GPIO_setInterruptConfig          
2000e47d  GPIO_write                       
2000f2d1  HOSTclose                        
2000e821  HOSTlseek                        
2000e879  HOSTopen                         
2000e981  HOSTread                         
2000e419  HOSTrename                       
2000efbd  HOSTunlink                       
2000e9d5  HOSTwrite                        
2000fe6d  HwiP_Params_init                 
2001003d  HwiP_clearInterrupt              
2000de91  HwiP_construct                   
2000f895  HwiP_create                      
2000fe7f  HwiP_delete                      
2000fdbb  HwiP_destruct                    
2001000b  HwiP_disable                     
2000fbf9  HwiP_dispatch                    
20010041  HwiP_enable                      
2000ff09  HwiP_inISR                       
20010045  HwiP_post                        
20010013  HwiP_restore                     
200108c4  HwiP_swiPIntNum                  
UNDEFED   ITM_flush                        
UNDEFED   ITM_restore                      
2000d5d5  IntDisable                       
2000d69d  IntEnable                        
2000ffeb  IntMasterDisable                 
2000fff5  IntMasterEnable                  
2000e277  IntPendClear                     
2000d971  IntPendSet                       
2000e8d1  IntPrioritySet                   
2000fb1d  IntRegister                      
2000f9dd  IntUnregister                    
2000fdcf  IntVTableBaseSet                 
2001132e  LED_STATE                        
2000fa01  List_put                         
2000f913  List_remove                      
2001004d  NoRTOS_start                     
2000c041  PRCMCC3200MCUInit                
2000fc9f  PRCMHIBRegRead                   
2000fcb9  PRCMHIBRegWrite                  
2000df05  PRCMHibernateWakeUpGPIOSelect    
2000e659  PRCMHibernateWakeupSourceDisable 
2000eb21  PRCMHibernateWakeupSourceEnable  
2000ed89  PRCMIntEnable                    
2000e929  PRCMLPDSEnter                    
2000eea9  PRCMLPDSEnterKeepDebugIf         
2000f665  PRCMLPDSIntervalSet              
2000ec5d  PRCMLPDSRestoreInfoSet           
2000f8bf  PRCMLPDSWakeUpGPIOSelect         
2000ffbb  PRCMLPDSWakeupCauseGet           
2000fcd3  PRCMLPDSWakeupSourceDisable      
2000fa25  PRCMLPDSWakeupSourceEnable       
2000f8e9  PRCMPeripheralClkDisable         
2000e76d  PRCMPeripheralClkEnable          
2000e20d  PRCMPeripheralReset              
2000edd1  PRCMPeripheralStatusGet          
2000f93b  PRCMSRAMRetentionEnable          
2001001b  PRCMSleepEnter                   
2000f695  PRCMSlowClkCtrFastGet            
2000dc79  PRCMSysResetCauseGet             
2000ee19  PinConfigGet                     
2000da15  PinConfigSet                     
2000f4c9  PinDirModeGet                    
2000f255  PinDirModeSet                    
2000f429  PinLock                          
2000e05d  PinLockLevelSet                  
2000f4fd  PinModeGet                       
2000f0cd  PinModeSet                       
2000fced  PinToPadGet                      
2000fafb  PinUnlock                        
20010b74  PowerCC32XX_config               
2000dd09  PowerCC32XX_configureWakeup      
20010e90  PowerCC32XX_contextSave          
2000db51  PowerCC32XX_enterLPDS            
2000dbe7  PowerCC32XX_initPolicy           
2001037c  PowerCC32XX_module               
2000f531  PowerCC32XX_parkPin              
2000fa49  PowerCC32XX_restoreParkedPin     
2000db95  PowerCC32XX_resumeLPDS           
2000ea29  PowerCC32XX_setParkState         
2000ce25  PowerCC32XX_sleepPolicy          
2000fde5  Power_disablePolicy              
2000ff19  Power_enablePolicy               
2000ffc9  Power_getConstraintMask          
2000fdf9  Power_getTransitionLatency       
2000fe0d  Power_idleFunc                   
2000de19  Power_init                       
2000fa6d  Power_registerNotify             
2000f001  Power_releaseConstraint          
2000ea7d  Power_releaseDependency          
2000f381  Power_setConstraint              
2000e0c9  Power_setDependency              
2000c4f9  Power_sleep                      
2000fb3d  Power_unregisterNotify           
2000eb71  SemaphoreP_construct             
2000fb5d  SemaphoreP_constructBinary       
2000fd39  SemaphoreP_create                
2000fb7d  SemaphoreP_createBinary          
200108d0  SemaphoreP_defaultParams         
20010051  SemaphoreP_delete                
2000dd07  SemaphoreP_destruct              
2000dab9  SemaphoreP_pend                  
2000f1d5  SemaphoreP_post                  
2000fc15  SwiP_disable                     
2000f3b9  SwiP_restore                     
2000fe91  SysTickEnable                    
2000fea3  SysTickIntDisable                
2000feb5  SysTickIntEnable                 
2000fd67  SysTickPeriodSet                 
2000fec7  TI_memcpy_small                  
2000ff93  TI_memset_small                  
2000e6b5  TimerCC32XX_allocateTimerResource
2000f565  TimerCC32XX_freeTimerResource    
2000f10f  TimerControlStall                
2000fb9d  TimerDisable                     
2000fd07  TimerEnable                      
2000ff29  TimerIntClear                    
2000fd7d  TimerIntDisable                  
2000fe21  TimerIntEnable                   
2000f6c5  TimerLoadSet                     
2000f6f5  TimerPrescaleSet                 
2000f963  TimerSupport_timerDisable        
2000f30d  TimerSupport_timerEnable         
2000ff39  Timer_Params_init                
2000f151  Timer_close                      
20010e84  Timer_config                     
20010dd6  Timer_count                      
2000e2df  Timer_init                       
2000cf75  Timer_open                       
2000f045  Timer_start                      
2000f215  Timer_stop                       
20010023  UtilsDelay                       
20010fbc  _CIOBUF_                         
20010fbc  __CIOBUF_                        
20004000  __STACK_END                      
00001000  __STACK_SIZE                     
00008000  __SYSMEM_SIZE                    
00000000  __TI_ATRegion0_region_sz         
00000000  __TI_ATRegion0_src_addr          
00000000  __TI_ATRegion0_trg_addr          
00000000  __TI_ATRegion1_region_sz         
00000000  __TI_ATRegion1_src_addr          
00000000  __TI_ATRegion1_trg_addr          
00000000  __TI_ATRegion2_region_sz         
00000000  __TI_ATRegion2_src_addr          
00000000  __TI_ATRegion2_trg_addr          
2001147c  __TI_CINIT_Base                  
2001148c  __TI_CINIT_Limit                 
2001148c  __TI_CINIT_Warm                  
20011468  __TI_Handler_Table_Base          
20011474  __TI_Handler_Table_Limit         
2000f3f1  __TI_auto_init_nobinit_nopinit   
2000f599  __TI_cleanup                     
200108d8  __TI_cleanup_ptr                 
2000df79  __TI_closefile                   
2000dfed  __TI_decompress_lzss             
2000ffa1  __TI_decompress_none             
2000ebc1  __TI_doflush                     
200108dc  __TI_dtors_ptr                   
200108e8  __TI_ft_end                      
ffffffff  __TI_pprof_out_hndl              
2000cbbd  __TI_printfi_minimal             
ffffffff  __TI_prof_data_size              
ffffffff  __TI_prof_data_start             
2000f725  __TI_readmsg                     
20011330  __TI_static_base__               
200110dc  __TI_tmpnams                     
2000f5cd  __TI_writemsg                    
2000e4dd  __TI_wrt_ok                      
2000ff59  __TI_zero_init                   
2000e7c7  __aeabi_ldiv0                    
2001002d  __aeabi_memclr                   
2001002d  __aeabi_memclr4                  
2001002d  __aeabi_memclr8                  
20010055  __aeabi_memcpy                   
20010055  __aeabi_memcpy4                  
20010055  __aeabi_memcpy8                  
20010001  __aeabi_memset                   
20010001  __aeabi_memset4                  
20010001  __aeabi_memset8                  
2000fe35  __aeabi_uldivmod                 
ffffffff  __binit__                        
UNDEFED   __mpu_init                       
20003000  __stack                          
20004000  __start___llvm_prf_bits          
20004000  __start___llvm_prf_cnts          
20004000  __stop___llvm_prf_bits           
20004000  __stop___llvm_prf_cnts           
2000d815  __udivmoddi4                     
2000fab5  _c_int00_noargs                  
20010754  _device                          
200105e0  _ftable                          
200108ec  _lock                            
2000e97f  _nop                             
200107cc  _stream                          
20004040  _sys_memory                      
UNDEFED   _system_post_cinit               
20010061  _system_pre_init                 
200108f0  _unlock                          
2001006d  abort                            
2000d1fd  aligned_alloc                    
ffffffff  binit                            
2000ef33  clkFxn                           
2000e53d  close                            
2000f755  exit                             
2000f7e5  finddevice                       
2000dd91  fputc                            
2000d31d  fputs                            
2000d40d  free                             
20010065  fseek                            
2000e2e1  fseeko                           
2000e349  getdevice                        
2000f9b5  gpioButtonCallback               
2001117c  gpioCallbackFunctions            
200106d0  gpioPinConfigs                   
20011200  gpioUserArgs                     
2000e711  initTimer                        
2000f601  initVectors                      
2000f811  lseek                            
2000ff49  main                             
2000e3b1  mainThread                       
20010035  malloc                           
2000d1fd  memalign                         
2000fbbd  memccpy                          
2001086c  messageCounter                   
20010868  messageDelayActive               
20010870  messageDelayCounter              
20010874  okMessage                        
200104e8  parkInfo                         
20011318  parmbuf                          
2000e59d  printf                           
2000fa91  puts                             
20010069  remove                           
2000fc69  resetISR                         
2000ee61  setLEDs                          
2000d4fd  setvbuf                          
2001088d  sosMessage                       
2000c8e9  strcmp                           
20010e5c  timerCC32XXHWAttrs               
20011284  timerCC32XXObjects               
2000d765  timerCallback                    
2000f83d  unlink                           
2000f869  write                            


GLOBAL SYMBOLS: SORTED BY Symbol Address 

address   name                             
-------   ----                             
00000000  __TI_ATRegion0_region_sz         
00000000  __TI_ATRegion0_src_addr          
00000000  __TI_ATRegion0_trg_addr          
00000000  __TI_ATRegion1_region_sz         
00000000  __TI_ATRegion1_src_addr          
00000000  __TI_ATRegion1_trg_addr          
00000000  __TI_ATRegion2_region_sz         
00000000  __TI_ATRegion2_src_addr          
00000000  __TI_ATRegion2_trg_addr          
00001000  __STACK_SIZE                     
00008000  __SYSMEM_SIZE                    
20003000  __stack                          
20004000  __STACK_END                      
20004000  __start___llvm_prf_bits          
20004000  __start___llvm_prf_cnts          
20004000  __stop___llvm_prf_bits           
20004000  __stop___llvm_prf_cnts           
20004040  _sys_memory                      
2000c041  PRCMCC3200MCUInit                
2000c4f9  Power_sleep                      
2000c8dd  ClockP_doTick                    
2000c8e9  strcmp                           
2000cbbd  __TI_printfi_minimal             
2000ce25  PowerCC32XX_sleepPolicy          
2000cf75  Timer_open                       
2000d0bd  GPIO_setConfig                   
2000d1fd  aligned_alloc                    
2000d1fd  memalign                         
2000d31d  fputs                            
2000d40d  free                             
2000d4fd  setvbuf                          
2000d5d5  IntDisable                       
2000d69d  IntEnable                        
2000d765  timerCallback                    
2000d815  __udivmoddi4                     
2000d8c5  GPIOIntTypeSet                   
2000d971  IntPendSet                       
2000da15  PinConfigSet                     
2000dab7  Board_initHook                   
2000dab9  SemaphoreP_pend                  
2000db51  PowerCC32XX_enterLPDS            
2000db95  PowerCC32XX_resumeLPDS           
2000dbe7  PowerCC32XX_initPolicy           
2000dbe9  GPIO_init                        
2000dc79  PRCMSysResetCauseGet             
2000dd07  SemaphoreP_destruct              
2000dd09  PowerCC32XX_configureWakeup      
2000dd91  fputc                            
2000de19  Power_init                       
2000de91  HwiP_construct                   
2000df05  PRCMHibernateWakeUpGPIOSelect    
2000df79  __TI_closefile                   
2000dfed  __TI_decompress_lzss             
2000e05d  PinLockLevelSet                  
2000e0c9  Power_setDependency              
2000e20d  PRCMPeripheralReset              
2000e277  IntPendClear                     
2000e2df  Timer_init                       
2000e2e1  fseeko                           
2000e349  getdevice                        
2000e3b1  mainThread                       
2000e419  HOSTrename                       
2000e47d  GPIO_write                       
2000e4dd  __TI_wrt_ok                      
2000e53d  close                            
2000e59d  printf                           
2000e5fd  FlashDisable                     
2000e659  PRCMHibernateWakeupSourceDisable 
2000e6b5  TimerCC32XX_allocateTimerResource
2000e711  initTimer                        
2000e76d  PRCMPeripheralClkEnable          
2000e7c7  __aeabi_ldiv0                    
2000e7c9  ClockP_startup                   
2000e821  HOSTlseek                        
2000e879  HOSTopen                         
2000e8d1  IntPrioritySet                   
2000e929  PRCMLPDSEnter                    
2000e97f  _nop                             
2000e981  HOSTread                         
2000e9d5  HOSTwrite                        
2000ea29  PowerCC32XX_setParkState         
2000ea7d  Power_releaseDependency          
2000ead1  GPIO_hwiIntFxn                   
2000eb21  PRCMHibernateWakeupSourceEnable  
2000eb71  SemaphoreP_construct             
2000ebc1  __TI_doflush                     
2000ec11  GPIO_setInterruptConfig          
2000ec5d  PRCMLPDSRestoreInfoSet           
2000ed41  ClockP_sysTickHandler            
2000ed89  PRCMIntEnable                    
2000edd1  PRCMPeripheralStatusGet          
2000ee19  PinConfigGet                     
2000ee61  setLEDs                          
2000eea9  PRCMLPDSEnterKeepDebugIf         
2000eeef  GPIODirModeSet                   
2000ef33  clkFxn                           
2000ef35  GPIO_disableInt                  
2000ef79  GPIO_enableInt                   
2000efbd  HOSTunlink                       
2000f001  Power_releaseConstraint          
2000f045  Timer_start                      
2000f0cd  PinModeSet                       
2000f10f  TimerControlStall                
2000f151  Timer_close                      
2000f1d5  SemaphoreP_post                  
2000f215  Timer_stop                       
2000f255  PinDirModeSet                    
2000f295  ClockP_stop                      
2000f2d1  HOSTclose                        
2000f30d  TimerSupport_timerEnable         
2000f349  ClockP_destruct                  
2000f381  Power_setConstraint              
2000f3b9  SwiP_restore                     
2000f3f1  __TI_auto_init_nobinit_nopinit   
2000f429  PinLock                          
2000f495  ClockP_start                     
2000f4c9  PinDirModeGet                    
2000f4fd  PinModeGet                       
2000f531  PowerCC32XX_parkPin              
2000f565  TimerCC32XX_freeTimerResource    
2000f599  __TI_cleanup                     
2000f5cd  __TI_writemsg                    
2000f5f7  C$$IO$$                          
2000f601  initVectors                      
2000f635  ClockP_getTicksUntilInterrupt    
2000f665  PRCMLPDSIntervalSet              
2000f695  PRCMSlowClkCtrFastGet            
2000f6c5  TimerLoadSet                     
2000f6f5  TimerPrescaleSet                 
2000f725  __TI_readmsg                     
2000f755  exit                             
2000f7b5  GPIOIntStatus                    
2000f7e5  finddevice                       
2000f811  lseek                            
2000f83d  unlink                           
2000f869  write                            
2000f895  HwiP_create                      
2000f8bf  PRCMLPDSWakeUpGPIOSelect         
2000f8e9  PRCMPeripheralClkDisable         
2000f913  List_remove                      
2000f93b  PRCMSRAMRetentionEnable          
2000f963  TimerSupport_timerDisable        
2000f9b5  gpioButtonCallback               
2000f9dd  IntUnregister                    
2000fa01  List_put                         
2000fa25  PRCMLPDSWakeupSourceEnable       
2000fa49  PowerCC32XX_restoreParkedPin     
2000fa6d  Power_registerNotify             
2000fa91  puts                             
2000fab5  _c_int00_noargs                  
2000fad9  GPIOPinWrite                     
2000fafb  PinUnlock                        
2000fb1d  IntRegister                      
2000fb3d  Power_unregisterNotify           
2000fb5d  SemaphoreP_constructBinary       
2000fb7d  SemaphoreP_createBinary          
2000fb9d  TimerDisable                     
2000fbbd  memccpy                          
2000fbdd  GPIO_setCallback                 
2000fbf9  HwiP_dispatch                    
2000fc15  SwiP_disable                     
2000fc69  resetISR                         
2000fc85  GPIOIntDisable                   
2000fc9f  PRCMHIBRegRead                   
2000fcb9  PRCMHIBRegWrite                  
2000fcd3  PRCMLPDSWakeupSourceDisable      
2000fced  PinToPadGet                      
2000fd07  TimerEnable                      
2000fd21  GPIOIntEnable                    
2000fd39  SemaphoreP_create                
2000fd51  Board_init                       
2000fd67  SysTickPeriodSet                 
2000fd7d  TimerIntDisable                  
2000fd93  CPUcpsid                         
2000fda7  CPUcpsie                         
2000fdbb  HwiP_destruct                    
2000fdcf  IntVTableBaseSet                 
2000fde5  Power_disablePolicy              
2000fdf9  Power_getTransitionLatency       
2000fe0d  Power_idleFunc                   
2000fe21  TimerIntEnable                   
2000fe35  __aeabi_uldivmod                 
2000fe49  ClockP_add                       
2000fe5b  GPIOIntClear                     
2000fe6d  HwiP_Params_init                 
2000fe7f  HwiP_delete                      
2000fe91  SysTickEnable                    
2000fea3  SysTickIntDisable                
2000feb5  SysTickIntEnable                 
2000fec7  TI_memcpy_small                  
2000fed9  ClockP_getCpuFreq                
2000fee9  ClockP_getSystemTicks            
2000fef9  ClockP_setTicks                  
2000ff09  HwiP_inISR                       
2000ff19  Power_enablePolicy               
2000ff29  TimerIntClear                    
2000ff39  Timer_Params_init                
2000ff49  main                             
2000ff59  __TI_zero_init                   
2000ff93  TI_memset_small                  
2000ffa1  __TI_decompress_none             
2000ffaf  CPUwfi                           
2000ffbb  PRCMLPDSWakeupCauseGet           
2000ffc9  Power_getConstraintMask          
2000ffe1  ClockP_isActive                  
2000ffeb  IntMasterDisable                 
2000fff5  IntMasterEnable                  
20010001  __aeabi_memset                   
20010001  __aeabi_memset4                  
20010001  __aeabi_memset8                  
2001000b  HwiP_disable                     
20010013  HwiP_restore                     
2001001b  PRCMSleepEnter                   
20010023  UtilsDelay                       
2001002d  __aeabi_memclr                   
2001002d  __aeabi_memclr4                  
2001002d  __aeabi_memclr8                  
20010035  malloc                           
2001003d  HwiP_clearInterrupt              
20010041  HwiP_enable                      
20010045  HwiP_post                        
2001004d  NoRTOS_start                     
20010051  SemaphoreP_delete                
20010055  __aeabi_memcpy                   
20010055  __aeabi_memcpy4                  
20010055  __aeabi_memcpy8                  
20010061  _system_pre_init                 
20010065  fseek                            
20010069  remove                           
2001006c  C$$EXIT                          
2001006d  abort                            
2001037c  PowerCC32XX_module               
200104e8  parkInfo                         
200105e0  _ftable                          
200106d0  gpioPinConfigs                   
20010754  _device                          
200107cc  _stream                          
20010868  messageDelayActive               
2001086c  messageCounter                   
20010870  messageDelayCounter              
20010874  okMessage                        
2001088d  sosMessage                       
200108c4  HwiP_swiPIntNum                  
200108d0  SemaphoreP_defaultParams         
200108d8  __TI_cleanup_ptr                 
200108dc  __TI_dtors_ptr                   
200108e4  ClockP_tickPeriod                
200108e8  __TI_ft_end                      
200108ec  _lock                            
200108f0  _unlock                          
20010b74  PowerCC32XX_config               
20010dd5  GPIO_pinUpperBound               
20010dd6  Timer_count                      
20010e4c  GPIO_config                      
20010e5c  timerCC32XXHWAttrs               
20010e84  Timer_config                     
20010e90  PowerCC32XX_contextSave          
20010fbc  _CIOBUF_                         
20010fbc  __CIOBUF_                        
200110dc  __TI_tmpnams                     
2001117c  gpioCallbackFunctions            
20011200  gpioUserArgs                     
20011284  timerCC32XXObjects               
20011308  ClockP_ctrl                      
20011318  parmbuf                          
2001132c  BUTTON_STATE                     
2001132d  CURRENT_MESSAGE                  
2001132e  LED_STATE                        
20011330  __TI_static_base__               
20011468  __TI_Handler_Table_Base          
20011474  __TI_Handler_Table_Limit         
2001147c  __TI_CINIT_Base                  
2001148c  __TI_CINIT_Limit                 
2001148c  __TI_CINIT_Warm                  
ffffffff  __TI_pprof_out_hndl              
ffffffff  __TI_prof_data_size              
ffffffff  __TI_prof_data_start             
ffffffff  __binit__                        
ffffffff  binit                            
UNDEFED   ITM_flush                        
UNDEFED   ITM_restore                      
UNDEFED   __mpu_init                       
UNDEFED   _system_post_cinit               

[283 symbols]
