******************************************************************************
                  TI ARM Linker PC v20.2.7                     
******************************************************************************
>> Linked Fri Aug 23 10:47:35 2024

OUTPUT FILE NAME:   <gpiointerrupt_CC3220S_LAUNCHXL_nortos_ccs.out>
ENTRY POINT SYMBOL: "resetISR"  address: 200121b5


MEMORY CONFIGURATION

         name            origin    length      used     unused   attr    fill
----------------------  --------  ---------  --------  --------  ----  --------
  SRAM2                 20000000   00004000  0000130c  00002cf4  RW X
  SRAM                  20004000   0003c000  0000f6a2  0002c95e  RW X
  LOG_DATA              90000000   00040000  00000000  00040000  R   


SEGMENT ALLOCATION MAP

run origin  load origin   length   init length attrs members
----------  ----------- ---------- ----------- ----- -------
20003000    20003000    00001000   00000000    rw-
  20003000    20003000    00001000   00000000    rw- .stack
20004000    20004000    00000040   00000040    r--
  20004000    20004000    00000040   00000040    r-- .resetVecs
20004040    20004040    00008000   00000000    rw-
  20004040    20004040    00008000   00000000    rw- .sysmem
2000c040    2000c040    000066b4   000066b4    r-x
  2000c040    2000c040    000066b4   000066b4    r-x .text
200126f4    200126f4    000005d0   00000000    rw-
  200126f4    200126f4    000005d0   00000000    rw- .data
20012cc4    20012cc4    0000051a   0000051a    r--
  20012cc4    20012cc4    0000051a   0000051a    r-- .const
200131e0    200131e0    000003d4   00000000    rw-
  200131e0    200131e0    000003d4   00000000    rw- .bss
200135b8    200135b8    000000f0   000000f0    r--
  200135b8    200135b8    000000f0   000000f0    r-- .cinit


SECTION ALLOCATION MAP

 output                                  attributes/
section   page    origin      length       input sections
--------  ----  ----------  ----------   ----------------
.text      0    2000c040    000066b4     
                  2000c040    00000a4e     rtsv7M4_T_le_eabi.lib : _printfi.c.obj (.text:__TI_printfi)
                  2000ca8e    00000002     ti_drivers_config.obj (.text:Board_initHook)
                  2000ca90    0000042c     driverlib.a : prcm.obj (.text:PRCMCC3200MCUInit)
                  2000cebc    00000288     drivers_cc32xx.a : UARTCC32XX.oem4 (.text:UARTCC32XX_open)
                  2000d144    00000268     rtsv7M4_T_le_eabi.lib : _printfi.c.obj (.text:_pconv_a)
                  2000d3ac    00000250     gpiointerrupt.obj (.text:initI2C)
                  2000d5fc    000001e4     drivers_cc32xx.a : GPIOCC32XX.oem4 (.text:GPIO_setConfig)
                  2000d7e0    000001cc     rtsv7M4_T_le_eabi.lib : _printfi.c.obj (.text:_pconv_g)
                  2000d9ac    000001b6                           : fd_add_t2.asm.obj (.text)
                  2000db62    00000002     drivers_cc32xx.a : I2C.oem4 (.text:I2C_init)
                  2000db64    0000019c     nortos_cc32xx.a : PowerCC32XX_nortos.oem4 (.text:PowerCC32XX_sleepPolicy)
                  2000dd00    00000148     drivers_cc32xx.a : I2CCC32XX.oem4 (.text:I2CCC32XX_hwiFxn)
                  2000de48    00000148                      : PowerCC32XX.oem4 (.text:parkPins)
                  2000df90    0000013c     rtsv7M4_T_le_eabi.lib : _printfi.c.obj (.text:_pconv_e)
                  2000e0cc    00000138     drivers_cc32xx.a : PowerCC32XX.oem4 (.text:Power_sleep)
                  2000e204    00000136     rtsv7M4_T_le_eabi.lib : fd_div_t2.asm.obj (.text)
                  2000e33a    00000002     nortos_cc32xx.a : PowerCC32XX_nortos.oem4 (.text:PowerCC32XX_initPolicy)
                  2000e33c    00000128     drivers_cc32xx.a : TimerCC32XX.oem4 (.text:TimerCC32XX_open)
                  2000e464    00000122                      : I2C.oem4 (.text:I2C_transferTimeout)
                  2000e586    00000002                      : TimerCC32XX.oem4 (.text:TimerCC32XX_init)
                  2000e588    00000120                      : UARTCC32XX.oem4 (.text:UARTCC32XX_close)
                  2000e6a8    00000120     rtsv7M4_T_le_eabi.lib : _printfi.c.obj (.text:fcvt)
                  2000e7c8    00000120     gpiointerrupt.obj (.text:readTemp)
                  2000e8e8    00000100     rtsv7M4_T_le_eabi.lib : memory.c.obj (.text:aligned_alloc)
                  2000e9e8    000000fc     drivers_cc32xx.a : I2CCC32XX.oem4 (.text:I2C_open)
                  2000eae4    000000fc     rtsv7M4_T_le_eabi.lib : fd_mul_t2.asm.obj (.text)
                  2000ebe0    000000f2     drivers_cc32xx.a : UARTCC32XX.oem4 (.text:UARTCC32XX_control)
                  2000ecd2    00000002                      : UARTCC32XX.oem4 (.text:UARTCC32XX_init)
                  2000ecd4    000000e4     rtsv7M4_T_le_eabi.lib : memory.c.obj (.text:free)
                  2000edb8    000000d0                           : s_scalbn.c.obj (.text:scalbn)
                  2000ee88    000000ca     drivers_cc32xx.a : UARTCC32XX.oem4 (.text:UARTCC32XX_write)
                  2000ef52    00000002     rtsv7M4_T_le_eabi.lib : _lock.c.obj (.text:_nop)
                  2000ef54    000000c8     gpiointerrupt.obj (.text:mainThread)
                  2000f01c    000000c4     drivers_cc32xx.a : GPIOCC32XX.oem4 (.text:GPIO_init)
                  2000f0e0    000000c0                      : PowerCC32XX.oem4 (.text:restoreParkedPins)
                  2000f1a0    000000ba                      : UARTCC32XX.oem4 (.text:UARTCC32XX_readPolling)
                  2000f25a    00000002     nortos_cc32xx.a : startup_cc32xx_ccs.oem4 (.text:busFaultHandler)
                  2000f25c    000000b8     drivers_cc32xx.a : UARTCC32XX.oem4 (.text:initHw)
                  2000f314    000000b6                      : UARTCC32XX.oem4 (.text:readTaskCallback)
                  2000f3ca    00000002     nortos_cc32xx.a : SemaphoreP_nortos.oem4 (.text:clkFxn)
                  2000f3cc    000000b4     gpiointerrupt.obj (.text:TickFct_ServerUpdate)
                  2000f480    000000b2     drivers_cc32xx.a : I2CCC32XX.oem4 (.text:I2CCC32XX_completeTransfer)
                  2000f532    00000002     nortos_cc32xx.a : startup_cc32xx_ccs.oem4 (.text:defaultHandler)
                  2000f534    000000b1     rtsv7M4_T_le_eabi.lib : _printfi.c.obj (.text:_ltostr)
                  2000f5e5    00000001     --HOLE-- [fill = 0]
                  2000f5e6    000000b0     drivers_cc32xx.a : UARTCC32XX.oem4 (.text:readTaskBlocking)
                  2000f696    000000ae                      : UARTCC32XX.oem4 (.text:readIsrTextBlocking)
                  2000f744    000000a8                      : I2CCC32XX.oem4 (.text:I2CCC32XX_primeWriteBurst)
                  2000f7ec    000000a8     driverlib.a : interrupt.obj (.text:IntEnable)
                  2000f894    000000a8     drivers_cc32xx.a : PowerCC32XX.oem4 (.text:PowerCC32XX_configureWakeup)
                  2000f93c    000000a2                      : UARTCC32XX.oem4 (.text:readIsrTextCallback)
                  2000f9de    000000a2                      : UARTCC32XX.oem4 (.text:writeData)
                  2000fa80    000000a0     nortos_cc32xx.a : SemaphoreP_nortos.oem4 (.text:SemaphoreP_pend)
                  2000fb20    0000009c     drivers_cc32xx.a : I2CCC32XX.oem4 (.text:I2CCC32XX_initHw)
                  2000fbbc    0000009c     rtsv7M4_T_le_eabi.lib : memcpy_t2.asm.obj (.text)
                  2000fc58    00000098     drivers_cc32xx.a : GPIOCC32XX.oem4 (.text:powerNotifyFxn)
                  2000fcf0    00000096     rtsv7M4_T_le_eabi.lib : ull_div_t2.asm.obj (.text)
                  2000fd86    00000002     nortos_cc32xx.a : startup_cc32xx_ccs.oem4 (.text:faultISR)
                  2000fd88    00000090     drivers_cc32xx.a : PowerCC32XX.oem4 (.text:restoreNVICRegs)
                  2000fe18    0000008c     nortos_cc32xx.a : HwiPCC32XX_nortos.oem4 (.text:HwiP_construct)
                  2000fea4    00000088     driverlib.a : interrupt.obj (.text:IntPendSet)
                  2000ff2c    00000088                 : pin.obj (.text:PinConfigSet)
                  2000ffb4    00000088     drivers_cc32xx.a : TimerCC32XX.oem4 (.text:TimerCC32XX_setPeriod)
                  2001003c    00000086     rtsv7M4_T_le_eabi.lib : fd_cmp_t2.asm.obj (.text:__aeabi_cdcmple)
                  200100c2    00000086                           : fd_cmp_t2.asm.obj (.text:__aeabi_cdrcmple)
                  20010148    00000084     drivers_cc32xx.a : PowerCC32XX.oem4 (.text:Power_init)
                  200101cc    00000084                      : PowerCC32XX.oem4 (.text:saveNVICRegs)
                  20010250    00000080                      : PowerCC32XX.oem4 (.text:Power_setDependency)
                  200102d0    0000007c                      : UARTCC32XX.oem4 (.text:readIsrBinaryBlocking)
                  2001034c    0000007a                      : I2CCC32XX.oem4 (.text:I2CCC32XX_primeReadBurst)
                  200103c6    0000007a     rtsv7M4_T_le_eabi.lib : fs_mul_t2.asm.obj (.text)
                  20010440    0000007a                           : memset_t2.asm.obj (.text)
                  200104ba    00000002     nortos_cc32xx.a : startup_cc32xx_ccs.oem4 (.text:nmiISR)
                  200104bc    00000078     drivers_cc32xx.a : GPIOCC32XX.oem4 (.text:GPIO_hwiIntFxn)
                  20010534    00000078                      : TimerCC32XX.oem4 (.text:TimerCC32XX_start)
                  200105ac    00000078                      : UARTCC32XX.oem4 (.text:readIsrBinaryCallback)
                  20010624    00000074                      : UARTCC32XX.oem4 (.text:UARTCC32XX_hwiIntFxn)
                  20010698    00000070     gpiointerrupt.obj (.text:TickFct_ButtonCheck)
                  20010708    00000070     rtsv7M4_T_le_eabi.lib : memory.c.obj (.text:split)
                  20010778    0000006e                           : _printfi.c.obj (.text:_mcpy)
                  200107e6    0000006a     drivers_cc32xx.a : I2CCC32XX.oem4 (.text:I2CSupport_primeTransfer)
                  20010850    00000068     rtsv7M4_T_le_eabi.lib : copy_decompress_lzss.c.obj (.text:decompress:lzss:__TI_decompress_lzss)
                  200108b8    00000066     drivers_cc32xx.a : UARTCC32XX.oem4 (.text:UARTCC32XX_writeCancel)
                  2001091e    00000002     rtsv7M4_T_le_eabi.lib : div0.asm.obj (.text)
                  20010920    00000064     drivers_cc32xx.a : PowerCC32XX.oem4 (.text:PowerCC32XX_setParkState)
                  20010984    00000062                      : UARTCC32XX.oem4 (.text:UARTCC32XX_writePolling)
                  200109e6    00000002     --HOLE-- [fill = 0]
                  200109e8    00000060     driverlib.a : prcm.obj (.text:PRCMSysResetCauseGet)
                  20010a48    0000005c     drivers_cc32xx.a : GPIOCC32XX.oem4 (.text:GPIO_setCallback)
                  20010aa4    0000005c     rtsv7M4_T_le_eabi.lib : s_frexp.c.obj (.text:frexp)
                  20010b00    0000005c     nortos_cc32xx.a : ClockPSysTick_nortos.oem4 (.text:sysTickInit)
                  20010b5c    00000058     drivers_cc32xx.a : GPIOCC32XX.oem4 (.text:GPIO_write)
                  20010bb4    00000058     driverlib.a : prcm.obj (.text:PRCMPeripheralReset)
                  20010c0c    00000058     drivers_cc32xx.a : PowerCC32XX.oem4 (.text:Power_releaseDependency)
                  20010c64    00000056                      : TimerCC32XX.oem4 (.text:TimerCC32XX_stop)
                  20010cba    00000056     rtsv7M4_T_le_eabi.lib : _printfi.c.obj (.text:_pconv_f)
                  20010d10    00000054                           : _ltoa.c.obj (.text:__TI_ltoa)
                  20010d64    00000054     drivers_cc32xx.a : UARTCC32XX.oem4 (.text:ringBufGet)
                  20010db8    00000052                      : PowerCC32XX_asm.oem4 (.text:PowerCC32XX_resumeLPDS)
                  20010e0a    00000052     rtsv7M4_T_le_eabi.lib : _printfi.c.obj (.text:_ecpy)
                  20010e5c    00000052     drivers_cc32xx.a : TimerCC32XX.oem4 (.text:initHw)
                  20010eae    00000002     --HOLE-- [fill = 0]
                  20010eb0    00000050     nortos_cc32xx.a : ClockPSysTick_nortos.oem4 (.text:ClockP_sysTickHandler)
                  20010f00    00000050                     : SemaphoreP_nortos.oem4 (.text:SemaphoreP_construct)
                  20010f50    00000050     drivers_cc32xx.a : TimerCC32XX.oem4 (.text:TimerCC32XX_allocateTimerResource)
                  20010fa0    00000050     gpiointerrupt.obj (.text:initTimer)
                  20010ff0    0000004c     drivers_cc32xx.a : GPIOCC32XX.oem4 (.text:GPIO_enableInt)
                  2001103c    0000004c                      : I2CCC32XX.oem4 (.text:I2CCC32XX_readRecieveFifo)
                  20011088    0000004c                      : PowerCC32XX.oem4 (.text:PowerCC32XX_parkPin)
                  200110d4    0000004c     rtsv7M4_T_le_eabi.lib : atoi.c.obj (.text:atoi)
                  20011120    0000004c     gpiointerrupt.obj (.text:initGPIO)
                  2001116c    0000004c     drivers_cc32xx.a : PowerCC32XX.oem4 (.text:restorePeriphClocks)
                  200111b8    0000004c     rtsv7M4_T_le_eabi.lib : snprintf.c.obj (.text:snprintf)
                  20011204    00000048     driverlib.a : flash.obj (.text:FlashDisable)
                  2001124c    00000048                 : prcm.obj (.text:PRCMLPDSEnter)
                  20011294    00000048                 : prcm.obj (.text:PRCMPeripheralClkEnable)
                  200112dc    00000048     drivers_cc32xx.a : PowerCC32XX.oem4 (.text:Power_releaseConstraint)
                  20011324    00000048     rtsv7M4_T_le_eabi.lib : fd_toi_t2.asm.obj (.text)
                  2001136c    00000046     drivers_cc32xx.a : RingBuf.oem4 (.text:RingBuf_put)
                  200113b2    00000046                      : TimerCC32XX.oem4 (.text:getPrescaler)
                  200113f8    00000044     nortos_cc32xx.a : ClockPSysTick_nortos.oem4 (.text:ClockP_stop)
                  2001143c    00000044     driverlib.a : prcm.obj (.text:PRCMLPDSRestoreInfoSet)
                  20011480    00000044     drivers_cc32xx.a : PowerCC32XX_asm.oem4 (.text:PowerCC32XX_enterLPDS)
                  200114c4    00000044     nortos_cc32xx.a : SemaphoreP_nortos.oem4 (.text:SemaphoreP_post)
                  20011508    00000044                     : SwiP_nortos.oem4 (.text:SwiP_restore)
                  2001154c    00000044     drivers_cc32xx.a : Timer.oem4 (.text:Timer_init)
                  20011590    00000044                      : UART.oem4 (.text:UART_init)
                  200115d4    00000044     rtsv7M4_T_le_eabi.lib : autoinit.c.obj (.text:__TI_auto_init_nobinit_nopinit:__TI_auto_init_nobinit_nopinit)
                  20011618    00000044     gpiointerrupt.obj (.text:initUART)
                  2001165c    00000040     nortos_cc32xx.a : ClockPSysTick_nortos.oem4 (.text:ClockP_construct)
                  2001169c    00000040     driverlib.a : pin.obj (.text:PinModeSet)
                  200116dc    00000040     drivers_cc32xx.a : RingBuf.oem4 (.text:RingBuf_get)
                  2001171c    00000040                      : Timer.oem4 (.text:Timer_open)
                  2001175c    00000040                      : UARTCC32XX.oem4 (.text:UARTCC32XX_read)
                  2001179c    00000040                      : UART.oem4 (.text:UART_open)
                  200117dc    0000003e     rtsv7M4_T_le_eabi.lib : _printfi.c.obj (.text:_fcpy)
                  2001181a    00000002     --HOLE-- [fill = 0]
                  2001181c    0000003c     nortos_cc32xx.a : ClockPSysTick_nortos.oem4 (.text:ClockP_destruct)
                  20011858    0000003c     drivers_cc32xx.a : PowerCC32XX.oem4 (.text:Power_setConstraint)
                  20011894    0000003a                      : TimerCC32XX.oem4 (.text:TimerCC32XX_close)
                  200118ce    0000003a     nortos_cc32xx.a : PowerCC32XX_nortos.oem4 (.text:getCountsRTC)
                  20011908    00000038     drivers_cc32xx.a : GPIOCC32XX.oem4 (.text:GPIO_read)
                  20011940    00000038     driverlib.a : prcm.obj (.text:PRCMLPDSEnterKeepDebugIf)
                  20011978    00000038     drivers_cc32xx.a : TimerCC32XX.oem4 (.text:TimerCC32XX_hwiIntFunction)
                  200119b0    00000038     nortos_cc32xx.a : ClockPSysTick_nortos.oem4 (.text:addToList)
                  200119e8    00000038                     : startup_cc32xx_ccs.oem4 (.text:initVectors)
                  20011a20    00000038     drivers_cc32xx.a : PowerCC32XX.oem4 (.text:notify)
                  20011a58    00000038     rtsv7M4_T_le_eabi.lib : fs_toi_t2.asm.obj (.text)
                  20011a90    00000038                           : i_tofs_t2.asm.obj (.text)
                  20011ac8    00000036     driverlib.a : timer.obj (.text:TimerControlStall)
                  20011afe    00000036     drivers_cc32xx.a : UARTCC32XX.oem4 (.text:UARTCC32XX_readCancel)
                  20011b34    00000034     nortos_cc32xx.a : ClockPSysTick_nortos.oem4 (.text:ClockP_getTicksUntilInterrupt)
                  20011b68    00000034                     : ClockPSysTick_nortos.oem4 (.text:ClockP_startup)
                  20011b9c    00000034     driverlib.a : pin.obj (.text:PinModeGet)
                  20011bd0    00000034     drivers_cc32xx.a : PowerCC32XX.oem4 (.text:PowerCC32XX_restoreParkState)
                  20011c04    00000034                      : TimerCC32XX.oem4 (.text:TimerCC32XX_freeTimerResource)
                  20011c38    00000034                      : TimerCC32XX.oem4 (.text:getPowerMgrId)
                  20011c6c    00000030     nortos_cc32xx.a : ClockPSysTick_nortos.oem4 (.text:ClockP_start)
                  20011c9c    00000030     drivers_cc32xx.a : PowerCC32XX.oem4 (.text:PowerCC32XX_restoreParkedPin)
                  20011ccc    00000030     rtsv7M4_T_le_eabi.lib : snprintf.c.obj (.text:_outs)
                  20011cfc    00000030     gpiointerrupt.obj (.text:gpioButtonFxn)
                  20011d2c    0000002e     rtsv7M4_T_le_eabi.lib : i_tofd_t2.asm.obj (.text)
                  20011d5a    00000002     --HOLE-- [fill = 0]
                  20011d5c    0000002c     drivers_cc32xx.a : PowerCC32XX.oem4 (.text:PowerCC32XX_getParkState)
                  20011d88    0000002c     gpiointerrupt.obj (.text:TickFct_TempCheck)
                  20011db4    0000002a     nortos_cc32xx.a : HwiPCC32XX_nortos.oem4 (.text:HwiP_create)
                  20011dde    0000002a     driverlib.a : timer.obj (.text:TimerLoadSet)
                  20011e08    0000002a                 : timer.obj (.text:TimerPrescaleSet)
                  20011e32    00000028                 : i2c.obj (.text:I2CFIFODataPutNonBlocking)
                  20011e5a    00000002     --HOLE-- [fill = 0]
                  20011e5c    00000028                 : prcm.obj (.text:PRCMPeripheralClkDisable)
                  20011e84    00000028     drivers_cc32xx.a : PowerCC32XX.oem4 (.text:Power_registerNotify)
                  20011eac    00000028     rtsv7M4_T_le_eabi.lib : memory.c.obj (.text:free_list_insert)
                  20011ed4    00000026     driverlib.a : i2c.obj (.text:I2CFIFODataGetNonBlocking)
                  20011efa    00000026     drivers_cc32xx.a : I2C.oem4 (.text:I2C_cancel)
                  20011f20    00000026                      : List.oem4 (.text:List_put)
                  20011f46    00000026                      : List.oem4 (.text:List_remove)
                  20011f6c    00000024     nortos_cc32xx.a : HwiPCC32XX_nortos.oem4 (.text:HwiP_dispatch)
                  20011f90    00000024     drivers_cc32xx.a : PowerCC32XX.oem4 (.text:PowerCC32XX_reset)
                  20011fb4    00000024     rtsv7M4_T_le_eabi.lib : boot_cortex_m.c.obj (.text:_c_int00_noargs:_c_int00_noargs)
                  20011fd8    00000022     driverlib.a : i2c.obj (.text:I2CMasterSlaveAddrSet)
                  20011ffa    00000020     nortos_cc32xx.a : HwiPCC32XX_nortos.oem4 (.text:HwiP_destruct)
                  2001201a    00000002     --HOLE-- [fill = 0]
                  2001201c    00000020     drivers_cc32xx.a : PowerCC32XX.oem4 (.text:Power_unregisterNotify)
                  2001203c    00000020                      : RingBuf.oem4 (.text:RingBuf_peek)
                  2001205c    00000020                      : UARTCC32XX.oem4 (.text:getPowerMgrId)
                  2001207c    0000001e     driverlib.a : i2c.obj (.text:I2CMasterIntStatusEx)
                  2001209a    0000001e     nortos_cc32xx.a : SemaphoreP_nortos.oem4 (.text:SemaphoreP_constructBinary)
                  200120b8    0000001e     driverlib.a : timer.obj (.text:TimerDisable)
                  200120d6    0000001e                 : timer.obj (.text:TimerEnable)
                  200120f4    0000001c                 : pin.obj (.text:PinToPadGet)
                  20012110    0000001c     nortos_cc32xx.a : SwiP_nortos.oem4 (.text:SwiP_disable)
                  2001212c    0000001c     rtsv7M4_T_le_eabi.lib : copy_zero_init.c.obj (.text:decompress:ZI:__TI_zero_init_nomemset:__TI_zero_init_nomemset)
                  20012148    0000001c                           : memory.c.obj (.text:free_list_remove)
                  20012164    0000001c                           : memccpy.c.obj (.text:memccpy)
                  20012180    0000001a     nortos_cc32xx.a : ClockPSysTick_nortos.oem4 (.text:ClockP_create)
                  2001219a    0000001a                     : SemaphoreP_nortos.oem4 (.text:SemaphoreP_createBinary)
                  200121b4    0000001a                     : startup_cc32xx_ccs.oem4 (.text:resetISR)
                  200121ce    00000018     driverlib.a : i2c.obj (.text:I2CMasterBusBusy)
                  200121e6    00000018                 : i2c.obj (.text:I2CMasterIntDisableEx)
                  200121fe    00000018                 : i2c.obj (.text:I2CMasterIntEnableEx)
                  20012216    00000018                 : i2c.obj (.text:I2CRxFIFOFlush)
                  2001222e    00000018                 : i2c.obj (.text:I2CTxFIFOFlush)
                  20012246    00000002     --HOLE-- [fill = 0]
                  20012248    00000018     drivers_cc32xx.a : PowerCC32XX.oem4 (.text:Power_getTransitionLatency)
                  20012260    00000018                      : PowerCC32XX.oem4 (.text:Power_idleFunc)
                  20012278    00000018                      : TimerCC32XX.oem4 (.text:TimerCC32XX_getCount)
                  20012290    00000018     driverlib.a : timer.obj (.text:TimerIntDisable)
                  200122a8    00000018                 : timer.obj (.text:TimerIntEnable)
                  200122c0    00000018                 : uart.obj (.text:UARTBusy)
                  200122d8    00000018                 : uart.obj (.text:UARTIntEnable)
                  200122f0    00000018     drivers_cc32xx.a : UART.oem4 (.text:UART_Params_init)
                  20012308    00000018     rtsv7M4_T_le_eabi.lib : snprintf.c.obj (.text:_outc)
                  20012320    00000018                           : ll_mul_t2.asm.obj (.text)
                  20012338    00000018     gpiointerrupt.obj (.text:timerCallback)
                  20012350    00000016     driverlib.a : i2c.obj (.text:I2CMasterBurstLengthSet)
                  20012366    00000016                 : prcm.obj (.text:PRCMHIBRegRead)
                  2001237c    00000016                 : prcm.obj (.text:PRCMHIBRegWrite)
                  20012392    00000016     nortos_cc32xx.a : SemaphoreP_nortos.oem4 (.text:SemaphoreP_create)
                  200123a8    00000016     rtsv7M4_T_le_eabi.lib : strchr.c.obj (.text:strchr)
                  200123be    00000014     driverlib.a : cpu.obj (.text:CPUcpsid)
                  200123d2    00000002     --HOLE-- [fill = 0]
                  200123d4    00000014     nortos_cc32xx.a : HwiPCC32XX_nortos.oem4 (.text:HwiP_inISR)
                  200123e8    00000014     drivers_cc32xx.a : I2CCC32XX.oem4 (.text:I2CSupport_masterFinish)
                  200123fc    00000014                      : I2C.oem4 (.text:I2C_transfer)
                  20012410    00000014     driverlib.a : interrupt.obj (.text:IntVTableBaseSet)
                  20012424    00000014     drivers_cc32xx.a : PowerCC32XX.oem4 (.text:Power_disablePolicy)
                  20012438    00000014                      : PowerCC32XX.oem4 (.text:Power_getDependencyCount)
                  2001244c    00000014                      : UARTCC32XX.oem4 (.text:releasePowerConstraint)
                  20012460    00000014     rtsv7M4_T_le_eabi.lib : strlen.c.obj (.text:strlen)
                  20012474    00000012     nortos_cc32xx.a : HwiPCC32XX_nortos.oem4 (.text:HwiP_Params_init)
                  20012486    00000012     driverlib.a : i2c.obj (.text:I2CMasterIntClearEx)
                  20012498    00000012     drivers_cc32xx.a : RingBuf.oem4 (.text:RingBuf_construct)
                  200124aa    00000012     driverlib.a : timer.obj (.text:TimerIntClear)
                  200124bc    00000012     main_nortos.obj (.text:main)
                  200124ce    00000012     rtsv7M4_T_le_eabi.lib : wcslen.c.obj (.text:wcslen)
                  200124e0    00000010     ti_drivers_config.obj (.text:Board_init)
                  200124f0    00000010     nortos_cc32xx.a : ClockPSysTick_nortos.oem4 (.text:ClockP_add)
                  20012500    00000010                     : ClockPSysTick_nortos.oem4 (.text:ClockP_delete)
                  20012510    00000010                     : ClockPSysTick_nortos.oem4 (.text:ClockP_getCpuFreq)
                  20012520    00000010                     : ClockPSysTick_nortos.oem4 (.text:ClockP_getSystemTicks)
                  20012530    00000010                     : ClockPSysTick_nortos.oem4 (.text:ClockP_setTicks)
                  20012540    00000010                     : HwiPCC32XX_nortos.oem4 (.text:HwiP_delete)
                  20012550    00000010                     : HwiPCC32XX_nortos.oem4 (.text:HwiP_restore)
                  20012560    00000010     driverlib.a : i2c.obj (.text:I2CFIFOStatus)
                  20012570    00000010     drivers_cc32xx.a : I2C.oem4 (.text:I2C_Params_init)
                  20012580    00000010                      : PowerCC32XX.oem4 (.text:Power_enablePolicy)
                  20012590    00000010     nortos_cc32xx.a : SemaphoreP_nortos.oem4 (.text:SemaphoreP_Params_init)
                  200125a0    00000010     drivers_cc32xx.a : Timer.oem4 (.text:Timer_Params_init)
                  200125b0    00000010                      : UARTCC32XX.oem4 (.text:readBlockingTimeout)
                  200125c0    0000000e     nortos_cc32xx.a : HwiPCC32XX_nortos.oem4 (.text:HwiP_clearInterrupt)
                  200125ce    0000000e                     : HwiPCC32XX_nortos.oem4 (.text:HwiP_disable)
                  200125dc    0000000e                     : HwiPCC32XX_nortos.oem4 (.text:HwiP_disableInterrupt)
                  200125ea    0000000e                     : HwiPCC32XX_nortos.oem4 (.text:HwiP_enable)
                  200125f8    0000000e                     : HwiPCC32XX_nortos.oem4 (.text:HwiP_enableInterrupt)
                  20012606    0000000e     drivers_cc32xx.a : I2CCC32XX.oem4 (.text:I2CCC32XX_updateReg)
                  20012614    0000000e                      : RingBuf.oem4 (.text:RingBuf_isFull)
                  20012622    0000000e     rtsv7M4_T_le_eabi.lib : copy_decompress_none.c.obj (.text:decompress:none:__TI_decompress_none)
                  20012630    0000000c     drivers_cc32xx.a : I2CCC32XX.oem4 (.text:I2CCC32XX_postNotify)
                  2001263c    0000000c                      : PowerCC32XX.oem4 (.text:Power_getConstraintMask)
                  20012648    0000000c     rtsv7M4_T_le_eabi.lib : s_copysign.c.obj (.text:copysign)
                  20012654    0000000c     drivers_cc32xx.a : TimerCC32XX.oem4 (.text:postNotifyFxn)
                  20012660    0000000c                      : UARTCC32XX.oem4 (.text:postNotifyFxn)
                  2001266c    0000000a     nortos_cc32xx.a : ClockPSysTick_nortos.oem4 (.text:ClockP_Params_init)
                  20012676    0000000a                     : ClockPSysTick_nortos.oem4 (.text:ClockP_isActive)
                  20012680    0000000a     driverlib.a : interrupt.obj (.text:IntMasterDisable)
                  2001268a    0000000a     drivers_cc32xx.a : Timer.oem4 (.text:Timer_start)
                  20012694    0000000a                      : UART.oem4 (.text:UART_write)
                  2001269e    00000008                      : I2CCC32XX.oem4 (.text:I2CCC32XX_blockingCallback)
                  200126a6    00000002     --HOLE-- [fill = 0]
                  200126a8    00000008     rtsv7M4_T_le_eabi.lib : errno.c.obj (.text:__aeabi_errno_addr)
                  200126b0    00000008                           : memory.c.obj (.text:malloc)
                  200126b8    00000008     drivers_cc32xx.a : UARTCC32XX.oem4 (.text:readSemCallback)
                  200126c0    00000008                      : UARTCC32XX.oem4 (.text:writeSemCallback)
                  200126c8    00000006                      : I2CCC32XX.oem4 (.text:I2CSupport_powerRelConstraint)
                  200126ce    00000006                      : I2CCC32XX.oem4 (.text:I2CSupport_powerSetConstraint)
                  200126d4    00000006                      : TimerCC32XX.oem4 (.text:TimerCC32XX_control)
                  200126da    00000006     driverlib.a : utils.obj (.text:UtilsDelay)
                  200126e0    00000004     nortos_cc32xx.a : ClockPSysTick_nortos.oem4 (.text:ClockP_setTimeout)
                  200126e4    00000004                     : HwiPCC32XX_nortos.oem4 (.text:HwiP_post)
                  200126e8    00000004                     : SemaphoreP_nortos.oem4 (.text:SemaphoreP_delete)
                  200126ec    00000004     rtsv7M4_T_le_eabi.lib : pre_init.c.obj (.text:_system_pre_init)
                  200126f0    00000004                           : exit.c.obj (.text:abort:abort)

.const     0    20012cc4    0000051a     
                  20012cc4    00000101     rtsv7M4_T_le_eabi.lib : ctype.c.obj (.const:.string:_ctypes_)
                  20012dc5    00000003     --HOLE-- [fill = 0]
                  20012dc8    00000100     driverlib.a : pin.obj (.const:g_ulPinToPadMap)
                  20012ec8    000000a8                 : prcm.obj (.const:PRCM_PeriphRegsList)
                  20012f70    00000044     ti_drivers_config.obj (.const:PowerCC32XX_config)
                  20012fb4    00000028     drivers_cc32xx.a : UARTCC32XX.oem4 (.const:UARTCC32XX_fxnTable)
                  20012fdc    00000024                      : UART.oem4 (.const:UART_defaultParams)
                  20013000    00000024     ti_drivers_config.obj (.const:uartCC32XXHWAttrs0)
                  20013024    00000021     drivers_cc32xx.a : GPIOCC32XX.oem4 (.const:.string:pinTable)
                  20013045    00000003     --HOLE-- [fill = 0]
                  20013048    00000020                      : TimerCC32XX.oem4 (.const:TimerCC32XX_fxnTable)
                  20013068    00000020                      : UARTCC32XX.oem4 (.const:staticFxnTable)
                  20013088    00000018     driverlib.a : interrupt.obj (.const:g_pulEnRegs)
                  200130a0    00000018                 : interrupt.obj (.const:g_pulPendRegs)
                  200130b8    00000018     gpiointerrupt.obj (.const:sensors)
                  200130d0    00000014     ti_drivers_config.obj (.const:GPIOCC32XX_config)
                  200130e4    00000014     drivers_cc32xx.a : GPIOCC32XX.oem4 (.const:gpioBaseAddresses)
                  200130f8    00000014     ti_drivers_config.obj (.const:i2cCC32XXHWAttrs)
                  2001310c    00000014     drivers_cc32xx.a : UARTCC32XX.oem4 (.const:parityType)
                  20013120    00000014                      : GPIOCC32XX.oem4 (.const:powerResources)
                  20013134    00000010                      : I2C.oem4 (.const:I2C_defaultParams)
                  20013144    00000010                      : I2CCC32XX.oem4 (.const:I2C_defaultParams)
                  20013154    00000010                      : UARTCC32XX.oem4 (.const:dataLength)
                  20013164    00000010     ti_drivers_config.obj (.const:timerCC32XXHWAttrs)
                  20013174    0000000c     gpiointerrupt.obj (.const:.string)
                  20013180    0000000c     ti_drivers_config.obj (.const:Timer_config)
                  2001318c    0000000c     ti_drivers_config.obj (.const:UART_config)
                  20013198    0000000c     drivers_cc32xx.a : Timer.oem4 (.const:defaultParams)
                  200131a4    00000009     ti_drivers_config.obj (.const)
                  200131ad    00000003     --HOLE-- [fill = 0]
                  200131b0    00000008     ti_drivers_config.obj (.const:I2C_config)
                  200131b8    00000008     drivers_cc32xx.a : GPIOCC32XX.oem4 (.const:outPinTypes)
                  200131c0    00000008                      : UARTCC32XX.oem4 (.const:stopBits)
                  200131c8    00000006                      : GPIOCC32XX.oem4 (.const:.string:interruptType)
                  200131ce    00000006                      : GPIOCC32XX.oem4 (.const:inPinTypes)
                  200131d4    00000006                      : GPIOCC32XX.oem4 (.const:outPinStrengths)
                  200131da    00000004                      : GPIOCC32XX.oem4 (.const:.string:portInterruptIds)

.cinit     0    200135b8    000000f0     
                  200135b8    000000cb     (.cinit..data.load) [load image, compression = lzss]
                  20013683    00000001     --HOLE-- [fill = 0]
                  20013684    0000000c     (__TI_handler_table)
                  20013690    00000008     (.cinit..bss.load) [load image, compression = zero_init]
                  20013698    00000010     (__TI_cinit_table)

.init_array 
*          0    20004000    00000000     UNINITIALIZED

.ramVecs   0    20000000    0000030c     NOLOAD SECTION
                  20000000    0000030c     nortos_cc32xx.a : startup_cc32xx_ccs.oem4 (.ramVecs)

.stack     0    20003000    00001000     UNINITIALIZED
                  20003000    00000004     rtsv7M4_T_le_eabi.lib : boot_cortex_m.c.obj (.stack)
                  20003004    00000ffc     --HOLE--

.resetVecs 
*          0    20004000    00000040     
                  20004000    00000040     nortos_cc32xx.a : startup_cc32xx_ccs.oem4 (.resetVecs:retain)

.sysmem    0    20004040    00008000     UNINITIALIZED
                  20004040    00000010     rtsv7M4_T_le_eabi.lib : memory.c.obj (.sysmem)
                  20004050    00007ff0     --HOLE--

.data      0    200126f4    000005d0     UNINITIALIZED
                  200126f4    0000030c     nortos_cc32xx.a : HwiPCC32XX_nortos.oem4 (.data:HwiP_dispatchTable)
                  20012a00    0000016c     drivers_cc32xx.a : PowerCC32XX.oem4 (.data:PowerCC32XX_module)
                  20012b6c    000000f8     ti_drivers_config.obj (.data:parkInfo)
                  20012c64    0000000d     gpiointerrupt.obj (.data)
                  20012c71    00000003     nortos_cc32xx.a : SemaphoreP_nortos.oem4 (.data)
                  20012c74    0000000c     ti_drivers_config.obj (.data:gpioCallbackFunctions)
                  20012c80    0000000c     ti_drivers_config.obj (.data:gpioPinConfigs)
                  20012c8c    00000009     drivers_cc32xx.a : GPIOCC32XX.oem4 (.data)
                  20012c95    00000001                      : Timer.oem4 (.data)
                  20012c96    00000001                      : UART.oem4 (.data)
                  20012c97    00000001     --HOLE--
                  20012c98    00000008     rtsv7M4_T_le_eabi.lib : _lock.c.obj (.data:$O1$$)
                  20012ca0    00000008                           : memory.c.obj (.data:$O1$$)
                  20012ca8    00000008     nortos_cc32xx.a : SemaphoreP_nortos.oem4 (.data:SemaphoreP_defaultParams)
                  20012cb0    00000008                     : HwiPCC32XX_nortos.oem4 (.data)
                  20012cb8    00000005                     : ClockPSysTick_nortos.oem4 (.data)
                  20012cbd    00000003     --HOLE--
                  20012cc0    00000004     rtsv7M4_T_le_eabi.lib : errno.c.obj (.data)

.bss       0    200131e0    000003d4     UNINITIALIZED
                  200131e0    0000012c     (.common:PowerCC32XX_contextSave)
                  2001330c    000000fc     (.common:i2cCC32XXObjects)
                  20013408    00000084     (.common:uartCC32XXObjects0)
                  2001348c    00000040     (.common:output)
                  200134cc    00000034     (.common:timerCC32XXObjects)
                  20013500    00000020     drivers_cc32xx.a : GPIOCC32XX.oem4 (.bss:gpioCallbackInfo)
                  20013520    00000020     ti_drivers_config.obj (.bss:uartCC32XXRingBuffer0)
                  20013540    00000020     (.common:i2cTransaction)
                  20013560    00000014     drivers_cc32xx.a : GPIOCC32XX.oem4 (.bss:powerNotifyObj)
                  20013574    00000004                      : GPIOCC32XX.oem4 (.bss)
                  20013578    00000010     (.common:ClockP_ctrl)
                  20013588    0000000d     nortos_cc32xx.a : SwiP_nortos.oem4 (.bss)
                  20013595    00000003     --HOLE--
                  20013598    00000004                     : ClockPSysTick_nortos.oem4 (.bss)
                  2001359c    00000004     drivers_cc32xx.a : TimerCC32XX.oem4 (.bss:timerState)
                  200135a0    00000004     (.common:i2c)
                  200135a4    00000004     (.common:rxBuffer)
                  200135a8    00000004     (.common:timer0)
                  200135ac    00000004     (.common:txBuffer)
                  200135b0    00000004     (.common:uart)

.log_data 
*          0    90000000    00000000     COPY SECTION

__llvm_prf_cnts 
*          0    20004000    00000000     UNINITIALIZED

MODULE SUMMARY

       Module                       code    ro data   rw data
       ------                       ----    -------   -------
    .\
       gpiointerrupt.obj            1712    36        129    
       main_nortos.obj              18      0         0      
    +--+----------------------------+-------+---------+---------+
       Total:                       1730    36        129    
                                                             
    .\syscfg\
       ti_drivers_config.obj        18      201       740    
    +--+----------------------------+-------+---------+---------+
       Total:                       18      201       740    
                                                             
    C:/ti/simplelink_cc32xx_sdk_4_30_00_06/kernel/nortos/lib/ccs/m4/nortos_cc32xx.a
       HwiPCC32XX_nortos.oem4       394     0         788    
       startup_cc32xx_ccs.oem4      90      64        780    
       ClockPSysTick_nortos.oem4    702     0         25     
       PowerCC32XX_nortos.oem4      472     0         0      
       SemaphoreP_nortos.oem4       408     0         11     
       SwiP_nortos.oem4             96      0         13     
    +--+----------------------------+-------+---------+---------+
       Total:                       2162    64        1617   
                                                             
    C:/ti/simplelink_cc32xx_sdk_4_30_00_06/source/ti/devices/cc32xx/driverlib/ccs/Release/driverlib.a
       prcm.obj                     1604    168       0      
       pin.obj                      280     256       0      
       interrupt.obj                334     48        0      
       i2c.obj                      318     0         0      
       timer.obj                    264     0         0      
       flash.obj                    72      0         0      
       uart.obj                     48      0         0      
       cpu.obj                      20      0         0      
       utils.obj                    6       0         0      
    +--+----------------------------+-------+---------+---------+
       Total:                       2946    472       0      
                                                             
    C:/ti/simplelink_cc32xx_sdk_4_30_00_06/source/ti/drivers/lib/ccs/m4/drivers_cc32xx.a
       UARTCC32XX.oem4              3466    116       0      
       PowerCC32XX.oem4             2432    0         664    
       I2CCC32XX.oem4               1452    16        0      
       GPIOCC32XX.oem4              1264    103       65     
       TimerCC32XX.oem4             1132    32        4      
       I2C.oem4                     366     16        0      
       UART.oem4                    166     36        1      
       RingBuf.oem4                 198     0         0      
       Timer.oem4                   158     12        1      
       PowerCC32XX_asm.oem4         150     0         0      
       List.oem4                    76      0         0      
    +--+----------------------------+-------+---------+---------+
       Total:                       10860   331       735    
                                                             
    C:\ti\ccs1260\ccs\tools\compiler\ti-cgt-arm_20.2.7.LTS\lib\rtsv7M4_T_le_eabi.lib
       _printfi.c.obj               4835    0         0      
       memory.c.obj                 672     0         8      
       fd_add_t2.asm.obj            438     0         0      
       fd_div_t2.asm.obj            310     0         0      
       fd_cmp_t2.asm.obj            268     0         0      
       ctype.c.obj                  0       257       0      
       fd_mul_t2.asm.obj            252     0         0      
       s_scalbn.c.obj               208     0         0      
       memcpy_t2.asm.obj            156     0         0      
       ull_div_t2.asm.obj           150     0         0      
       snprintf.c.obj               148     0         0      
       fs_mul_t2.asm.obj            122     0         0      
       memset_t2.asm.obj            122     0         0      
       copy_decompress_lzss.c.obj   104     0         0      
       s_frexp.c.obj                92      0         0      
       _ltoa.c.obj                  84      0         0      
       atoi.c.obj                   76      0         0      
       fd_toi_t2.asm.obj            72      0         0      
       autoinit.c.obj               68      0         0      
       fs_toi_t2.asm.obj            56      0         0      
       i_tofs_t2.asm.obj            56      0         0      
       i_tofd_t2.asm.obj            46      0         0      
       boot_cortex_m.c.obj          36      0         0      
       copy_zero_init.c.obj         28      0         0      
       memccpy.c.obj                28      0         0      
       ll_mul_t2.asm.obj            24      0         0      
       strchr.c.obj                 22      0         0      
       strlen.c.obj                 20      0         0      
       wcslen.c.obj                 18      0         0      
       copy_decompress_none.c.obj   14      0         0      
       errno.c.obj                  8       0         4      
       s_copysign.c.obj             12      0         0      
       _lock.c.obj                  2       0         8      
       exit.c.obj                   4       0         0      
       pre_init.c.obj               4       0         0      
       div0.asm.obj                 2       0         0      
    +--+----------------------------+-------+---------+---------+
       Total:                       8557    257       20     
                                                             
       Heap:                        0       0         32768  
       Stack:                       0       0         4096   
       Linker Generated:            0       239       0      
    +--+----------------------------+-------+---------+---------+
       Grand Total:                 26273   1600      40105  


LINKER GENERATED COPY TABLES

__TI_cinit_table @ 20013698 records: 2, size/record: 8, table size: 16
	.data: load addr=200135b8, load size=000000cb bytes, run addr=200126f4, run size=000005d0 bytes, compression=lzss
	.bss: load addr=20013690, load size=00000008 bytes, run addr=200131e0, run size=000003d4 bytes, compression=zero_init


LINKER GENERATED HANDLER TABLE

__TI_handler_table @ 20013684 records: 3, size/record: 4, table size: 12
	index: 0, handler: __TI_decompress_lzss
	index: 1, handler: __TI_decompress_none
	index: 2, handler: __TI_zero_init


GLOBAL SYMBOLS: SORTED ALPHABETICALLY BY Name 

address   name                             
-------   ----                             
200124e1  Board_init                       
2000ca8f  Board_initHook                   
200126f1  C$$EXIT                          
200131a4  CONFIG_GPIO_BUTTON_0_CONST       
200131a5  CONFIG_GPIO_BUTTON_1_CONST       
200131a6  CONFIG_GPIO_LED_0_CONST          
200131a7  CONFIG_I2C_0_CONST               
200131a9  CONFIG_TIMER_0_CONST             
200131ab  CONFIG_UART_0_CONST              
200123bf  CPUcpsid                         
2001266d  ClockP_Params_init               
200124f1  ClockP_add                       
2001165d  ClockP_construct                 
20012181  ClockP_create                    
20013578  ClockP_ctrl                      
20012501  ClockP_delete                    
2001181d  ClockP_destruct                  
20010eb1  ClockP_doTick                    
20012511  ClockP_getCpuFreq                
20012521  ClockP_getSystemTicks            
20011b35  ClockP_getTicksUntilInterrupt    
20012677  ClockP_isActive                  
20012531  ClockP_setTicks                  
200126e1  ClockP_setTimeout                
20011c6d  ClockP_start                     
20011b69  ClockP_startup                   
200113f9  ClockP_stop                      
20010eb1  ClockP_sysTickHandler            
20012cb8  ClockP_tickPeriod                
20011205  FlashDisable                     
200130d0  GPIOCC32XX_config                
20010ff1  GPIO_enableInt                   
200104bd  GPIO_hwiIntFxn                   
2000f01d  GPIO_init                        
20011909  GPIO_read                        
20010a49  GPIO_setCallback                 
2000d5fd  GPIO_setConfig                   
20010b5d  GPIO_write                       
20012475  HwiP_Params_init                 
200125c1  HwiP_clearInterrupt              
2000fe19  HwiP_construct                   
20011db5  HwiP_create                      
20012541  HwiP_delete                      
20011ffb  HwiP_destruct                    
200125cf  HwiP_disable                     
200125dd  HwiP_disableInterrupt            
20011f6d  HwiP_dispatch                    
200125eb  HwiP_enable                      
200125f9  HwiP_enableInterrupt             
200123d5  HwiP_inISR                       
20012cb0  HwiP_key                         
200126e5  HwiP_post                        
20012551  HwiP_restore                     
20012cb4  HwiP_swiPIntNum                  
20011ed5  I2CFIFODataGetNonBlocking        
20011e33  I2CFIFODataPutNonBlocking        
20012561  I2CFIFOStatus                    
20012351  I2CMasterBurstLengthSet          
200121cf  I2CMasterBusBusy                 
20012487  I2CMasterIntClearEx              
200121e7  I2CMasterIntDisableEx            
200121ff  I2CMasterIntEnableEx             
2001207d  I2CMasterIntStatusEx             
20011fd9  I2CMasterSlaveAddrSet            
20012217  I2CRxFIFOFlush                   
200123e9  I2CSupport_masterFinish          
200126c9  I2CSupport_powerRelConstraint    
200126cf  I2CSupport_powerSetConstraint    
200107e7  I2CSupport_primeTransfer         
2001222f  I2CTxFIFOFlush                   
20012571  I2C_Params_init                  
20011efb  I2C_cancel                       
200131b0  I2C_config                       
200131a8  I2C_count                        
20013134  I2C_defaultParams                
2000db63  I2C_init                         
2000e9e9  I2C_open                         
200123fd  I2C_transfer                     
2000e465  I2C_transferTimeout              
UNDEFED   ITM_flush                        
UNDEFED   ITM_restore                      
2000f7ed  IntEnable                        
20012681  IntMasterDisable                 
2000fea5  IntPendSet                       
20012411  IntVTableBaseSet                 
20011f21  List_put                         
20011f47  List_remove                      
200125eb  NoRTOS_start                     
2000ca91  PRCMCC3200MCUInit                
20012367  PRCMHIBRegRead                   
2001237d  PRCMHIBRegWrite                  
2001124d  PRCMLPDSEnter                    
20011941  PRCMLPDSEnterKeepDebugIf         
2001143d  PRCMLPDSRestoreInfoSet           
20011e5d  PRCMPeripheralClkDisable         
20011295  PRCMPeripheralClkEnable          
20010bb5  PRCMPeripheralReset              
200109e9  PRCMSysResetCauseGet             
2000ff2d  PinConfigSet                     
20011b9d  PinModeGet                       
2001169d  PinModeSet                       
200120f5  PinToPadGet                      
20012f70  PowerCC32XX_config               
2000f895  PowerCC32XX_configureWakeup      
200131e0  PowerCC32XX_contextSave          
20011481  PowerCC32XX_enterLPDS            
20011d5d  PowerCC32XX_getParkState         
2000e33b  PowerCC32XX_initPolicy           
20012a00  PowerCC32XX_module               
20011089  PowerCC32XX_parkPin              
20011f91  PowerCC32XX_reset                
20011bd1  PowerCC32XX_restoreParkState     
20011c9d  PowerCC32XX_restoreParkedPin     
20010db9  PowerCC32XX_resumeLPDS           
20010921  PowerCC32XX_setParkState         
2000db65  PowerCC32XX_sleepPolicy          
20012425  Power_disablePolicy              
20012581  Power_enablePolicy               
2001263d  Power_getConstraintMask          
20012439  Power_getDependencyCount         
20012249  Power_getTransitionLatency       
20012261  Power_idleFunc                   
20010149  Power_init                       
20011e85  Power_registerNotify             
200112dd  Power_releaseConstraint          
20010c0d  Power_releaseDependency          
20011859  Power_setConstraint              
20010251  Power_setDependency              
2000e0cd  Power_sleep                      
2001201d  Power_unregisterNotify           
20012499  RingBuf_construct                
200116dd  RingBuf_get                      
20012615  RingBuf_isFull                   
2001203d  RingBuf_peek                     
2001136d  RingBuf_put                      
20012591  SemaphoreP_Params_init           
20010f01  SemaphoreP_construct             
2001209b  SemaphoreP_constructBinary       
20012393  SemaphoreP_create                
2001219b  SemaphoreP_createBinary          
20012ca8  SemaphoreP_defaultParams         
200126e9  SemaphoreP_delete                
2000fa81  SemaphoreP_pend                  
200114c5  SemaphoreP_post                  
20012111  SwiP_disable                     
20011509  SwiP_restore                     
20010699  TickFct_ButtonCheck              
2000f3cd  TickFct_ServerUpdate             
20011d89  TickFct_TempCheck                
20010f51  TimerCC32XX_allocateTimerResource
20011895  TimerCC32XX_close                
200126d5  TimerCC32XX_control              
20011c05  TimerCC32XX_freeTimerResource    
20013048  TimerCC32XX_fxnTable             
20012279  TimerCC32XX_getCount             
2000e587  TimerCC32XX_init                 
2000e33d  TimerCC32XX_open                 
2000ffb5  TimerCC32XX_setPeriod            
20010535  TimerCC32XX_start                
20010c65  TimerCC32XX_stop                 
20011ac9  TimerControlStall                
200120b9  TimerDisable                     
200120d7  TimerEnable                      
20012c70  TimerFlag                        
200124ab  TimerIntClear                    
20012291  TimerIntDisable                  
200122a9  TimerIntEnable                   
20011ddf  TimerLoadSet                     
20011e09  TimerPrescaleSet                 
200125a1  Timer_Params_init                
20013180  Timer_config                     
200131aa  Timer_count                      
2001154d  Timer_init                       
2001171d  Timer_open                       
2001268b  Timer_start                      
200122c1  UARTBusy                         
2000e589  UARTCC32XX_close                 
2000ebe1  UARTCC32XX_control               
20012fb4  UARTCC32XX_fxnTable              
2000ecd3  UARTCC32XX_init                  
2000cebd  UARTCC32XX_open                  
2001175d  UARTCC32XX_read                  
20011aff  UARTCC32XX_readCancel            
2000f1a1  UARTCC32XX_readPolling           
2000ee89  UARTCC32XX_write                 
200108b9  UARTCC32XX_writeCancel           
20010985  UARTCC32XX_writePolling          
200122d9  UARTIntEnable                    
200122f1  UART_Params_init                 
2001318c  UART_config                      
200131ac  UART_count                       
20012fdc  UART_defaultParams               
20011591  UART_init                        
2001179d  UART_open                        
20012695  UART_write                       
200126db  UtilsDelay                       
20004000  __STACK_END                      
00001000  __STACK_SIZE                     
00008000  __SYSMEM_SIZE                    
20013698  __TI_CINIT_Base                  
200136a8  __TI_CINIT_Limit                 
20013684  __TI_Handler_Table_Base          
20013690  __TI_Handler_Table_Limit         
200115d5  __TI_auto_init_nobinit_nopinit   
20010851  __TI_decompress_lzss             
20012623  __TI_decompress_none             
20010d11  __TI_ltoa                        
ffffffff  __TI_pprof_out_hndl              
2000c041  __TI_printfi                     
ffffffff  __TI_prof_data_size              
ffffffff  __TI_prof_data_start             
200135b8  __TI_static_base__               
2001212d  __TI_zero_init_nomemset          
2001003d  __aeabi_cdcmpeq                  
2001003d  __aeabi_cdcmple                  
200100c3  __aeabi_cdrcmple                 
20011325  __aeabi_d2iz                     
2000d9b7  __aeabi_dadd                     
2000e205  __aeabi_ddiv                     
2000eae5  __aeabi_dmul                     
2000d9ad  __aeabi_dsub                     
200126a9  __aeabi_errno_addr               
20011a59  __aeabi_f2iz                     
200103c7  __aeabi_fmul                     
20011d2d  __aeabi_i2d                      
20011a91  __aeabi_i2f                      
2001091f  __aeabi_idiv0                    
2001091f  __aeabi_ldiv0                    
20012321  __aeabi_lmul                     
20010441  __aeabi_memclr                   
20010441  __aeabi_memclr4                  
20010441  __aeabi_memclr8                  
2000fbbd  __aeabi_memcpy                   
2000fbbd  __aeabi_memcpy4                  
2000fbbd  __aeabi_memcpy8                  
20010443  __aeabi_memset                   
20010443  __aeabi_memset4                  
20010443  __aeabi_memset8                  
2000fcf1  __aeabi_uldivmod                 
ffffffff  __binit__                        
ffffffff  __c_args__                       
UNDEFED   __mpu_init                       
20003000  __stack                          
20004000  __start___llvm_prf_cnts          
20004000  __stop___llvm_prf_cnts           
20011fb5  _c_int00_noargs                  
20012cc4  _ctypes_                         
20012c98  _lock                            
2000ef53  _nop                             
20004040  _sys_memory                      
UNDEFED   _system_post_cinit               
200126ed  _system_pre_init                 
20012c9c  _unlock                          
200126f1  abort                            
2000e8e9  aligned_alloc                    
200110d5  atoi                             
ffffffff  binit                            
2000f3cb  clkFxn                           
20012649  copysign                         
20012649  copysignl                        
20012c68  currentTemp                      
20012cc0  errno                            
2000ecd5  free                             
20010aa5  frexp                            
20010aa5  frexpl                           
20011cfd  gpioButtonFxn                    
20012c74  gpioCallbackFunctions            
20012c80  gpioPinConfigs                   
200135a0  i2c                              
200130f8  i2cCC32XXHWAttrs                 
2001330c  i2cCC32XXObjects                 
20013540  i2cTransaction                   
200131ce  inPinTypes                       
20011121  initGPIO                         
2000d3ad  initI2C                          
20010fa1  initTimer                        
20011619  initUART                         
200119e9  initVectors                      
2000edb9  ldexp                            
2000edb9  ldexpl                           
200124bd  main                             
2000ef55  mainThread                       
200126b1  malloc                           
2000e8e9  memalign                         
20012165  memccpy                          
2000fbbd  memcpy                           
20010449  memset                           
200131d4  outPinStrengths                  
200131b8  outPinTypes                      
2001348c  output                           
20012b6c  parkInfo                         
2000e7c9  readTemp                         
200121b5  resetISR                         
200121c8  resetVectorAddr                  
20004000  resetVectors                     
200135a4  rxBuffer                         
2000edb9  scalbn                           
2000edb9  scalbnl                          
20012c6c  secondsSinceReset                
20012c64  setpoint                         
200111b9  snprintf                         
200123a9  strchr                           
20012461  strlen                           
200135a8  timer0                           
20013164  timerCC32XXHWAttrs               
200134cc  timerCC32XXObjects               
20012339  timerCallback                    
200135ac  txBuffer                         
200135b0  uart                             
20013408  uartCC32XXObjects0               
200124cf  wcslen                           


GLOBAL SYMBOLS: SORTED BY Symbol Address 

address   name                             
-------   ----                             
00001000  __STACK_SIZE                     
00008000  __SYSMEM_SIZE                    
20003000  __stack                          
20004000  __STACK_END                      
20004000  __start___llvm_prf_cnts          
20004000  __stop___llvm_prf_cnts           
20004000  resetVectors                     
20004040  _sys_memory                      
2000c041  __TI_printfi                     
2000ca8f  Board_initHook                   
2000ca91  PRCMCC3200MCUInit                
2000cebd  UARTCC32XX_open                  
2000d3ad  initI2C                          
2000d5fd  GPIO_setConfig                   
2000d9ad  __aeabi_dsub                     
2000d9b7  __aeabi_dadd                     
2000db63  I2C_init                         
2000db65  PowerCC32XX_sleepPolicy          
2000e0cd  Power_sleep                      
2000e205  __aeabi_ddiv                     
2000e33b  PowerCC32XX_initPolicy           
2000e33d  TimerCC32XX_open                 
2000e465  I2C_transferTimeout              
2000e587  TimerCC32XX_init                 
2000e589  UARTCC32XX_close                 
2000e7c9  readTemp                         
2000e8e9  aligned_alloc                    
2000e8e9  memalign                         
2000e9e9  I2C_open                         
2000eae5  __aeabi_dmul                     
2000ebe1  UARTCC32XX_control               
2000ecd3  UARTCC32XX_init                  
2000ecd5  free                             
2000edb9  ldexp                            
2000edb9  ldexpl                           
2000edb9  scalbn                           
2000edb9  scalbnl                          
2000ee89  UARTCC32XX_write                 
2000ef53  _nop                             
2000ef55  mainThread                       
2000f01d  GPIO_init                        
2000f1a1  UARTCC32XX_readPolling           
2000f3cb  clkFxn                           
2000f3cd  TickFct_ServerUpdate             
2000f7ed  IntEnable                        
2000f895  PowerCC32XX_configureWakeup      
2000fa81  SemaphoreP_pend                  
2000fbbd  __aeabi_memcpy                   
2000fbbd  __aeabi_memcpy4                  
2000fbbd  __aeabi_memcpy8                  
2000fbbd  memcpy                           
2000fcf1  __aeabi_uldivmod                 
2000fe19  HwiP_construct                   
2000fea5  IntPendSet                       
2000ff2d  PinConfigSet                     
2000ffb5  TimerCC32XX_setPeriod            
2001003d  __aeabi_cdcmpeq                  
2001003d  __aeabi_cdcmple                  
200100c3  __aeabi_cdrcmple                 
20010149  Power_init                       
20010251  Power_setDependency              
200103c7  __aeabi_fmul                     
20010441  __aeabi_memclr                   
20010441  __aeabi_memclr4                  
20010441  __aeabi_memclr8                  
20010443  __aeabi_memset                   
20010443  __aeabi_memset4                  
20010443  __aeabi_memset8                  
20010449  memset                           
200104bd  GPIO_hwiIntFxn                   
20010535  TimerCC32XX_start                
20010699  TickFct_ButtonCheck              
200107e7  I2CSupport_primeTransfer         
20010851  __TI_decompress_lzss             
200108b9  UARTCC32XX_writeCancel           
2001091f  __aeabi_idiv0                    
2001091f  __aeabi_ldiv0                    
20010921  PowerCC32XX_setParkState         
20010985  UARTCC32XX_writePolling          
200109e9  PRCMSysResetCauseGet             
20010a49  GPIO_setCallback                 
20010aa5  frexp                            
20010aa5  frexpl                           
20010b5d  GPIO_write                       
20010bb5  PRCMPeripheralReset              
20010c0d  Power_releaseDependency          
20010c65  TimerCC32XX_stop                 
20010d11  __TI_ltoa                        
20010db9  PowerCC32XX_resumeLPDS           
20010eb1  ClockP_doTick                    
20010eb1  ClockP_sysTickHandler            
20010f01  SemaphoreP_construct             
20010f51  TimerCC32XX_allocateTimerResource
20010fa1  initTimer                        
20010ff1  GPIO_enableInt                   
20011089  PowerCC32XX_parkPin              
200110d5  atoi                             
20011121  initGPIO                         
200111b9  snprintf                         
20011205  FlashDisable                     
2001124d  PRCMLPDSEnter                    
20011295  PRCMPeripheralClkEnable          
200112dd  Power_releaseConstraint          
20011325  __aeabi_d2iz                     
2001136d  RingBuf_put                      
200113f9  ClockP_stop                      
2001143d  PRCMLPDSRestoreInfoSet           
20011481  PowerCC32XX_enterLPDS            
200114c5  SemaphoreP_post                  
20011509  SwiP_restore                     
2001154d  Timer_init                       
20011591  UART_init                        
200115d5  __TI_auto_init_nobinit_nopinit   
20011619  initUART                         
2001165d  ClockP_construct                 
2001169d  PinModeSet                       
200116dd  RingBuf_get                      
2001171d  Timer_open                       
2001175d  UARTCC32XX_read                  
2001179d  UART_open                        
2001181d  ClockP_destruct                  
20011859  Power_setConstraint              
20011895  TimerCC32XX_close                
20011909  GPIO_read                        
20011941  PRCMLPDSEnterKeepDebugIf         
200119e9  initVectors                      
20011a59  __aeabi_f2iz                     
20011a91  __aeabi_i2f                      
20011ac9  TimerControlStall                
20011aff  UARTCC32XX_readCancel            
20011b35  ClockP_getTicksUntilInterrupt    
20011b69  ClockP_startup                   
20011b9d  PinModeGet                       
20011bd1  PowerCC32XX_restoreParkState     
20011c05  TimerCC32XX_freeTimerResource    
20011c6d  ClockP_start                     
20011c9d  PowerCC32XX_restoreParkedPin     
20011cfd  gpioButtonFxn                    
20011d2d  __aeabi_i2d                      
20011d5d  PowerCC32XX_getParkState         
20011d89  TickFct_TempCheck                
20011db5  HwiP_create                      
20011ddf  TimerLoadSet                     
20011e09  TimerPrescaleSet                 
20011e33  I2CFIFODataPutNonBlocking        
20011e5d  PRCMPeripheralClkDisable         
20011e85  Power_registerNotify             
20011ed5  I2CFIFODataGetNonBlocking        
20011efb  I2C_cancel                       
20011f21  List_put                         
20011f47  List_remove                      
20011f6d  HwiP_dispatch                    
20011f91  PowerCC32XX_reset                
20011fb5  _c_int00_noargs                  
20011fd9  I2CMasterSlaveAddrSet            
20011ffb  HwiP_destruct                    
2001201d  Power_unregisterNotify           
2001203d  RingBuf_peek                     
2001207d  I2CMasterIntStatusEx             
2001209b  SemaphoreP_constructBinary       
200120b9  TimerDisable                     
200120d7  TimerEnable                      
200120f5  PinToPadGet                      
20012111  SwiP_disable                     
2001212d  __TI_zero_init_nomemset          
20012165  memccpy                          
20012181  ClockP_create                    
2001219b  SemaphoreP_createBinary          
200121b5  resetISR                         
200121c8  resetVectorAddr                  
200121cf  I2CMasterBusBusy                 
200121e7  I2CMasterIntDisableEx            
200121ff  I2CMasterIntEnableEx             
20012217  I2CRxFIFOFlush                   
2001222f  I2CTxFIFOFlush                   
20012249  Power_getTransitionLatency       
20012261  Power_idleFunc                   
20012279  TimerCC32XX_getCount             
20012291  TimerIntDisable                  
200122a9  TimerIntEnable                   
200122c1  UARTBusy                         
200122d9  UARTIntEnable                    
200122f1  UART_Params_init                 
20012321  __aeabi_lmul                     
20012339  timerCallback                    
20012351  I2CMasterBurstLengthSet          
20012367  PRCMHIBRegRead                   
2001237d  PRCMHIBRegWrite                  
20012393  SemaphoreP_create                
200123a9  strchr                           
200123bf  CPUcpsid                         
200123d5  HwiP_inISR                       
200123e9  I2CSupport_masterFinish          
200123fd  I2C_transfer                     
20012411  IntVTableBaseSet                 
20012425  Power_disablePolicy              
20012439  Power_getDependencyCount         
20012461  strlen                           
20012475  HwiP_Params_init                 
20012487  I2CMasterIntClearEx              
20012499  RingBuf_construct                
200124ab  TimerIntClear                    
200124bd  main                             
200124cf  wcslen                           
200124e1  Board_init                       
200124f1  ClockP_add                       
20012501  ClockP_delete                    
20012511  ClockP_getCpuFreq                
20012521  ClockP_getSystemTicks            
20012531  ClockP_setTicks                  
20012541  HwiP_delete                      
20012551  HwiP_restore                     
20012561  I2CFIFOStatus                    
20012571  I2C_Params_init                  
20012581  Power_enablePolicy               
20012591  SemaphoreP_Params_init           
200125a1  Timer_Params_init                
200125c1  HwiP_clearInterrupt              
200125cf  HwiP_disable                     
200125dd  HwiP_disableInterrupt            
200125eb  HwiP_enable                      
200125eb  NoRTOS_start                     
200125f9  HwiP_enableInterrupt             
20012615  RingBuf_isFull                   
20012623  __TI_decompress_none             
2001263d  Power_getConstraintMask          
20012649  copysign                         
20012649  copysignl                        
2001266d  ClockP_Params_init               
20012677  ClockP_isActive                  
20012681  IntMasterDisable                 
2001268b  Timer_start                      
20012695  UART_write                       
200126a9  __aeabi_errno_addr               
200126b1  malloc                           
200126c9  I2CSupport_powerRelConstraint    
200126cf  I2CSupport_powerSetConstraint    
200126d5  TimerCC32XX_control              
200126db  UtilsDelay                       
200126e1  ClockP_setTimeout                
200126e5  HwiP_post                        
200126e9  SemaphoreP_delete                
200126ed  _system_pre_init                 
200126f1  C$$EXIT                          
200126f1  abort                            
20012a00  PowerCC32XX_module               
20012b6c  parkInfo                         
20012c64  setpoint                         
20012c68  currentTemp                      
20012c6c  secondsSinceReset                
20012c70  TimerFlag                        
20012c74  gpioCallbackFunctions            
20012c80  gpioPinConfigs                   
20012c98  _lock                            
20012c9c  _unlock                          
20012ca8  SemaphoreP_defaultParams         
20012cb0  HwiP_key                         
20012cb4  HwiP_swiPIntNum                  
20012cb8  ClockP_tickPeriod                
20012cc0  errno                            
20012cc4  _ctypes_                         
20012f70  PowerCC32XX_config               
20012fb4  UARTCC32XX_fxnTable              
20012fdc  UART_defaultParams               
20013048  TimerCC32XX_fxnTable             
200130d0  GPIOCC32XX_config                
200130f8  i2cCC32XXHWAttrs                 
20013134  I2C_defaultParams                
20013164  timerCC32XXHWAttrs               
20013180  Timer_config                     
2001318c  UART_config                      
200131a4  CONFIG_GPIO_BUTTON_0_CONST       
200131a5  CONFIG_GPIO_BUTTON_1_CONST       
200131a6  CONFIG_GPIO_LED_0_CONST          
200131a7  CONFIG_I2C_0_CONST               
200131a8  I2C_count                        
200131a9  CONFIG_TIMER_0_CONST             
200131aa  Timer_count                      
200131ab  CONFIG_UART_0_CONST              
200131ac  UART_count                       
200131b0  I2C_config                       
200131b8  outPinTypes                      
200131ce  inPinTypes                       
200131d4  outPinStrengths                  
200131e0  PowerCC32XX_contextSave          
2001330c  i2cCC32XXObjects                 
20013408  uartCC32XXObjects0               
2001348c  output                           
200134cc  timerCC32XXObjects               
20013540  i2cTransaction                   
20013578  ClockP_ctrl                      
200135a0  i2c                              
200135a4  rxBuffer                         
200135a8  timer0                           
200135ac  txBuffer                         
200135b0  uart                             
200135b8  __TI_static_base__               
20013684  __TI_Handler_Table_Base          
20013690  __TI_Handler_Table_Limit         
20013698  __TI_CINIT_Base                  
200136a8  __TI_CINIT_Limit                 
ffffffff  __TI_pprof_out_hndl              
ffffffff  __TI_prof_data_size              
ffffffff  __TI_prof_data_start             
ffffffff  __binit__                        
ffffffff  __c_args__                       
ffffffff  binit                            
UNDEFED   ITM_flush                        
UNDEFED   ITM_restore                      
UNDEFED   __mpu_init                       
UNDEFED   _system_post_cinit               

[311 symbols]
